4-edge graphs: 4409
(0, 0, 0) (0, 0, 0, 0) ((0, 1), (0, 1), (1, 2), (2, 2)) aut=4 h1=2 #W=49 contrib=7107308607611/983224811520
(0, 0, 0) (0, 0, 0, 0) ((0, 1), (0, 2), (1, 1), (2, 2)) aut=8 h1=2 #W=49 contrib=2705647421/5733089280
(0, 0, 0) (0, 0, 0, 0) ((0, 1), (0, 2), (1, 2), (1, 2)) aut=4 h1=2 #W=49 contrib=3205245601535483/48178015764480
(0, 0, 0) (0, 0, 0, 0) ((0, 1), (1, 1), (1, 2), (2, 2)) aut=4 h1=2 #W=49 contrib=2359186087/1911029760
(0, 0, 0) (0, 0, 0, 0) ((0, 1), (1, 2), (1, 2), (1, 2)) aut=6 h1=2 #W=49 contrib=29151823106291/2949674434560
(0, 0, 0) (0, 0, 0, 0) ((0, 1), (1, 2), (1, 2), (2, 2)) aut=4 h1=2 #W=49 contrib=9542231997757/737418608640
(0, 0, 0) (0, 0, 0, 1) ((0, 0), (0, 1), (1, 2), (2, 2)) aut=4 h1=2 #W=49 contrib=2355760276979/1966449623040
(0, 0, 0) (0, 0, 0, 1) ((0, 0), (0, 2), (1, 2), (1, 2)) aut=4 h1=2 #W=49 contrib=680814720046931/96356031528960
(0, 0, 0) (0, 0, 0, 1) ((0, 1), (0, 1), (0, 2), (2, 2)) aut=4 h1=2 #W=49 contrib=9817861864411/1966449623040
(0, 0, 0) (0, 0, 0, 1) ((0, 1), (0, 1), (1, 2), (2, 2)) aut=4 h1=2 #W=49 contrib=134325489127/65548320768
(0, 0, 0) (0, 0, 0, 1) ((0, 1), (0, 2), (0, 2), (1, 2)) aut=2 h1=2 #W=49 contrib=11691425795208109/337246110351360
(0, 0, 0) (0, 0, 0, 1) ((0, 1), (0, 2), (1, 1), (2, 2)) aut=4 h1=2 #W=49 contrib=21684011555/56184274944
(0, 0, 0) (0, 0, 0, 1) ((0, 1), (0, 2), (1, 2), (1, 2)) aut=2 h1=2 #W=49 contrib=-532735036879393/337246110351360
(0, 0, 0) (0, 0, 0, 1) ((0, 1), (0, 2), (1, 2), (2, 2)) aut=2 h1=2 #W=49 contrib=99048452527309/20647721041920
(0, 0, 0) (0, 0, 0, 1) ((0, 1), (1, 1), (1, 2), (2, 2)) aut=4 h1=2 #W=49 contrib=-115313143241/1179869773824
(0, 0, 0) (0, 0, 0, 1) ((0, 1), (1, 2), (1, 2), (1, 2)) aut=6 h1=2 #W=49 contrib=-2468799412977161/144534047293440
(0, 0, 0) (0, 0, 0, 1) ((0, 1), (1, 2), (1, 2), (2, 2)) aut=4 h1=2 #W=49 contrib=4528199307007/9635603152896
(0, 0, 0) (0, 0, 0, 1) ((0, 1), (1, 2), (2, 2), (2, 2)) aut=8 h1=2 #W=49 contrib=991260818123/2949674434560
(0, 0, 0) (0, 0, 0, 1) ((0, 2), (0, 2), (1, 1), (1, 2)) aut=4 h1=2 #W=49 contrib=2506685231579/1505562992640
(0, 0, 0) (0, 0, 0, 1) ((0, 2), (0, 2), (1, 2), (1, 2)) aut=4 h1=2 #W=49 contrib=24099749532700733/1011738331054080
(0, 0, 0) (0, 0, 0, 1) ((0, 2), (1, 1), (1, 2), (1, 2)) aut=4 h1=2 #W=49 contrib=-151517367708191/72267023646720
(0, 0, 0) (0, 0, 0, 1) ((0, 2), (1, 1), (1, 2), (2, 2)) aut=4 h1=2 #W=49 contrib=2191378326437/20647721041920
(0, 0, 0) (0, 0, 0, 1) ((0, 2), (1, 2), (1, 2), (1, 2)) aut=6 h1=2 #W=49 contrib=437049745814047/36133511823360
(0, 0, 0) (0, 0, 0, 1) ((0, 2), (1, 2), (1, 2), (2, 2)) aut=4 h1=2 #W=49 contrib=-2582657488295/19271206305792
(0, 0, 0) (0, 0, 1, 0) ((0, 0), (0, 1), (1, 2), (2, 2)) aut=4 h1=2 #W=49 contrib=2355760276979/1966449623040
(0, 0, 0) (0, 0, 1, 0) ((0, 0), (0, 2), (1, 2), (1, 2)) aut=4 h1=2 #W=49 contrib=680814720046931/96356031528960
(0, 0, 0) (0, 0, 1, 0) ((0, 1), (0, 1), (0, 2), (2, 2)) aut=4 h1=2 #W=49 contrib=9817861864411/1966449623040
(0, 0, 0) (0, 0, 1, 0) ((0, 1), (0, 1), (1, 2), (2, 2)) aut=4 h1=2 #W=49 contrib=134325489127/65548320768
(0, 0, 0) (0, 0, 1, 0) ((0, 1), (0, 2), (0, 2), (1, 2)) aut=2 h1=2 #W=49 contrib=11691425795208109/337246110351360
(0, 0, 0) (0, 0, 1, 0) ((0, 1), (0, 2), (1, 1), (2, 2)) aut=4 h1=2 #W=49 contrib=21684011555/56184274944
(0, 0, 0) (0, 0, 1, 0) ((0, 1), (0, 2), (1, 2), (1, 2)) aut=2 h1=2 #W=49 contrib=-532735036879393/337246110351360
(0, 0, 0) (0, 0, 1, 0) ((0, 1), (0, 2), (1, 2), (2, 2)) aut=2 h1=2 #W=49 contrib=99048452527309/20647721041920
(0, 0, 0) (0, 0, 1, 0) ((0, 1), (1, 1), (1, 2), (2, 2)) aut=4 h1=2 #W=49 contrib=-115313143241/1179869773824
