q=(0, 0, 0, 0) k=[(7, 1)] fc=1 kc=117649/240 psi-int=1/1152 -> 40353607/276480
q=(0, 0, 0, 0) k=[(1, 1), (3, 2)] fc=1 kc=-823543/3110400 psi-int=4549/4032 -> -183568558243/1791590400
q=(0, 0, 0, 0) k=[(1, 2), (5, 1)] fc=1 kc=-117649/51840 psi-int=107/216 -> -4317835949/11197440
q=(0, 0, 0, 0) k=[(1, 4), (3, 1)] fc=1 kc=823543/179159040 psi-int=55051/216 -> 15550544932699/38698352640
q=(0, 0, 0, 0) k=[(1, 7)] fc=1 kc=-117649/25798901760 psi-int=676445/8 -> -5459399137423/41278242816
q=(0, 0, 0, 1) k=[(3, 2)] fc=97/84 kc=117649/259200 psi-int=95/384 -> 10624528243/238878720
q=(0, 0, 0, 1) k=[(1, 1), (5, 1)] fc=97/84 kc=16807/2160 psi-int=623/5760 -> 49767527033/149299200
q=(0, 0, 0, 1) k=[(1, 3), (3, 1)] fc=97/84 kc=-117649/3732480 psi-int=42241/960 -> -23620563026977/42998169600
q=(0, 0, 0, 1) k=[(1, 6)] fc=97/84 kc=117649/2149908480 psi-int=96635/8 -> 10807381965919/41278242816
q=(0, 0, 0, 2) k=[(5, 1)] fc=21505/14112 kc=-2401/180 psi-int=89/5760 -> -6433534723/59719680
q=(0, 0, 0, 2) k=[(1, 2), (3, 1)] fc=21505/14112 kc=16807/103680 psi-int=42241/8640 -> 21374298670109/51597803520
q=(0, 0, 0, 2) k=[(1, 5)] fc=21505/14112 kc=-16807/29859840 psi-int=8785/8 -> -4445283345965/13759414272
q=(0, 0, 0, 3) k=[(1, 1), (3, 1)] fc=18769109/17781120 kc=-2401/4320 psi-int=17761/40320 -> -114341843717507/1289945088000
q=(0, 0, 0, 3) k=[(1, 4)] fc=18769109/17781120 kc=2401/497664 psi-int=1190659/15120 -> 7665229733621033/55725627801600
q=(0, 0, 0, 4) k=[(3, 1)] fc=-8067571003/5974456320 kc=343/360 psi-int=95/2688 -> -1072986943399/68797071360
q=(0, 0, 0, 4) k=[(1, 3)] fc=-8067571003/5974456320 kc=-343/10368 psi-int=36863/7560 -> 2081764089185123/27862813900800
q=(0, 0, 0, 5) k=[(1, 2)] fc=622926439181/100370866176 kc=49/288 psi-int=263/945 -> 163829653504603/1625330810880
q=(0, 0, 0, 6) k=[(1, 1)] fc=81400291266474437/1264672913817600 kc=-7/12 psi-int=311/20160 -> -25315490583873549907/127425935572992000
q=(0, 0, 0, 7) k=[] fc=-168436978317149742667/743627673324748800 kc=1 psi-int=1/1152 -> -168436978317149742667/2497548337230643200
q=(0, 0, 1, 0) k=[(3, 2)] fc=97/84 kc=117649/259200 psi-int=95/384 -> 10624528243/238878720
q=(0, 0, 1, 0) k=[(1, 1), (5, 1)] fc=97/84 kc=16807/2160 psi-int=623/5760 -> 49767527033/149299200
q=(0, 0, 1, 0) k=[(1, 3), (3, 1)] fc=97/84 kc=-117649/3732480 psi-int=42241/960 -> -23620563026977/42998169600
q=(0, 0, 1, 0) k=[(1, 6)] fc=97/84 kc=117649/2149908480 psi-int=96635/8 -> 10807381965919/41278242816
q=(0, 0, 1, 1) k=[(5, 1)] fc=9409/7056 kc=-2401/180 psi-int=5/192 -> -158137063/995328
q=(0, 0, 1, 1) k=[(1, 2), (3, 1)] fc=9409/7056 kc=16807/103680 psi-int=8813/1080 -> 9755633553533/16124313600
q=(0, 0, 1, 1) k=[(1, 5)] fc=9409/7056 kc=-16807/29859840 psi-int=43925/24 -> -9724638689185/20639121408
q=(0, 0, 1, 2) k=[(1, 1), (3, 1)] fc=2085985/1185408 kc=-2401/4320 psi-int=8813/8640 -> -8827893943561/25798901760
q=(0, 0, 1, 2) k=[(1, 4)] fc=2085985/1185408 kc=2401/497664 psi-int=8785/48 -> 43999233118225/82556485632
q=(0, 0, 1, 3) k=[(3, 1)] fc=1820603573/1493614080 kc=343/360 psi-int=713/6720 -> 9086632432843/214990848000
q=(0, 0, 1, 3) k=[(1, 3)] fc=1820603573/1493614080 kc=-343/10368 psi-int=55199/3780 -> -703468476382189/3482851737600
q=(0, 0, 1, 4) k=[(1, 2)] fc=-782554387291/501854330880 kc=49/288 psi-int=4393/4320 -> -3437761423369363/37150418534400
q=(0, 0, 1, 5) k=[(1, 1)] fc=60423864600557/8431152758784 kc=-7/12 psi-int=149/2240 -> -9003155825482993/94389581905920
q=(0, 0, 1, 6) k=[] fc=7895828252848020389/106232524760678400 kc=1 psi-int=5/1152 -> 7895828252848020389/71358523920875520
q=(0, 0, 2, 0) k=[(5, 1)] fc=21505/14112 kc=-2401/180 psi-int=89/5760 -> -6433534723/59719680
q=(0, 0, 2, 0) k=[(1, 2), (3, 1)] fc=21505/14112 kc=16807/103680 psi-int=42241/8640 -> 21374298670109/51597803520
q=(0, 0, 2, 0) k=[(1, 5)] fc=21505/14112 kc=-16807/29859840 psi-int=8785/8 -> -4445283345965/13759414272
q=(0, 0, 2, 1) k=[(1, 1), (3, 1)] fc=2085985/1185408 kc=-2401/4320 psi-int=8813/8640 -> -8827893943561/25798901760
q=(0, 0, 2, 1) k=[(1, 4)] fc=2085985/1185408 kc=2401/497664 psi-int=8785/48 -> 43999233118225/82556485632
q=(0, 0, 2, 2) k=[(3, 1)] fc=462465025/199148544 kc=343/360 psi-int=1259/8640 -> 1141197194291/10319560704
q=(0, 0, 2, 2) k=[(1, 3)] fc=462465025/199148544 kc=-343/10368 psi-int=8785/432 -> -199075006986625/371504185344
q=(0, 0, 2, 3) k=[(1, 2)] fc=80725937809/50185433088 kc=49/288 psi-int=11047/6048 -> 891779434976023/5201058594816
q=(0, 0, 2, 4) k=[(1, 1)] fc=-34698622883903/16862305517568 kc=-7/12 psi-int=17599/120960 -> 610661064133808897/10194074845839360
q=(0, 0, 2, 5) k=[] fc=13396033074587405/1416433663475712 kc=1 psi-int=1/90 -> 2679206614917481/74331795750912
q=(0, 0, 3, 0) k=[(1, 1), (3, 1)] fc=18769109/17781120 kc=-2401/4320 psi-int=17761/40320 -> -114341843717507/1289945088000
q=(0, 0, 3, 0) k=[(1, 4)] fc=18769109/17781120 kc=2401/497664 psi-int=1190659/15120 -> 7665229733621033/55725627801600
q=(0, 0, 3, 1) k=[(3, 1)] fc=1820603573/1493614080 kc=343/360 psi-int=713/6720 -> 9086632432843/214990848000
q=(0, 0, 3, 1) k=[(1, 3)] fc=1820603573/1493614080 kc=-343/10368 psi-int=55199/3780 -> -703468476382189/3482851737600
q=(0, 0, 3, 2) k=[(1, 2)] fc=80725937809/50185433088 kc=49/288 psi-int=55199/30240 -> 4455991041118991/26005292974080
q=(0, 0, 3, 3) k=[(1, 1)] fc=352279452653881/316168228454400 kc=-7/12 psi-int=22811/120960 -> -8035846594487679491/191138903359488000
q=(0, 0, 3, 4) k=[] fc=-151421119520546327/106232524760678400 kc=1 psi-int=713/40320 -> -107963258218149531151/12487741686153216000
q=(0, 0, 4, 0) k=[(3, 1)] fc=-8067571003/5974456320 kc=343/360 psi-int=95/2688 -> -1072986943399/68797071360
q=(0, 0, 4, 0) k=[(1, 3)] fc=-8067571003/5974456320 kc=-343/10368 psi-int=36863/7560 -> 2081764089185123/27862813900800
q=(0, 0, 4, 1) k=[(1, 2)] fc=-782554387291/501854330880 kc=49/288 psi-int=4393/4320 -> -3437761423369363/37150418534400
q=(0, 0, 4, 2) k=[(1, 1)] fc=-34698622883903/16862305517568 kc=-7/12 psi-int=4393/30240 -> 152431050328985879/2548518711459840
q=(0, 0, 4, 3) k=[] fc=-151421119520546327/106232524760678400 kc=1 psi-int=89/5040 -> -13476479637328623103/1560967710769152000
q=(0, 0, 5, 0) k=[(1, 2)] fc=622926439181/100370866176 kc=49/288 psi-int=263/945 -> 163829653504603/1625330810880
q=(0, 0, 5, 1) k=[(1, 1)] fc=60423864600557/8431152758784 kc=-7/12 psi-int=149/2240 -> -9003155825482993/94389581905920
q=(0, 0, 5, 2) k=[] fc=13396033074587405/1416433663475712 kc=1 psi-int=149/13440 -> 399201785622704669/11100214832136192
q=(0, 0, 6, 0) k=[(1, 1)] fc=81400291266474437/1264672913817600 kc=-7/12 psi-int=311/20160 -> -25315490583873549907/127425935572992000
q=(0, 0, 6, 1) k=[] fc=7895828252848020389/106232524760678400 kc=1 psi-int=5/1152 -> 7895828252848020389/71358523920875520
q=(0, 0, 7, 0) k=[] fc=-168436978317149742667/743627673324748800 kc=1 psi-int=1/1152 -> -168436978317149742667/2497548337230643200
q=(0, 1, 0, 0) k=[(3, 2)] fc=157/84 kc=117649/259200 psi-int=95/384 -> 17196401383/238878720
q=(0, 1, 0, 0) k=[(1, 1), (5, 1)] fc=157/84 kc=16807/2160 psi-int=623/5760 -> 80551564373/149299200
q=(0, 1, 0, 0) k=[(1, 3), (3, 1)] fc=157/84 kc=-117649/3732480 psi-int=42241/960 -> -38231220569437/42998169600
q=(0, 1, 0, 0) k=[(1, 6)] fc=157/84 kc=117649/2149908480 psi-int=96635/8 -> 17492360501539/41278242816
q=(0, 1, 0, 1) k=[(5, 1)] fc=15229/7056 kc=-2401/180 psi-int=5/192 -> -255953803/995328
q=(0, 1, 0, 1) k=[(1, 2), (3, 1)] fc=15229/7056 kc=16807/103680 psi-int=8813/1080 -> 15790046060873/16124313600
q=(0, 1, 0, 1) k=[(1, 5)] fc=15229/7056 kc=-16807/29859840 psi-int=43925/24 -> -15739879115485/20639121408
q=(0, 1, 0, 2) k=[(1, 1), (3, 1)] fc=3376285/1185408 kc=-2401/4320 psi-int=8813/8640 -> -14288446898341/25798901760
q=(0, 1, 0, 2) k=[(1, 4)] fc=3376285/1185408 kc=2401/497664 psi-int=8785/48 -> 71215253603725/82556485632
q=(0, 1, 0, 3) k=[(3, 1)] fc=2946750113/1493614080 kc=343/360 psi-int=713/6720 -> 14707229813983/214990848000
q=(0, 1, 0, 3) k=[(1, 3)] fc=2946750113/1493614080 kc=-343/10368 psi-int=55199/3780 -> -1138603616412409/3482851737600
q=(0, 1, 0, 4) k=[(1, 2)] fc=-1266608647471/501854330880 kc=49/288 psi-int=4393/4320 -> -5564211788340103/37150418534400
q=(0, 1, 0, 5) k=[(1, 1)] fc=97799450951417/8431152758784 kc=-7/12 psi-int=149/2240 -> -14572118191761133/94389581905920
q=(0, 1, 0, 6) k=[] fc=12779845728836486609/106232524760678400 kc=1 psi-int=5/1152 -> 12779845728836486609/71358523920875520
q=(0, 1, 1, 0) k=[(5, 1)] fc=15229/7056 kc=-2401/180 psi-int=5/192 -> -255953803/995328
q=(0, 1, 1, 0) k=[(1, 2), (3, 1)] fc=15229/7056 kc=16807/103680 psi-int=8813/1080 -> 15790046060873/16124313600
q=(0, 1, 1, 0) k=[(1, 5)] fc=15229/7056 kc=-16807/29859840 psi-int=43925/24 -> -15739879115485/20639121408
q=(0, 1, 1, 1) k=[(1, 1), (3, 1)] fc=1477213/592704 kc=-2401/4320 psi-int=77/48 -> -273102707801/358318080
q=(0, 1, 1, 1) k=[(1, 4)] fc=1477213/592704 kc=2401/497664 psi-int=1757/6 -> 6231707241641/5159780352
q=(0, 1, 1, 2) k=[(3, 1)] fc=327499645/99574272 kc=343/360 psi-int=11/48 -> 35304461731/143327232
q=(0, 1, 1, 2) k=[(1, 3)] fc=327499645/99574272 kc=-343/10368 psi-int=1757/54 -> -28195426936985/23219011584
q=(0, 1, 1, 3) k=[(1, 2)] fc=285834760961/125463582720 kc=49/288 psi-int=4181/1440 -> 1195075135577941/3095868211200
q=(0, 1, 1, 4) k=[(1, 1)] fc=-122861038804687/42155763793920 kc=-7/12 psi-int=307/1344 -> 37718338913038909/283168745717760
q=(0, 1, 1, 5) k=[] fc=9486546742287449/708216831737856 kc=1 psi-int=5/288 -> 47432733711437245/594654366007296
q=(0, 1, 2, 0) k=[(1, 1), (3, 1)] fc=3376285/1185408 kc=-2401/4320 psi-int=8813/8640 -> -14288446898341/25798901760
q=(0, 1, 2, 0) k=[(1, 4)] fc=3376285/1185408 kc=2401/497664 psi-int=8785/48 -> 71215253603725/82556485632
q=(0, 1, 2, 1) k=[(3, 1)] fc=327499645/99574272 kc=343/360 psi-int=11/48 -> 35304461731/143327232
q=(0, 1, 2, 1) k=[(1, 3)] fc=327499645/99574272 kc=-343/10368 psi-int=1757/54 -> -28195426936985/23219011584
q=(0, 1, 2, 2) k=[(1, 2)] fc=72607008925/16728477696 kc=49/288 psi-int=1757/432 -> 127570514681225/123834728448
q=(0, 1, 2, 3) k=[(1, 1)] fc=12673972236013/4215576379392 kc=-7/12 psi-int=4187/10080 -> -53065921752186431/212376559288320
q=(0, 1, 2, 4) k=[] fc=-5447683792772771/1416433663475712 kc=1 psi-int=11/288 -> -59924521720500481/1189308732014592
q=(0, 1, 3, 0) k=[(3, 1)] fc=2946750113/1493614080 kc=343/360 psi-int=713/6720 -> 14707229813983/214990848000
q=(0, 1, 3, 0) k=[(1, 3)] fc=2946750113/1493614080 kc=-343/10368 psi-int=55199/3780 -> -1138603616412409/3482851737600
q=(0, 1, 3, 1) k=[(1, 2)] fc=285834760961/125463582720 kc=49/288 psi-int=4181/1440 -> 1195075135577941/3095868211200
q=(0, 1, 3, 2) k=[(1, 1)] fc=12673972236013/4215576379392 kc=-7/12 psi-int=4181/10080 -> -52989877918770353/212376559288320
q=(0, 1, 3, 3) k=[] fc=55307874066659317/26558131190169600 kc=1 psi-int=45/896 -> 55307874066659317/1541696504463360
q=(0, 1, 4, 0) k=[(1, 2)] fc=-1266608647471/501854330880 kc=49/288 psi-int=4393/4320 -> -5564211788340103/37150418534400
q=(0, 1, 4, 1) k=[(1, 1)] fc=-122861038804687/42155763793920 kc=-7/12 psi-int=307/1344 -> 37718338913038909/283168745717760
q=(0, 1, 4, 2) k=[] fc=-5447683792772771/1416433663475712 kc=1 psi-int=307/8064 -> -1672438924381240697/33300644496408576
q=(0, 1, 5, 0) k=[(1, 1)] fc=97799450951417/8431152758784 kc=-7/12 psi-int=149/2240 -> -14572118191761133/94389581905920
q=(0, 1, 5, 1) k=[] fc=9486546742287449/708216831737856 kc=1 psi-int=5/288 -> 47432733711437245/594654366007296
q=(0, 1, 6, 0) k=[] fc=12779845728836486609/106232524760678400 kc=1 psi-int=5/1152 -> 12779845728836486609/71358523920875520
q=(0, 2, 0, 0) k=[(5, 1)] fc=57913/14112 kc=-2401/180 psi-int=89/5760 -> -86627597399/298598400
q=(0, 2, 0, 0) k=[(1, 2), (3, 1)] fc=57913/14112 kc=16807/103680 psi-int=42241/8640 -> 287805105529417/257989017600
q=(0, 2, 0, 0) k=[(1, 5)] fc=57913/14112 kc=-16807/29859840 psi-int=8785/8 -> -11971155285509/13759414272
q=(0, 2, 0, 1) k=[(1, 1), (3, 1)] fc=5617561/1185408 kc=-2401/4320 psi-int=8813/8640 -> -118867663788293/128994508800
q=(0, 2, 0, 1) k=[(1, 4)] fc=5617561/1185408 kc=2401/497664 psi-int=8785/48 -> 118490006397385/82556485632
q=(0, 2, 0, 2) k=[(3, 1)] fc=1245419065/199148544 kc=343/360 psi-int=1259/8640 -> 15366229507783/51597803520
q=(0, 2, 0, 2) k=[(1, 3)] fc=1245419065/199148544 kc=-343/10368 psi-int=8785/432 -> -536109317815225/371504185344
q=(0, 2, 0, 3) k=[(1, 2)] fc=1086975409517/250927165440 kc=49/288 psi-int=11047/6048 -> 12007817348934299/26005292974080
q=(0, 2, 0, 4) k=[(1, 1)] fc=-467217239496739/84311527587840 kc=-7/12 psi-int=17599/120960 -> 8222556197903109661/50970374229196800
q=(0, 2, 0, 5) k=[] fc=36075538872289253/1416433663475712 kc=1 psi-int=1/90 -> 36075538872289253/371658978754560
q=(0, 2, 1, 0) k=[(1, 1), (3, 1)] fc=5617561/1185408 kc=-2401/4320 psi-int=8813/8640 -> -118867663788293/128994508800
q=(0, 2, 1, 0) k=[(1, 4)] fc=5617561/1185408 kc=2401/497664 psi-int=8785/48 -> 118490006397385/82556485632
q=(0, 2, 1, 1) k=[(3, 1)] fc=544903417/99574272 kc=343/360 psi-int=11/48 -> 293702941763/716636160
q=(0, 2, 1, 1) k=[(1, 3)] fc=544903417/99574272 kc=-343/10368 psi-int=1757/54 -> -46912369879781/23219011584
q=(0, 2, 1, 2) k=[(1, 2)] fc=120805649305/16728477696 kc=49/288 psi-int=1757/432 -> 212255525828885/123834728448
q=(0, 2, 1, 3) k=[(1, 1)] fc=105436614723149/21077881896960 kc=-7/12 psi-int=4187/10080 -> -441463105845824863/1061882796441600
q=(0, 2, 1, 4) k=[] fc=-45320072231183683/7082168317378560 kc=1 psi-int=11/288 -> -498520794543020513/5946543660072960
q=(0, 2, 2, 0) k=[(3, 1)] fc=1245419065/199148544 kc=343/360 psi-int=1259/8640 -> 15366229507783/51597803520
q=(0, 2, 2, 0) k=[(1, 3)] fc=1245419065/199148544 kc=-343/10368 psi-int=8785/432 -> -536109317815225/371504185344
q=(0, 2, 2, 1) k=[(1, 2)] fc=120805649305/16728477696 kc=49/288 psi-int=1757/432 -> 212255525828885/123834728448
q=(0, 2, 2, 2) k=[(1, 1)] fc=26782736992825/2810384252928 kc=-7/12 psi-int=251/432 -> -6722466985199075/6067901693952
q=(0, 2, 2, 3) k=[] fc=4675081236332617/708216831737856 kc=1 psi-int=599/8640 -> 2800373660563237583/17839630980218880
q=(0, 2, 3, 0) k=[(1, 2)] fc=1086975409517/250927165440 kc=49/288 psi-int=11047/6048 -> 12007817348934299/26005292974080
q=(0, 2, 3, 1) k=[(1, 1)] fc=105436614723149/21077881896960 kc=-7/12 psi-int=4187/10080 -> -441463105845824863/1061882796441600
q=(0, 2, 3, 2) k=[] fc=4675081236332617/708216831737856 kc=1 psi-int=4187/60480 -> 19574565136524667379/124877416861532160
q=(0, 2, 4, 0) k=[(1, 1)] fc=-467217239496739/84311527587840 kc=-7/12 psi-int=17599/120960 -> 8222556197903109661/50970374229196800
q=(0, 2, 4, 1) k=[] fc=-45320072231183683/7082168317378560 kc=1 psi-int=11/288 -> -498520794543020513/5946543660072960
q=(0, 2, 5, 0) k=[] fc=36075538872289253/1416433663475712 kc=1 psi-int=1/90 -> 36075538872289253/371658978754560
q=(0, 3, 0, 0) k=[(1, 1), (3, 1)] fc=149329049/17781120 kc=-2401/4320 psi-int=17761/40320 -> -909716001076127/1289945088000
q=(0, 3, 0, 0) k=[(1, 4)] fc=149329049/17781120 kc=2401/497664 psi-int=1190659/15120 -> 60985391820578813/55725627801600
q=(0, 3, 0, 1) k=[(3, 1)] fc=14484917753/1493614080 kc=343/360 psi-int=713/6720 -> 72294224505223/214990848000
q=(0, 3, 0, 1) k=[(1, 3)] fc=14484917753/1493614080 kc=-343/10368 psi-int=55199/3780 -> -5596870825334929/3482851737600
q=(0, 3, 0, 2) k=[(1, 2)] fc=642264239749/50185433088 kc=49/288 psi-int=55199/30240 -> 35452343769905051/26005292974080
q=(0, 3, 0, 3) k=[(1, 1)] fc=2802773197547341/316168228454400 kc=-7/12 psi-int=22811/120960 -> -63934059409252395551/191138903359488000
q=(0, 3, 0, 4) k=[] fc=-1204722705617966147/106232524760678400 kc=1 psi-int=713/40320 -> -858967289105609862811/12487741686153216000
q=(0, 3, 1, 0) k=[(3, 1)] fc=14484917753/1493614080 kc=343/360 psi-int=713/6720 -> 72294224505223/214990848000
q=(0, 3, 1, 0) k=[(1, 3)] fc=14484917753/1493614080 kc=-343/10368 psi-int=55199/3780 -> -5596870825334929/3482851737600
q=(0, 3, 1, 1) k=[(1, 2)] fc=1405037022041/125463582720 kc=49/288 psi-int=4181/1440 -> 5874459789153421/3095868211200
q=(0, 3, 1, 2) k=[(1, 1)] fc=62299631255653/4215576379392 kc=-7/12 psi-int=4181/10080 -> -260474758279885193/212376559288320
q=(0, 3, 1, 3) k=[] fc=271869000162092077/26558131190169600 kc=1 psi-int=45/896 -> 271869000162092077/1541696504463360
q=(0, 3, 2, 0) k=[(1, 2)] fc=642264239749/50185433088 kc=49/288 psi-int=55199/30240 -> 35452343769905051/26005292974080
q=(0, 3, 2, 1) k=[(1, 1)] fc=62299631255653/4215576379392 kc=-7/12 psi-int=4181/10080 -> -260474758279885193/212376559288320
q=(0, 3, 2, 2) k=[] fc=13811892475802245/708216831737856 kc=1 psi-int=4181/60480 -> 11549504488265837269/24975483372306432
q=(0, 3, 3, 0) k=[(1, 1)] fc=2802773197547341/316168228454400 kc=-7/12 psi-int=22811/120960 -> -63934059409252395551/191138903359488000
q=(0, 3, 3, 1) k=[] fc=271869000162092077/26558131190169600 kc=1 psi-int=45/896 -> 271869000162092077/1541696504463360
q=(0, 3, 4, 0) k=[] fc=-1204722705617966147/106232524760678400 kc=1 psi-int=713/40320 -> -858967289105609862811/12487741686153216000
q=(0, 4, 0, 0) k=[(3, 1)] fc=83706043637/5974456320 kc=343/360 psi-int=95/2688 -> 11132903803721/68797071360
q=(0, 4, 0, 0) k=[(1, 3)] fc=83706043637/5974456320 kc=-343/10368 psi-int=36863/7560 -> -21599591206135117/27862813900800
q=(0, 4, 0, 1) k=[(1, 2)] fc=8119486232789/501854330880 kc=49/288 psi-int=4393/4320 -> 35668903020642077/37150418534400
q=(0, 4, 0, 2) k=[(1, 1)] fc=360019693682737/16862305517568 kc=-7/12 psi-int=4393/30240 -> -1581566514348263641/2548518711459840
q=(0, 4, 0, 3) k=[] fc=1571087856981609433/106232524760678400 kc=1 psi-int=89/5040 -> 139826819271363239537/1560967710769152000
q=(0, 4, 1, 0) k=[(1, 2)] fc=8119486232789/501854330880 kc=49/288 psi-int=4393/4320 -> 35668903020642077/37150418534400
q=(0, 4, 1, 1) k=[(1, 1)] fc=787590164580533/42155763793920 kc=-7/12 psi-int=307/1344 -> -241790180526223631/283168745717760
q=(0, 4, 1, 2) k=[] fc=34921910287225489/1416433663475712 kc=1 psi-int=307/8064 -> 10721026458178225123/33300644496408576
q=(0, 4, 2, 0) k=[(1, 1)] fc=360019693682737/16862305517568 kc=-7/12 psi-int=4393/30240 -> -1581566514348263641/2548518711459840
q=(0, 4, 2, 1) k=[] fc=34921910287225489/1416433663475712 kc=1 psi-int=307/8064 -> 10721026458178225123/33300644496408576
q=(0, 4, 3, 0) k=[] fc=1571087856981609433/106232524760678400 kc=1 psi-int=89/5040 -> 139826819271363239537/1560967710769152000
q=(0, 5, 0, 0) k=[(1, 2)] fc=12736834166509/501854330880 kc=49/288 psi-int=263/945 -> 3349787385791867/8126654054400
q=(0, 5, 0, 1) k=[(1, 1)] fc=1235472914151373/42155763793920 kc=-7/12 psi-int=149/2240 -> -184085464208554577/471947909529600
q=(0, 5, 0, 2) k=[] fc=54781123750155209/1416433663475712 kc=1 psi-int=149/13440 -> 8162387438773126141/55501074160680960
q=(0, 5, 1, 0) k=[(1, 1)] fc=1235472914151373/42155763793920 kc=-7/12 psi-int=149/2240 -> -184085464208554577/471947909529600
q=(0, 5, 1, 1) k=[] fc=119840872672683181/3541084158689280 kc=1 psi-int=5/288 -> 119840872672683181/594654366007296
q=(0, 5, 2, 0) k=[] fc=54781123750155209/1416433663475712 kc=1 psi-int=149/13440 -> 8162387438773126141/55501074160680960
q=(0, 6, 0, 0) k=[(1, 1)] fc=153142287288350477/1264672913817600 kc=-7/12 psi-int=311/20160 -> -47627251346676998347/127425935572992000
q=(0, 6, 0, 1) k=[] fc=14854801866969996269/106232524760678400 kc=1 psi-int=5/1152 -> 14854801866969996269/71358523920875520
q=(0, 6, 1, 0) k=[] fc=14854801866969996269/106232524760678400 kc=1 psi-int=5/1152 -> 14854801866969996269/71358523920875520
q=(0, 7, 0, 0) k=[] fc=253982521570318611113/743627673324748800 kc=1 psi-int=1/1152 -> 253982521570318611113/2497548337230643200
q=(1, 0, 0, 0) k=[(3, 2)] fc=229/84 kc=117649/259200 psi-int=95/384 -> 25082649151/238878720
q=(1, 0, 0, 0) k=[(1, 1), (5, 1)] fc=229/84 kc=16807/2160 psi-int=623/5760 -> 117492409181/149299200
q=(1, 0, 0, 0) k=[(1, 3), (3, 1)] fc=229/84 kc=-117649/3732480 psi-int=42241/960 -> -55764009620389/42998169600
q=(1, 0, 0, 0) k=[(1, 6)] fc=229/84 kc=117649/2149908480 psi-int=96635/8 -> 25514334744283/41278242816
q=(1, 0, 0, 1) k=[(5, 1)] fc=22213/7056 kc=-2401/180 psi-int=5/192 -> -373333891/995328
q=(1, 0, 0, 1) k=[(1, 2), (3, 1)] fc=22213/7056 kc=16807/103680 psi-int=8813/1080 -> 23031341069681/16124313600
q=(1, 0, 0, 1) k=[(1, 5)] fc=22213/7056 kc=-16807/29859840 psi-int=43925/24 -> -22958167627045/20639121408
q=(1, 0, 0, 2) k=[(1, 1), (3, 1)] fc=4924645/1185408 kc=-2401/4320 psi-int=8813/8640 -> -20841110444077/25798901760
q=(1, 0, 0, 2) k=[(1, 4)] fc=4924645/1185408 kc=2401/497664 psi-int=8785/48 -> 103874478186325/82556485632
q=(1, 0, 0, 3) k=[(3, 1)] fc=4298125961/1493614080 kc=343/360 psi-int=713/6720 -> 21451946671351/214990848000
q=(1, 0, 0, 3) k=[(1, 3)] fc=4298125961/1493614080 kc=-343/10368 psi-int=55199/3780 -> -1660765784448673/3482851737600
q=(1, 0, 0, 4) k=[(1, 2)] fc=-1847473759687/501854330880 kc=49/288 psi-int=4393/4320 -> -8115952226304991/37150418534400
q=(1, 0, 0, 5) k=[(1, 1)] fc=142650154572449/8431152758784 kc=-7/12 psi-int=149/2240 -> -21254873031294901/94389581905920
q=(1, 0, 0, 6) k=[] fc=18640666700022646073/106232524760678400 kc=1 psi-int=5/1152 -> 18640666700022646073/71358523920875520
q=(1, 0, 1, 0) k=[(5, 1)] fc=22213/7056 kc=-2401/180 psi-int=5/192 -> -373333891/995328
q=(1, 0, 1, 0) k=[(1, 2), (3, 1)] fc=22213/7056 kc=16807/103680 psi-int=8813/1080 -> 23031341069681/16124313600
q=(1, 0, 1, 0) k=[(1, 5)] fc=22213/7056 kc=-16807/29859840 psi-int=43925/24 -> -22958167627045/20639121408
q=(1, 0, 1, 1) k=[(1, 1), (3, 1)] fc=2154661/592704 kc=-2401/4320 psi-int=77/48 -> -398347261697/358318080
q=(1, 0, 1, 1) k=[(1, 4)] fc=2154661/592704 kc=2401/497664 psi-int=1757/6 -> 9089560244177/5159780352
q=(1, 0, 1, 2) k=[(3, 1)] fc=477690565/99574272 kc=343/360 psi-int=11/48 -> 51495042907/143327232
q=(1, 0, 1, 2) k=[(1, 3)] fc=477690565/99574272 kc=-343/10368 psi-int=1757/54 -> -41125813812545/23219011584
q=(1, 0, 1, 3) k=[(1, 2)] fc=416918218217/125463582720 kc=49/288 psi-int=4181/1440 -> 1743135070365277/3095868211200
q=(1, 0, 1, 4) k=[(1, 1)] fc=-179204954689639/42155763793920 kc=-7/12 psi-int=307/1344 -> 55015921089719173/283168745717760
q=(1, 0, 1, 5) k=[] fc=13837064993527553/708216831737856 kc=1 psi-int=5/288 -> 69185324967637765/594654366007296
q=(1, 0, 2, 0) k=[(1, 1), (3, 1)] fc=4924645/1185408 kc=-2401/4320 psi-int=8813/8640 -> -20841110444077/25798901760
q=(1, 0, 2, 0) k=[(1, 4)] fc=4924645/1185408 kc=2401/497664 psi-int=8785/48 -> 103874478186325/82556485632
q=(1, 0, 2, 1) k=[(3, 1)] fc=477690565/99574272 kc=343/360 psi-int=11/48 -> 51495042907/143327232
q=(1, 0, 2, 1) k=[(1, 3)] fc=477690565/99574272 kc=-343/10368 psi-int=1757/54 -> -41125813812545/23219011584
q=(1, 0, 2, 2) k=[(1, 2)] fc=105904490725/16728477696 kc=49/288 psi-int=1757/432 -> 186074190203825/123834728448
q=(1, 0, 2, 3) k=[(1, 1)] fc=18486239758261/4215576379392 kc=-7/12 psi-int=4187/10080 -> -77401885867838807/212376559288320
q=(1, 0, 2, 4) k=[] fc=-7945984640413787/1416433663475712 kc=1 psi-int=11/288 -> -87405831044551657/1189308732014592
q=(1, 0, 3, 0) k=[(3, 1)] fc=4298125961/1493614080 kc=343/360 psi-int=713/6720 -> 21451946671351/214990848000
q=(1, 0, 3, 0) k=[(1, 3)] fc=4298125961/1493614080 kc=-343/10368 psi-int=55199/3780 -> -1660765784448673/3482851737600
q=(1, 0, 3, 1) k=[(1, 2)] fc=416918218217/125463582720 kc=49/288 psi-int=4181/1440 -> 1743135070365277/3095868211200
q=(1, 0, 3, 2) k=[(1, 1)] fc=18486239758261/4215576379392 kc=-7/12 psi-int=4181/10080 -> -77290968429289241/212376559288320
q=(1, 0, 3, 3) k=[] fc=80671994657738749/26558131190169600 kc=1 psi-int=45/896 -> 80671994657738749/1541696504463360
q=(1, 0, 4, 0) k=[(1, 2)] fc=-1847473759687/501854330880 kc=49/288 psi-int=4393/4320 -> -8115952226304991/37150418534400
q=(1, 0, 4, 1) k=[(1, 1)] fc=-179204954689639/42155763793920 kc=-7/12 psi-int=307/1344 -> 55015921089719173/283168745717760
q=(1, 0, 4, 2) k=[] fc=-7945984640413787/1416433663475712 kc=1 psi-int=307/8064 -> -2439417284607032609/33300644496408576
q=(1, 0, 5, 0) k=[(1, 1)] fc=142650154572449/8431152758784 kc=-7/12 psi-int=149/2240 -> -21254873031294901/94389581905920
q=(1, 0, 5, 1) k=[] fc=13837064993527553/708216831737856 kc=1 psi-int=5/288 -> 69185324967637765/594654366007296
q=(1, 0, 6, 0) k=[] fc=18640666700022646073/106232524760678400 kc=1 psi-int=5/1152 -> 18640666700022646073/71358523920875520
q=(1, 1, 0, 0) k=[(5, 1)] fc=35953/7056 kc=-2401/180 psi-int=5/192 -> -604262071/995328
q=(1, 1, 0, 0) k=[(1, 2), (3, 1)] fc=35953/7056 kc=16807/103680 psi-int=8813/1080 -> 37277531422061/16124313600
q=(1, 1, 0, 0) k=[(1, 5)] fc=35953/7056 kc=-16807/29859840 psi-int=43925/24 -> -37159096056145/20639121408
q=(1, 1, 0, 1) k=[(1, 1), (3, 1)] fc=3487441/592704 kc=-2401/4320 psi-int=77/48 -> -644747629757/358318080
q=(1, 1, 0, 1) k=[(1, 4)] fc=3487441/592704 kc=2401/497664 psi-int=1757/6 -> 14711968642637/5159780352
q=(1, 1, 0, 2) k=[(3, 1)] fc=773169265/99574272 kc=343/360 psi-int=11/48 -> 83347646767/143327232
q=(1, 1, 0, 2) k=[(1, 3)] fc=773169265/99574272 kc=-343/10368 psi-int=1757/54 -> -66564461531645/23219011584
q=(1, 1, 0, 3) k=[(1, 2)] fc=674805775877/125463582720 kc=49/288 psi-int=4181/1440 -> 2821362948941737/3095868211200
q=(1, 1, 0, 4) k=[(1, 1)] fc=-290053380270859/42155763793920 kc=-7/12 psi-int=307/1344 -> 89046387743153713/283168745717760
q=(1, 1, 0, 5) k=[] fc=22396074267874493/708216831737856 kc=1 psi-int=5/288 -> 111980371339372465/594654366007296
q=(1, 1, 1, 0) k=[(1, 1), (3, 1)] fc=3487441/592704 kc=-2401/4320 psi-int=77/48 -> -644747629757/358318080
q=(1, 1, 1, 0) k=[(1, 4)] fc=3487441/592704 kc=2401/497664 psi-int=1757/6 -> 14711968642637/5159780352
q=(1, 1, 1, 1) k=[(3, 1)] fc=338281777/49787136 kc=343/360 psi-int=5/16 -> 16575807073/23887872
q=(1, 1, 1, 1) k=[(1, 3)] fc=338281777/49787136 kc=-343/10368 psi-int=1757/36 -> -29123693027261/7739670528
q=(1, 1, 1, 2) k=[(1, 2)] fc=74997418705/8364238848 kc=49/288 psi-int=1757/288 -> 131770464664685/41278242816
q=(1, 1, 1, 3) k=[(1, 1)] fc=65456160260069/10538940948480 kc=-7/12 psi-int=101/168 -> -6611072186266969/8849023303680
q=(1, 1, 1, 4) k=[] fc=-28135177886273323/3541084158689280 kc=1 psi-int=5/96 -> -28135177886273323/198218122002432
q=(1, 1, 2, 0) k=[(3, 1)] fc=773169265/99574272 kc=343/360 psi-int=11/48 -> 83347646767/143327232
q=(1, 1, 2, 0) k=[(1, 3)] fc=773169265/99574272 kc=-343/10368 psi-int=1757/54 -> -66564461531645/23219011584
q=(1, 1, 2, 1) k=[(1, 2)] fc=74997418705/8364238848 kc=49/288 psi-int=1757/288 -> 131770464664685/41278242816
q=(1, 1, 2, 2) k=[(1, 1)] fc=16627005043825/1405192126464 kc=-7/12 psi-int=251/288 -> -4173378266000075/2022633897984
q=(1, 1, 2, 3) k=[] fc=2902339642046977/354108415868928 kc=1 psi-int=29/288 -> 84167849619362333/297327183003648
q=(1, 1, 3, 0) k=[(1, 2)] fc=674805775877/125463582720 kc=49/288 psi-int=4181/1440 -> 2821362948941737/3095868211200
q=(1, 1, 3, 1) k=[(1, 1)] fc=65456160260069/10538940948480 kc=-7/12 psi-int=101/168 -> -6611072186266969/8849023303680
q=(1, 1, 3, 2) k=[] fc=2902339642046977/354108415868928 kc=1 psi-int=101/1008 -> 293136303846744677/1040645140512768
q=(1, 1, 4, 0) k=[(1, 1)] fc=-290053380270859/42155763793920 kc=-7/12 psi-int=307/1344 -> 89046387743153713/283168745717760
q=(1, 1, 4, 1) k=[] fc=-28135177886273323/3541084158689280 kc=1 psi-int=5/96 -> -28135177886273323/198218122002432
q=(1, 1, 5, 0) k=[] fc=22396074267874493/708216831737856 kc=1 psi-int=5/288 -> 111980371339372465/594654366007296
q=(1, 2, 0, 0) k=[(1, 1), (3, 1)] fc=13262077/1185408 kc=-2401/4320 psi-int=8813/8640 -> -280625721727001/128994508800
q=(1, 2, 0, 0) k=[(1, 4)] fc=13262077/1185408 kc=2401/497664 psi-int=8785/48 -> 279734138814445/82556485632
q=(1, 2, 0, 1) k=[(3, 1)] fc=1286421469/99574272 kc=343/360 psi-int=11/48 -> 693381171791/716636160
q=(1, 2, 0, 1) k=[(1, 3)] fc=1286421469/99574272 kc=-343/10368 psi-int=1757/54 -> -110751883530617/23219011584
q=(1, 2, 0, 2) k=[(1, 2)] fc=285200965885/16728477696 kc=49/288 psi-int=1757/432 -> 501098097059945/123834728448
q=(1, 2, 0, 3) k=[(1, 1)] fc=248917368779393/21077881896960 kc=-7/12 psi-int=4187/10080 -> -1042217023079318491/1061882796441600
q=(1, 2, 0, 4) k=[] fc=-106992747844753231/7082168317378560 kc=1 psi-int=11/288 -> -1176920226292285541/5946543660072960
q=(1, 2, 1, 0) k=[(3, 1)] fc=1286421469/99574272 kc=343/360 psi-int=11/48 -> 693381171791/716636160
q=(1, 2, 1, 0) k=[(1, 3)] fc=1286421469/99574272 kc=-343/10368 psi-int=1757/54 -> -110751883530617/23219011584
q=(1, 2, 1, 1) k=[(1, 2)] fc=124782882493/8364238848 kc=49/288 psi-int=1757/288 -> 219243524540201/41278242816
q=(1, 2, 1, 2) k=[(1, 1)] fc=27664493690845/1405192126464 kc=-7/12 psi-int=251/288 -> -6943787916402095/2022633897984
q=(1, 2, 1, 3) k=[] fc=24144984771601121/1770542079344640 kc=1 psi-int=29/288 -> 700204558376432509/1486635915018240
q=(1, 2, 2, 0) k=[(1, 2)] fc=285200965885/16728477696 kc=49/288 psi-int=1757/432 -> 501098097059945/123834728448
q=(1, 2, 2, 1) k=[(1, 1)] fc=27664493690845/1405192126464 kc=-7/12 psi-int=251/288 -> -6943787916402095/2022633897984
q=(1, 2, 2, 2) k=[] fc=6133246771356925/236072277245952 kc=1 psi-int=251/1728 -> 1539444939610588175/1189308732014592
q=(1, 2, 3, 0) k=[(1, 1)] fc=248917368779393/21077881896960 kc=-7/12 psi-int=4187/10080 -> -1042217023079318491/1061882796441600
q=(1, 2, 3, 1) k=[] fc=24144984771601121/1770542079344640 kc=1 psi-int=29/288 -> 700204558376432509/1486635915018240
q=(1, 2, 4, 0) k=[] fc=-106992747844753231/7082168317378560 kc=1 psi-int=11/288 -> -1176920226292285541/5946543660072960
q=(1, 3, 0, 0) k=[(3, 1)] fc=34196352221/1493614080 kc=343/360 psi-int=713/6720 -> 170673993935011/214990848000
q=(1, 3, 0, 0) k=[(1, 3)] fc=34196352221/1493614080 kc=-343/10368 psi-int=55199/3780 -> -13213231123728853/3482851737600
q=(1, 3, 0, 1) k=[(1, 2)] fc=3317046165437/125463582720 kc=49/288 psi-int=4181/1440 -> 13868570017692097/3095868211200
q=(1, 3, 0, 2) k=[(1, 1)] fc=147078510902521/4215576379392 kc=-7/12 psi-int=4181/10080 -> -614935254083440301/212376559288320
q=(1, 3, 0, 3) k=[] fc=641835062238341089/26558131190169600 kc=1 psi-int=45/896 -> 641835062238341089/1541696504463360
q=(1, 3, 1, 0) k=[(1, 2)] fc=3317046165437/125463582720 kc=49/288 psi-int=4181/1440 -> 13868570017692097/3095868211200
q=(1, 3, 1, 1) k=[(1, 1)] fc=321753478047389/10538940948480 kc=-7/12 psi-int=101/168 -> -32497101282786289/8849023303680
q=(1, 3, 1, 2) k=[] fc=14266615557544537/354108415868928 kc=1 psi-int=101/1008 -> 1440928171311998237/1040645140512768
q=(1, 3, 2, 0) k=[(1, 1)] fc=147078510902521/4215576379392 kc=-7/12 psi-int=4181/10080 -> -614935254083440301/212376559288320
q=(1, 3, 2, 1) k=[] fc=14266615557544537/354108415868928 kc=1 psi-int=101/1008 -> 1440928171311998237/1040645140512768
q=(1, 3, 3, 0) k=[] fc=641835062238341089/26558131190169600 kc=1 psi-int=45/896 -> 641835062238341089/1541696504463360
q=(1, 4, 0, 0) k=[(1, 2)] fc=19168683992873/501854330880 kc=49/288 psi-int=4393/4320 -> 84208028780691089/37150418534400
q=(1, 4, 0, 1) k=[(1, 1)] fc=1859362347308681/42155763793920 kc=-7/12 psi-int=307/1344 -> -570824240623765067/283168745717760
q=(1, 4, 0, 2) k=[] fc=82444509853346773/1416433663475712 kc=1 psi-int=307/8064 -> 25310464524977459311/33300644496408576
q=(1, 4, 1, 0) k=[(1, 1)] fc=1859362347308681/42155763793920 kc=-7/12 psi-int=307/1344 -> -570824240623765067/283168745717760
q=(1, 4, 1, 1) k=[] fc=180358147688942057/3541084158689280 kc=1 psi-int=5/96 -> 180358147688942057/198218122002432
q=(1, 4, 2, 0) k=[] fc=82444509853346773/1416433663475712 kc=1 psi-int=307/8064 -> 25310464524977459311/33300644496408576
q=(1, 5, 0, 0) k=[(1, 1)] fc=2916735024130561/42155763793920 kc=-7/12 psi-int=149/2240 -> -434593518595453589/471947909529600
q=(1, 5, 0, 1) k=[] fc=282923297340664417/3541084158689280 kc=1 psi-int=5/288 -> 282923297340664417/594654366007296
q=(1, 5, 1, 0) k=[] fc=282923297340664417/3541084158689280 kc=1 psi-int=5/288 -> 282923297340664417/594654366007296
q=(1, 6, 0, 0) k=[] fc=35069583789032259233/106232524760678400 kc=1 psi-int=5/1152 -> 35069583789032259233/71358523920875520
q=(2, 0, 0, 0) k=[(5, 1)] fc=117961/14112 kc=-2401/180 psi-int=89/5760 -> -176448776903/298598400
q=(2, 0, 0, 0) k=[(1, 2), (3, 1)] fc=117961/14112 kc=16807/103680 psi-int=42241/8640 -> 586220331417049/257989017600
q=(2, 0, 0, 0) k=[(1, 5)] fc=117961/14112 kc=-16807/29859840 psi-int=8785/8 -> -24383634911573/13759414272
q=(2, 0, 0, 1) k=[(1, 1), (3, 1)] fc=11442217/1185408 kc=-2401/4320 psi-int=8813/8640 -> -242117460468821/128994508800
q=(2, 0, 0, 1) k=[(1, 4)] fc=11442217/1185408 kc=2401/497664 psi-int=8785/48 -> 241348223104345/82556485632
q=(2, 0, 0, 2) k=[(3, 1)] fc=2536751305/199148544 kc=343/360 psi-int=1259/8640 -> 31298944951351/51597803520
q=(2, 0, 0, 2) k=[(1, 3)] fc=2536751305/199148544 kc=-343/10368 psi-int=8785/432 -> -1091982650506825/371504185344
q=(2, 0, 0, 3) k=[(1, 2)] fc=2214022866749/250927165440 kc=49/288 psi-int=11047/6048 -> 24458310608976203/26005292974080
q=(2, 0, 0, 4) k=[(1, 1)] fc=-951658743084883/84311527587840 kc=-7/12 psi-int=17599/120960 -> 16748242219550855917/50970374229196800
q=(2, 0, 0, 5) k=[] fc=73481025692229941/1416433663475712 kc=1 psi-int=1/90 -> 73481025692229941/371658978754560
q=(2, 0, 1, 0) k=[(1, 1), (3, 1)] fc=11442217/1185408 kc=-2401/4320 psi-int=8813/8640 -> -242117460468821/128994508800
q=(2, 0, 1, 0) k=[(1, 4)] fc=11442217/1185408 kc=2401/497664 psi-int=8785/48 -> 241348223104345/82556485632
q=(2, 0, 1, 1) k=[(3, 1)] fc=1109895049/99574272 kc=343/360 psi-int=11/48 -> 598233431411/716636160
q=(2, 0, 1, 1) k=[(1, 3)] fc=1109895049/99574272 kc=-343/10368 psi-int=1757/54 -> -95554194453557/23219011584
q=(2, 0, 1, 2) k=[(1, 2)] fc=246064876585/16728477696 kc=49/288 psi-int=1757/432 -> 432335988159845/123834728448
q=(2, 0, 1, 3) k=[(1, 1)] fc=214760218074653/21077881896960 kc=-7/12 psi-int=4187/10080 -> -899201033078572111/1061882796441600
q=(2, 0, 1, 4) k=[] fc=-92310898079233651/7082168317378560 kc=1 psi-int=11/288 -> -1015419878871570161/5946543660072960
q=(2, 0, 2, 0) k=[(3, 1)] fc=2536751305/199148544 kc=343/360 psi-int=1259/8640 -> 31298944951351/51597803520
q=(2, 0, 2, 0) k=[(1, 3)] fc=2536751305/199148544 kc=-343/10368 psi-int=8785/432 -> -1091982650506825/371504185344
q=(2, 0, 2, 1) k=[(1, 2)] fc=246064876585/16728477696 kc=49/288 psi-int=1757/432 -> 432335988159845/123834728448
q=(2, 0, 2, 2) k=[(1, 1)] fc=54552836814025/2810384252928 kc=-7/12 psi-int=251/432 -> -13692762040320275/6067901693952
q=(2, 0, 2, 3) k=[] fc=9522512349887449/708216831737856 kc=1 psi-int=599/8640 -> 5703984897582581951/17839630980218880
q=(2, 0, 3, 0) k=[(1, 2)] fc=2214022866749/250927165440 kc=49/288 psi-int=11047/6048 -> 24458310608976203/26005292974080
q=(2, 0, 3, 1) k=[(1, 1)] fc=214760218074653/21077881896960 kc=-7/12 psi-int=4187/10080 -> -899201033078572111/1061882796441600
q=(2, 0, 3, 2) k=[] fc=9522512349887449/708216831737856 kc=1 psi-int=4187/60480 -> 39870759208978748963/124877416861532160
q=(2, 0, 4, 0) k=[(1, 1)] fc=-951658743084883/84311527587840 kc=-7/12 psi-int=17599/120960 -> 16748242219550855917/50970374229196800
q=(2, 0, 4, 1) k=[] fc=-92310898079233651/7082168317378560 kc=1 psi-int=11/288 -> -1015419878871570161/5946543660072960
q=(2, 0, 5, 0) k=[] fc=73481025692229941/1416433663475712 kc=1 psi-int=1/90 -> 73481025692229941/371658978754560
q=(2, 1, 0, 0) k=[(1, 1), (3, 1)] fc=18519877/1185408 kc=-2401/4320 psi-int=8813/8640 -> -391880838078401/128994508800
q=(2, 1, 0, 0) k=[(1, 4)] fc=18519877/1185408 kc=2401/497664 psi-int=8785/48 -> 390635783787445/82556485632
q=(2, 1, 0, 1) k=[(3, 1)] fc=1796428069/99574272 kc=343/360 psi-int=11/48 -> 968274729191/716636160
q=(2, 1, 0, 1) k=[(1, 3)] fc=1796428069/99574272 kc=-343/10368 psi-int=1757/54 -> -154659881744417/23219011584
q=(2, 1, 0, 2) k=[(1, 2)] fc=398269954885/16728477696 kc=49/288 psi-int=1757/432 -> 699760310732945/123834728448
q=(2, 1, 0, 3) k=[(1, 1)] fc=347601590079593/21077881896960 kc=-7/12 psi-int=4187/10080 -> -1455407857663255891/1061882796441600
q=(2, 1, 0, 4) k=[] fc=-149410422664326631/7082168317378560 kc=1 psi-int=11/288 -> -1643514649307592941/5946543660072960
q=(2, 1, 1, 0) k=[(3, 1)] fc=1796428069/99574272 kc=343/360 psi-int=11/48 -> 968274729191/716636160
q=(2, 1, 1, 0) k=[(1, 3)] fc=1796428069/99574272 kc=-343/10368 psi-int=1757/54 -> -154659881744417/23219011584
q=(2, 1, 1, 1) k=[(1, 2)] fc=174253522693/8364238848 kc=49/288 psi-int=1757/288 -> 306163439371601/41278242816
q=(2, 1, 1, 2) k=[(1, 1)] fc=38632185623845/1405192126464 kc=-7/12 psi-int=251/288 -> -9696678591585095/2022633897984
q=(2, 1, 1, 3) k=[] fc=33717354237720521/1770542079344640 kc=1 psi-int=29/288 -> 977803272893895109/1486635915018240
q=(2, 1, 2, 0) k=[(1, 2)] fc=398269954885/16728477696 kc=49/288 psi-int=1757/432 -> 699760310732945/123834728448
q=(2, 1, 2, 1) k=[(1, 1)] fc=38632185623845/1405192126464 kc=-7/12 psi-int=251/288 -> -9696678591585095/2022633897984
q=(2, 1, 2, 2) k=[] fc=8564795379801925/236072277245952 kc=1 psi-int=251/1728 -> 2149763640330283175/1189308732014592
q=(2, 1, 3, 0) k=[(1, 1)] fc=347601590079593/21077881896960 kc=-7/12 psi-int=4187/10080 -> -1455407857663255891/1061882796441600
q=(2, 1, 3, 1) k=[] fc=33717354237720521/1770542079344640 kc=1 psi-int=29/288 -> 977803272893895109/1486635915018240
q=(2, 1, 4, 0) k=[] fc=-149410422664326631/7082168317378560 kc=1 psi-int=11/288 -> -1643514649307592941/5946543660072960
q=(2, 2, 0, 0) k=[(3, 1)] fc=6831475393/199148544 kc=343/360 psi-int=1259/8640 -> 421440548469563/257989017600
q=(2, 2, 0, 0) k=[(1, 3)] fc=6831475393/199148544 kc=-343/10368 psi-int=8785/432 -> -2940711055047745/371504185344
q=(2, 2, 0, 1) k=[(1, 2)] fc=662653113121/16728477696 kc=49/288 psi-int=1757/432 -> 1164281519753597/123834728448
q=(2, 2, 0, 2) k=[(1, 1)] fc=146910878326465/2810384252928 kc=-7/12 psi-int=251/432 -> -36874630459942715/6067901693952
q=(2, 2, 0, 3) k=[] fc=128220706282034837/3541084158689280 kc=1 psi-int=599/8640 -> 76804203062938867363/89198154901094400
q=(2, 2, 1, 0) k=[(1, 2)] fc=662653113121/16728477696 kc=49/288 psi-int=1757/432 -> 1164281519753597/123834728448
q=(2, 2, 1, 1) k=[(1, 1)] fc=64277351972737/1405192126464 kc=-7/12 psi-int=251/288 -> -16133615345156987/2022633897984
q=(2, 2, 1, 2) k=[] fc=14250355197667105/236072277245952 kc=1 psi-int=251/1728 -> 3576839154614443355/1189308732014592
q=(2, 2, 2, 0) k=[(1, 1)] fc=146910878326465/2810384252928 kc=-7/12 psi-int=251/432 -> -36874630459942715/6067901693952
q=(2, 2, 2, 1) k=[] fc=14250355197667105/236072277245952 kc=1 psi-int=251/1728 -> 3576839154614443355/1189308732014592
q=(2, 2, 3, 0) k=[] fc=128220706282034837/3541084158689280 kc=1 psi-int=599/8640 -> 76804203062938867363/89198154901094400
q=(2, 3, 0, 0) k=[(1, 2)] fc=17615003949089/250927165440 kc=49/288 psi-int=11047/6048 -> 194592948625586183/26005292974080
q=(2, 3, 0, 1) k=[(1, 1)] fc=1708655383061633/21077881896960 kc=-7/12 psi-int=4187/10080 -> -7154140088879057371/1061882796441600
q=(2, 3, 0, 2) k=[] fc=75762131985031789/708216831737856 kc=1 psi-int=4187/60480 -> 317216046621328100543/124877416861532160
q=(2, 3, 1, 0) k=[(1, 1)] fc=1708655383061633/21077881896960 kc=-7/12 psi-int=4187/10080 -> -7154140088879057371/1061882796441600
q=(2, 3, 1, 1) k=[] fc=165739572156978401/1770542079344640 kc=1 psi-int=29/288 -> 4806447592552373629/1486635915018240
q=(2, 3, 2, 0) k=[] fc=75762131985031789/708216831737856 kc=1 psi-int=4187/60480 -> 317216046621328100543/124877416861532160
q=(2, 4, 0, 0) k=[(1, 1)] fc=9874048613464157/84311527587840 kc=-7/12 psi-int=17599/120960 -> -173773381548355699043/50970374229196800
q=(2, 4, 0, 1) k=[] fc=957782715506023229/7082168317378560 kc=1 psi-int=11/288 -> 10535609870566255519/5946543660072960
q=(2, 4, 1, 0) k=[] fc=957782715506023229/7082168317378560 kc=1 psi-int=11/288 -> 10535609870566255519/5946543660072960
q=(2, 5, 0, 0) k=[] fc=1502449695115568149/7082168317378560 kc=1 psi-int=1/90 -> 1502449695115568149/1858294893772800
q=(3, 0, 0, 0) k=[(1, 1), (3, 1)] fc=458676689/17781120 kc=-2401/4320 psi-int=17761/40320 -> -2794268938951847/1289945088000
q=(3, 0, 0, 0) k=[(1, 4)] fc=458676689/17781120 kc=2401/497664 psi-int=1190659/15120 -> 187321742051881493/55725627801600
q=(3, 0, 0, 1) k=[(3, 1)] fc=44491638833/1493614080 kc=343/360 psi-int=713/6720 -> 222057769415503/214990848000
q=(3, 0, 0, 1) k=[(1, 3)] fc=44491638833/1493614080 kc=-343/10368 psi-int=55199/3780 -> -17191257803599369/3482851737600
q=(3, 0, 0, 2) k=[(1, 2)] fc=1972768439389/50185433088 kc=49/288 psi-int=55199/30240 -> 108894845085833411/26005292974080
q=(3, 0, 0, 3) k=[(1, 1)] fc=8608952771600101/316168228454400 kc=-7/12 psi-int=22811/120960 -> -196378821672969903911/191138903359488000
q=(3, 0, 0, 4) k=[] fc=-3700406755928449067/106232524760678400 kc=1 psi-int=713/40320 -> -2638390016976984184771/12487741686153216000
q=(3, 0, 1, 0) k=[(3, 1)] fc=44491638833/1493614080 kc=343/360 psi-int=713/6720 -> 222057769415503/214990848000
q=(3, 0, 1, 0) k=[(1, 3)] fc=44491638833/1493614080 kc=-343/10368 psi-int=55199/3780 -> -17191257803599369/3482851737600
q=(3, 0, 1, 1) k=[(1, 2)] fc=4315688966801/125463582720 kc=49/288 psi-int=4181/1440 -> 18043895570194981/3095868211200
q=(3, 0, 1, 2) k=[(1, 1)] fc=191358538620733/4215576379392 kc=-7/12 psi-int=4181/10080 -> -800070049973284673/212376559288320
q=(3, 0, 1, 3) k=[] fc=835068418845209797/26558131190169600 kc=1 psi-int=45/896 -> 835068418845209797/1541696504463360
q=(3, 0, 2, 0) k=[(1, 2)] fc=1972768439389/50185433088 kc=49/288 psi-int=55199/30240 -> 108894845085833411/26005292974080
q=(3, 0, 2, 1) k=[(1, 1)] fc=191358538620733/4215576379392 kc=-7/12 psi-int=4181/10080 -> -800070049973284673/212376559288320
q=(3, 0, 2, 2) k=[] fc=42424385289060445/708216831737856 kc=1 psi-int=4181/60480 -> 35475270978712344109/24975483372306432
q=(3, 0, 3, 0) k=[(1, 1)] fc=8608952771600101/316168228454400 kc=-7/12 psi-int=22811/120960 -> -196378821672969903911/191138903359488000
q=(3, 0, 3, 1) k=[] fc=835068418845209797/26558131190169600 kc=1 psi-int=45/896 -> 835068418845209797/1541696504463360
q=(3, 0, 4, 0) k=[] fc=-3700406755928449067/106232524760678400 kc=1 psi-int=713/40320 -> -2638390016976984184771/12487741686153216000
q=(3, 1, 0, 0) k=[(3, 1)] fc=72012240173/1493614080 kc=343/360 psi-int=713/6720 -> 359413090703443/214990848000
q=(3, 1, 0, 0) k=[(1, 3)] fc=72012240173/1493614080 kc=-343/10368 psi-int=55199/3780 -> -27825025517165989/3482851737600
q=(3, 1, 0, 1) k=[(1, 2)] fc=6985187296781/125463582720 kc=49/288 psi-int=4181/1440 -> 29205068087841361/3095868211200
q=(3, 1, 0, 2) k=[(1, 1)] fc=309724644984073/4215576379392 kc=-7/12 psi-int=4181/10080 -> -1294958740678409213/212376559288320
q=(3, 1, 0, 3) k=[] fc=1351605585141215857/26558131190169600 kc=1 psi-int=45/896 -> 1351605585141215857/1541696504463360
q=(3, 1, 1, 0) k=[(1, 2)] fc=6985187296781/125463582720 kc=49/288 psi-int=4181/1440 -> 29205068087841361/3095868211200
q=(3, 1, 1, 1) k=[(1, 1)] fc=677563167787757/10538940948480 kc=-7/12 psi-int=101/168 -> -68433879946563457/8849023303680
q=(3, 1, 1, 2) k=[] fc=30043290563455081/354108415868928 kc=1 psi-int=101/1008 -> 3034372346908963181/1040645140512768
q=(3, 1, 2, 0) k=[(1, 1)] fc=309724644984073/4215576379392 kc=-7/12 psi-int=4181/10080 -> -1294958740678409213/212376559288320
q=(3, 1, 2, 1) k=[] fc=30043290563455081/354108415868928 kc=1 psi-int=101/1008 -> 3034372346908963181/1040645140512768
q=(3, 1, 3, 0) k=[] fc=1351605585141215857/26558131190169600 kc=1 psi-int=45/896 -> 1351605585141215857/1541696504463360
q=(3, 2, 0, 0) k=[(1, 2)] fc=26563343090057/250927165440 kc=49/288 psi-int=55199/30240 -> 1466269975228056343/130026464870400
q=(3, 2, 0, 1) k=[(1, 1)] fc=2576644279735529/21077881896960 kc=-7/12 psi-int=4181/10080 -> -10772949733574246749/1061882796441600
q=(3, 2, 0, 2) k=[] fc=114248938630335157/708216831737856 kc=1 psi-int=4181/60480 -> 477674812413431291417/124877416861532160
q=(3, 2, 1, 0) k=[(1, 1)] fc=2576644279735529/21077881896960 kc=-7/12 psi-int=4181/10080 -> -10772949733574246749/1061882796441600
q=(3, 2, 1, 1) k=[] fc=249934495134346313/1770542079344640 kc=1 psi-int=101/1008 -> 25243384008568977613/5203225702563840
q=(3, 2, 2, 0) k=[] fc=114248938630335157/708216831737856 kc=1 psi-int=4181/60480 -> 477674812413431291417/124877416861532160
q=(3, 3, 0, 0) k=[(1, 1)] fc=68493753766838761/316168228454400 kc=-7/12 psi-int=22811/120960 -> -1562411017175358977171/191138903359488000
q=(3, 3, 0, 1) k=[] fc=6643894115383359817/26558131190169600 kc=1 psi-int=45/896 -> 6643894115383359817/1541696504463360
q=(3, 3, 1, 0) k=[] fc=6643894115383359817/26558131190169600 kc=1 psi-int=45/896 -> 6643894115383359817/1541696504463360
q=(3, 4, 0, 0) k=[] fc=38394010944708677893/106232524760678400 kc=1 psi-int=713/40320 -> 27374929803577287337709/12487741686153216000
q=(4, 0, 0, 0) k=[(3, 1)] fc=453940039829/5974456320 kc=343/360 psi-int=95/2688 -> 60374025297257/68797071360
q=(4, 0, 0, 0) k=[(1, 3)] fc=453940039829/5974456320 kc=-343/10368 psi-int=36863/7560 -> -117135141817514989/27862813900800
q=(4, 0, 0, 1) k=[(1, 2)] fc=44032183863413/501854330880 kc=49/288 psi-int=4393/4320 -> 193433383711973309/37150418534400
q=(4, 0, 0, 2) k=[(1, 1)] fc=1952396111304529/16862305517568 kc=-7/12 psi-int=4393/30240 -> -8576876116960795897/2548518711459840
q=(4, 0, 0, 3) k=[] fc=8520050087014842361/106232524760678400 kc=1 psi-int=89/5040 -> 758284457744320970129/1560967710769152000
q=(4, 0, 1, 0) k=[(1, 2)] fc=44032183863413/501854330880 kc=49/288 psi-int=4393/4320 -> 193433383711973309/37150418534400
q=(4, 0, 1, 1) k=[(1, 1)] fc=4271121834751061/42155763793920 kc=-7/12 psi-int=307/1344 -> -1311234403268575727/283168745717760
q=(4, 0, 1, 2) k=[] fc=189382422796539313/1416433663475712 kc=1 psi-int=307/8064 -> 58140403798537569091/33300644496408576
q=(4, 0, 2, 0) k=[(1, 1)] fc=1952396111304529/16862305517568 kc=-7/12 psi-int=4393/30240 -> -8576876116960795897/2548518711459840
q=(4, 0, 2, 1) k=[] fc=189382422796539313/1416433663475712 kc=1 psi-int=307/8064 -> 58140403798537569091/33300644496408576
q=(4, 0, 3, 0) k=[] fc=8520050087014842361/106232524760678400 kc=1 psi-int=89/5040 -> 758284457744320970129/1560967710769152000
q=(4, 1, 0, 0) k=[(1, 2)] fc=71268586253153/501854330880 kc=49/288 psi-int=4393/4320 -> 313082899410101129/37150418534400
q=(4, 1, 0, 1) k=[(1, 1)] fc=6913052866555841/42155763793920 kc=-7/12 psi-int=307/1344 -> -2122307230032643187/283168745717760
q=(4, 1, 0, 2) k=[] fc=306526189474811053/1416433663475712 kc=1 psi-int=307/8064 -> 94103540168766993271/33300644496408576
q=(4, 1, 1, 0) k=[(1, 1)] fc=6913052866555841/42155763793920 kc=-7/12 psi-int=307/1344 -> -2122307230032643187/283168745717760
q=(4, 1, 1, 1) k=[] fc=670566128055916577/3541084158689280 kc=1 psi-int=5/96 -> 670566128055916577/198218122002432
q=(4, 1, 2, 0) k=[] fc=306526189474811053/1416433663475712 kc=1 psi-int=307/8064 -> 94103540168766993271/33300644496408576
q=(4, 2, 0, 0) k=[(1, 1)] fc=26289029526616877/84311527587840 kc=-7/12 psi-int=4393/30240 -> -115487706710427940661/12742593557299200
q=(4, 2, 0, 1) k=[] fc=2550035864081837069/7082168317378560 kc=1 psi-int=307/8064 -> 782861010273123980183/166503222482042880
q=(4, 2, 1, 0) k=[] fc=2550035864081837069/7082168317378560 kc=1 psi-int=307/8064 -> 782861010273123980183/166503222482042880
q=(4, 3, 0, 0) k=[] fc=67786434450686692621/106232524760678400 kc=1 psi-int=89/5040 -> 6032992666111115643269/1560967710769152000
q=(5, 0, 0, 0) k=[(1, 2)] fc=108760497328213/501854330880 kc=49/288 psi-int=263/945 -> 28604010797320019/8126654054400
q=(5, 0, 0, 1) k=[(1, 1)] fc=10549768240836661/42155763793920 kc=-7/12 psi-int=149/2240 -> -1571915467884662489/471947909529600
q=(5, 0, 0, 2) k=[] fc=467778899008644113/1416433663475712 kc=1 psi-int=149/13440 -> 69699055952287972837/55501074160680960
q=(5, 0, 1, 0) k=[(1, 1)] fc=10549768240836661/42155763793920 kc=-7/12 psi-int=149/2240 -> -1571915467884662489/471947909529600
q=(5, 0, 1, 1) k=[] fc=1023327519361156117/3541084158689280 kc=1 psi-int=5/288 -> 1023327519361156117/594654366007296
q=(5, 0, 2, 0) k=[] fc=467778899008644113/1416433663475712 kc=1 psi-int=149/13440 -> 69699055952287972837/55501074160680960
q=(5, 1, 0, 0) k=[(1, 1)] fc=17075398080529441/42155763793920 kc=-7/12 psi-int=149/2240 -> -2544234313998886709/471947909529600
q=(5, 1, 0, 1) k=[] fc=1656313613811355777/3541084158689280 kc=1 psi-int=5/288 -> 1656313613811355777/594654366007296
q=(5, 1, 1, 0) k=[] fc=1656313613811355777/3541084158689280 kc=1 psi-int=5/288 -> 1656313613811355777/594654366007296
q=(5, 2, 0, 0) k=[] fc=6298646681768799469/7082168317378560 kc=1 psi-int=149/13440 -> 938498355583551120881/277505370803404800
q=(6, 0, 0, 0) k=[(1, 1)] fc=865876162101326717/1264672913817600 kc=-7/12 psi-int=311/20160 -> -269287486413512608987/127425935572992000
q=(6, 0, 0, 1) k=[] fc=83989987723828691549/106232524760678400 kc=1 psi-int=5/1152 -> 83989987723828691549/71358523920875520
q=(6, 0, 1, 0) k=[] fc=83989987723828691549/106232524760678400 kc=1 psi-int=5/1152 -> 83989987723828691549/71358523920875520
q=(6, 1, 0, 0) k=[] fc=135942557449908294569/106232524760678400 kc=1 psi-int=5/1152 -> 135942557449908294569/71358523920875520
q=(7, 0, 0, 0) k=[] fc=1844995893229502335361/743627673324748800 kc=1 psi-int=1/1152 -> 1844995893229502335361/2497548337230643200
SMOOTH TOTAL (incl r^3=343) = 167228414124943768815823/6243870843076608000
