sep graphs: 17
sep I1=(0,) I2=(1, 2, 3) g=(1,1) w=3 contrib=-1829419422921681173/9250179026780160
sep I1=(0,) I2=(1, 2, 3) g=(2,0) w=3 contrib=408232142624654136977/6243870843076608000
sep I1=(0, 1) I2=(2, 3) g=(0,2) w=5 contrib=401344515565532286983/37463225058459648000
sep I1=(0, 1) I2=(2, 3) g=(1,1) w=5 contrib=1468423716332990723/6504032128204800
sep I1=(0, 1) I2=(2, 3) g=(2,0) w=5 contrib=-197012090147068450951/5351889294065664000
sep I1=(0, 2) I2=(1, 3) g=(0,2) w=4 contrib=-1087799138300300025373/37463225058459648000
sep I1=(0, 2) I2=(1, 3) g=(1,1) w=4 contrib=1563267227187297403/5203225702563840
sep I1=(0, 2) I2=(1, 3) g=(2,0) w=4 contrib=-700713323841349124773/37463225058459648000
sep I1=(0, 1, 2) I2=(3,) g=(0,2) w=6 contrib=180977797509736485691/6243870843076608000
sep I1=(0, 1, 2) I2=(3,) g=(1,1) w=6 contrib=-5323333695461805943/27750537080340480
sep I1=(0, 3) I2=(1, 2) g=(0,2) w=4 contrib=-1087799138300300025373/37463225058459648000
sep I1=(0, 3) I2=(1, 2) g=(1,1) w=4 contrib=1563267227187297403/5203225702563840
sep I1=(0, 3) I2=(1, 2) g=(2,0) w=4 contrib=-700713323841349124773/37463225058459648000
sep I1=(0, 1, 3) I2=(2,) g=(0,2) w=6 contrib=180977797509736485691/6243870843076608000
sep I1=(0, 1, 3) I2=(2,) g=(1,1) w=6 contrib=-5323333695461805943/27750537080340480
sep I1=(0, 2, 3) I2=(1,) g=(0,2) w=5 contrib=427092563755875722501/6243870843076608000
sep I1=(0, 2, 3) I2=(1,) g=(1,1) w=5 contrib=-232159673046917821/1027797669642240
nonsep w=0 contrib=-2832700607332526503/176980466073600
nonsep w=1 contrib=-16237206236020434331/8672042837606400
nonsep w=2 contrib=18435511492859884013/8672042837606400
nonsep w=3 contrib=106612432088814781/35396093214720
nonsep w=4 contrib=106612432088814781/35396093214720
nonsep w=5 contrib=18435511492859884013/8672042837606400
nonsep w=6 contrib=-16237206236020434331/8672042837606400
ONE-EDGE TOTAL = -58600299195394199145181/6243870843076608000
