pairwise bundle-agreement cap = 3, min agreement = 8
folded distance >= 13, folded Johnson radius = 0.5670
L= 1: need    -2.00 <=     0.00 -> possible
L= 2: need     0.00 <=     3.00 -> possible
L= 3: need     6.00 <=     9.00 -> possible
L= 4: need    16.00 <=    18.00 -> possible
L= 5: need    30.00 <=    30.00 -> possible
L= 6: need    48.00 <=    45.00 -> EXCLUDED
L= 7: need    70.00 <=    63.00 -> EXCLUDED
L= 8: need    96.00 <=    84.00 -> EXCLUDED
L= 9: need   126.00 <=   108.00 -> EXCLUDED
L=10: need   160.00 <=   135.00 -> EXCLUDED
L=11: need   198.00 <=   165.00 -> EXCLUDED
L=12: need   240.00 <=   198.00 -> EXCLUDED
L=13: need   286.00 <=   234.00 -> EXCLUDED
L=14: need   336.00 <=   273.00 -> EXCLUDED
L=15: need   390.00 <=   315.00 -> EXCLUDED
L=16: need   448.00 <=   360.00 -> EXCLUDED
RESULT: L>=6 impossible by counting ==> L<=5 (hence L<=16 holds trivially).
NOTE: textbook Johnson corollary; carries no originality.
