GAP version: 4.12.1
SmallGrp version: 1.5.3
SmallGrp path: /srv/scope-research/rounds/2026-09-07-first-light-01/workspaces/research/lane-18/tmp-gap-root/usr/share/gap/pkg/SmallGrp
Timestamp start: 496884685696:12:19.000
NumberSmallGroups(96) = 231
1: s=14 k=48 ab=false C3 : C32
2: s=12 k=96 ab=true C96
3: s=91 k=12 ab=false ((C4 x C2) : C4) : C3
4: s=46 k=48 ab=false C16 x S3
5: s=46 k=36 ab=false C3 : (C16 : C2)
6: s=134 k=27 ab=false D96
7: s=102 k=27 ab=false C3 : QD32
8: s=70 k=27 ab=false C3 : Q32
9: s=58 k=48 ab=false C4 x (C3 : C8)
10: s=58 k=36 ab=false C3 : (C8 : C4)
11: s=58 k=36 ab=false C3 : (C4 : C8)
12: s=106 k=30 ab=false C3 : ((C4 x C4) : C2)
13: s=154 k=21 ab=false C3 : ((C2 x C2 x C2) : C4)
14: s=74 k=24 ab=false C3 : (C8 : C4)
15: s=74 k=24 ab=false C3 : (C8 : C4)
16: s=154 k=24 ab=false C3 : ((C8 x C2) : C2)
17: s=90 k=24 ab=false C3 : (Q8 : C4)
18: s=34 k=48 ab=false C2 x (C3 : C16)
19: s=34 k=36 ab=false C3 : (C16 : C2)
20: s=66 k=48 ab=false C8 x (C3 : C4)
21: s=66 k=36 ab=false C3 : (C4 : C8)
22: s=66 k=36 ab=false C3 : (C8 : C4)
23: s=98 k=30 ab=false C3 : (Q8 : C4)
24: s=82 k=30 ab=false C3 : (C8 : C4)
25: s=82 k=30 ab=false C3 : (C8 : C4)
26: s=50 k=30 ab=false C3 : (C4 . D8 = C4 . (C4 x C2))
27: s=114 k=36 ab=false C3 : ((C8 x C2) : C2)
28: s=162 k=30 ab=false C3 : ((C8 x C2) : C2)
29: s=50 k=24 ab=false C3 : (C4 . D8 = C4 . (C4 x C2))
30: s=146 k=21 ab=false C3 : ((C8 : C2) : C2)
31: s=82 k=21 ab=false C3 : (C2 . ((C4 x C2) : C2) = (C2 x C2) . (C4 x C2))
32: s=114 k=24 ab=false C3 : ((C4 x C4) : C2)
33: s=106 k=18 ab=false C3 : D32
34: s=74 k=18 ab=false C3 : QD32
35: s=90 k=18 ab=false C3 : QD32
36: s=58 k=18 ab=false C3 : Q32
37: s=82 k=36 ab=false C3 : ((C8 x C2) : C2)
38: s=146 k=36 ab=false C3 : ((C4 x C2) : C4)
39: s=114 k=24 ab=false C3 : ((C8 x C2) : C2)
40: s=98 k=21 ab=false C3 : ((C8 : C2) : C2)
41: s=130 k=21 ab=false C3 : ((C2 x C2 x C2) : C4)
42: s=82 k=24 ab=false C3 : (Q8 : C4)
43: s=66 k=21 ab=false C3 : (C2 . ((C4 x C2) : C2) = (C2 x C2) . (C4 x C2))
44: s=90 k=24 ab=false C3 : ((C4 x C4) : C2)
45: s=100 k=60 ab=false C3 x ((C4 x C2) : C4)
46: s=44 k=96 ab=true C24 x C4
47: s=44 k=60 ab=false C3 x (C8 : C4)
48: s=68 k=60 ab=false C3 x ((C8 x C2) : C2)
49: s=100 k=33 ab=false C3 x ((C2 x C2 x C2) : C4)
50: s=84 k=33 ab=false C3 x ((C8 : C2) : C2)
51: s=52 k=33 ab=false C3 x (C2 . ((C4 x C2) : C2) = (C2 x C2) . (C4 x C2))
52: s=92 k=42 ab=false C3 x ((C8 x C2) : C2)
53: s=60 k=42 ab=false C3 x (Q8 : C4)
54: s=68 k=42 ab=false C3 x ((C4 x C4) : C2)
55: s=44 k=60 ab=false C3 x (C4 : C8)
56: s=52 k=42 ab=false C3 x (C8 : C4)
57: s=52 k=42 ab=false C3 x (C8 : C4)
58: s=36 k=42 ab=false C3 x (C4 . D8 = C4 . (C4 x C2))
59: s=28 k=96 ab=true C48 x C2
60: s=28 k=60 ab=false C3 x (C16 : C2)
61: s=72 k=33 ab=false C3 x D32
62: s=56 k=33 ab=false C3 x QD32
63: s=40 k=33 ab=false C3 x Q32
64: s=114 k=10 ab=false (C4 x C4) : S3
65: s=68 k=20 ab=false (C2 x C2) : (C3 : C8)
66: s=87 k=16 ab=false Q8 : (C3 : C4)
67: s=75 k=16 ab=false SL(2;3) : C4
68: s=96 k=16 ab=false C2 x ((C4 x C4) : C3)
69: s=73 k=28 ab=false C4 x SL(2;3)
70: s=164 k=10 ab=false ((C2 x C2 x C2 x C2) : C2) : C3
71: s=84 k=10 ab=false ((C4 x C4) : C2) : C3
72: s=132 k=10 ab=false ((C4 x C4) : C2) : C3
73: s=58 k=32 ab=false C8 x A4
74: s=53 k=28 ab=false ((C8 x C2) : C2) : C3
75: s=122 k=36 ab=false C4 x (C3 : Q8)
76: s=138 k=30 ab=false C3 : (C4 : Q8)
77: s=106 k=30 ab=false C3 : ((C2 x C2) . (C2 x C2 x C2))
78: s=186 k=48 ab=false C4 x C4 x S3
79: s=154 k=36 ab=false C3 : ((C4 x C4) : C2)
80: s=218 k=36 ab=false C4 x D24
81: s=330 k=30 ab=false C3 : ((C4 x C4) : C2)
82: s=202 k=30 ab=false C3 : ((C4 x C4) : C2)
83: s=138 k=30 ab=false C3 : ((C4 x C4) : C2)
84: s=138 k=30 ab=false C3 : ((C4 x C4) : C2)
85: s=154 k=24 ab=false C3 : ((C2 x Q8) : C2)
86: s=122 k=24 ab=false C3 : ((C4 x C4) : C2)
87: s=330 k=30 ab=false ((C4 x C2) : C2) x S3
88: s=202 k=30 ab=false C3 : (C4 x D8)
89: s=378 k=24 ab=false C3 : ((C2 x C2 x C2 x C2) : C2)
90: s=186 k=24 ab=false C3 : ((C4 x C2 x C2) : C2)
91: s=250 k=24 ab=false C3 : ((C4 x C2 x C2) : C2)
92: s=186 k=24 ab=false C3 : ((C4 x C4) : C2)
93: s=186 k=24 ab=false C3 : ((C4 x C2 x C2) : C2)
94: s=122 k=30 ab=false C3 : (C4 x Q8)
95: s=138 k=24 ab=false C3 : (C4 : Q8)
96: s=106 k=24 ab=false C3 : ((C2 x C2) . (C2 x C2 x C2))
97: s=106 k=24 ab=false C3 : ((C2 x C2) . (C2 x C2 x C2))
98: s=186 k=30 ab=false (C4 : C4) x S3
99: s=154 k=30 ab=false C3 : ((C4 x C4) : C2)
100: s=218 k=30 ab=false C3 : (C4 x D8)
101: s=202 k=24 ab=false C3 : ((C4 x C2 x C2) : C2)
102: s=266 k=24 ab=false C3 : ((C4 x C2 x C2) : C2)
103: s=170 k=24 ab=false C3 : ((C2 x Q8) : C2)
104: s=170 k=24 ab=false C3 : ((C2 x Q8) : C2)
105: s=138 k=24 ab=false C3 : ((C4 x C4) : C2)
106: s=130 k=48 ab=false C2 x C8 x S3
107: s=130 k=36 ab=false C2 x (C24 : C2)
108: s=114 k=36 ab=false C3 : ((C8 x C2) : C2)
109: s=194 k=30 ab=false C2 x (C24 : C2)
110: s=258 k=30 ab=false C2 x D48
111: s=162 k=30 ab=false C3 : ((C8 x C2) : C2)
112: s=130 k=30 ab=false C2 x (C3 : Q16)
113: s=130 k=30 ab=false (C8 : C2) x S3
114: s=114 k=30 ab=false C3 : ((C8 x C2) : C2)
115: s=210 k=21 ab=false C3 : (C8 : (C2 x C2))
116: s=146 k=21 ab=false C3 : ((C2 x Q8) : C2)
117: s=242 k=21 ab=false D16 x S3
118: s=194 k=18 ab=false C3 : (C8 : (C2 x C2))
119: s=146 k=21 ab=false C3 : ((C8 x C2) : C2)
120: s=186 k=21 ab=false QD16 x S3
121: s=202 k=18 ab=false C3 : (C8 : (C2 x C2))
122: s=138 k=18 ab=false C3 : ((C2 x Q8) : C2)
123: s=154 k=21 ab=false C3 : ((C8 x C2) : C2)
124: s=130 k=21 ab=false Q16 x S3
125: s=146 k=18 ab=false C3 : ((C2 x Q8) : C2)
126: s=162 k=21 ab=false C3 : ((C8 x C2) : C2)
127: s=98 k=48 ab=false C2 x C2 x (C3 : C8)
128: s=98 k=36 ab=false C2 x ((C3 : C8) : C2)
129: s=162 k=48 ab=false C2 x C4 x (C3 : C4)
130: s=162 k=36 ab=false C2 x ((C3 : C4) : C4)
131: s=146 k=30 ab=false C3 : ((C2 x Q8) : C2)
132: s=162 k=36 ab=false C2 x (C12 : C4)
133: s=130 k=36 ab=false C3 : ((C4 x C4) : C2)
134: s=322 k=36 ab=false C2 x ((C12 x C2) : C2)
135: s=194 k=36 ab=false C4 x ((C6 x C2) : C2)
136: s=178 k=30 ab=false C3 : ((C4 x C2 x C2) : C2)
137: s=242 k=30 ab=false C3 : ((C4 x C2 x C2) : C2)
138: s=210 k=24 ab=false C2 x ((C3 x D8) : C2)
139: s=162 k=21 ab=false C3 : (C8 : (C2 x C2))
140: s=146 k=24 ab=false C2 x ((C3 : Q8) : C2)
141: s=178 k=30 ab=false D8 x (C3 : C4)
142: s=162 k=24 ab=false C3 : ((C4 x C2 x C2) : C2)
143: s=162 k=24 ab=false C3 : ((C4 x C4) : C2)
144: s=354 k=24 ab=false C3 : ((C2 x C2 x C2 x C2) : C2)
145: s=226 k=24 ab=false C3 : ((C4 x C2 x C2) : C2)
146: s=226 k=24 ab=false C3 : ((C4 x C2 x C2) : C2)
147: s=290 k=24 ab=false C3 : ((C4 x C4) : C2)
148: s=178 k=24 ab=false C2 x ((C3 x Q8) : C2)
149: s=130 k=21 ab=false C3 : ((C2 x Q8) : C2)
150: s=114 k=24 ab=false C2 x (C3 : Q16)
151: s=130 k=24 ab=false C3 : (C4 : Q8)
152: s=114 k=30 ab=false Q8 x (C3 : C4)
153: s=162 k=24 ab=false C3 : ((C2 x Q8) : C2)
154: s=194 k=24 ab=false C3 : ((C4 x C4) : C2)
155: s=90 k=30 ab=false C3 : ((C8 x C2) : C2)
156: s=186 k=21 ab=false C3 : (C8 : (C2 x C2))
157: s=138 k=24 ab=false C3 : ((C8 x C2) : C2)
158: s=122 k=21 ab=false C3 : ((C2 x Q8) : C2)
159: s=242 k=36 ab=false C2 x ((C6 x C2) : C4)
160: s=290 k=30 ab=false C3 : ((C2 x C2 x C2 x C2) : C2)
161: s=108 k=96 ab=true C12 x C4 x C2
162: s=188 k=60 ab=false C6 x ((C4 x C2) : C2)
163: s=108 k=60 ab=false C6 x (C4 : C4)
164: s=92 k=60 ab=false C3 x ((C4 x C4) : C2)
165: s=124 k=60 ab=false C12 x D8
166: s=76 k=60 ab=false C12 x Q8
167: s=212 k=42 ab=false C3 x ((C2 x C2 x C2 x C2) : C2)
168: s=148 k=42 ab=false C3 x ((C4 x C2 x C2) : C2)
169: s=100 k=42 ab=false C3 x ((C2 x Q8) : C2)
170: s=116 k=42 ab=false C3 x ((C4 x C2 x C2) : C2)
171: s=116 k=42 ab=false C3 x ((C4 x C4) : C2)
172: s=68 k=42 ab=false C3 x ((C2 x C2) . (C2 x C2 x C2))
173: s=84 k=42 ab=false C3 x ((C4 x C4) : C2)
174: s=180 k=42 ab=false C3 x ((C4 x C4) : C2)
175: s=84 k=42 ab=false C3 x (C4 : Q8)
176: s=76 k=96 ab=true C24 x C2 x C2
177: s=76 k=60 ab=false C6 x (C8 : C2)
178: s=68 k=60 ab=false C3 x ((C8 x C2) : C2)
179: s=140 k=42 ab=false C6 x D16
180: s=108 k=42 ab=false C6 x QD16
181: s=76 k=42 ab=false C6 x Q16
182: s=92 k=42 ab=false C3 x ((C8 x C2) : C2)
183: s=116 k=33 ab=false C3 x (C8 : (C2 x C2))
184: s=84 k=33 ab=false C3 x ((C2 x Q8) : C2)
185: s=126 k=14 ab=false (C2 x C2) : (C3 : Q8)
186: s=172 k=20 ab=false C4 x S4
187: s=218 k=14 ab=false C4 : S4
188: s=113 k=16 ab=false C2 x (C2 . S4 = SL(2;3) . C2)
189: s=193 k=16 ab=false C2 x GL(2;3)
190: s=133 k=13 ab=false (C2 x Q8) : S3
191: s=109 k=13 ab=false (C2 . S4 = SL(2;3) . C2) : C2
192: s=129 k=16 ab=false ((C4 x C2) : C2) : S3
193: s=173 k=13 ab=false ((C4 x C2) : C2) : S3
194: s=188 k=20 ab=false C2 x (A4 : C4)
195: s=234 k=14 ab=false (C2 x C2) : S4
196: s=158 k=32 ab=false C2 x C4 x A4
197: s=208 k=20 ab=false D8 x A4
198: s=147 k=28 ab=false C2 x C2 x SL(2;3)
199: s=108 k=20 ab=false Q8 x A4
200: s=131 k=28 ab=false C2 x (((C4 x C2) : C2) : C3)
201: s=139 k=19 ab=false ((C2 x C2 x C2) : (C2 x C2)) : C3
202: s=123 k=19 ab=false ((C2 x Q8) : C2) : C3
203: s=135 k=12 ab=false (C2 x C2 x Q8) : C3
204: s=175 k=11 ab=false ((C2 x C2 x C2) : (C2 x C2)) : C3
205: s=258 k=36 ab=false C2 x C2 x (C3 : Q8)
206: s=418 k=48 ab=false C2 x C2 x C4 x S3
207: s=578 k=36 ab=false C2 x C2 x D24
208: s=322 k=36 ab=false C2 x ((C12 x C2) : C2)
209: s=562 k=30 ab=false C2 x D8 x S3
210: s=306 k=30 ab=false C2 x ((C4 x S3) : C2)
211: s=370 k=27 ab=false C3 : ((C2 x C2 x C2) : (C2 x C2))
212: s=274 k=30 ab=false C2 x Q8 x S3
213: s=338 k=30 ab=false C2 x ((C4 x S3) : C2)
214: s=274 k=27 ab=false C3 : ((C2 x Q8) : C2)
215: s=330 k=30 ab=false ((C4 x C2) : C2) x S3
216: s=394 k=27 ab=false C3 : ((C2 x C2 x C2) : (C2 x C2))
217: s=266 k=27 ab=false C3 : ((C2 x Q8) : C2)
218: s=338 k=48 ab=false C2 x C2 x C2 x (C3 : C4)
219: s=498 k=36 ab=false C2 x C2 x ((C6 x C2) : C2)
220: s=236 k=96 ab=true C12 x C2 x C2 x C2
221: s=316 k=60 ab=false C2 x C6 x D8
222: s=156 k=60 ab=false C2 x C6 x Q8
223: s=188 k=60 ab=false C6 x ((C4 x C2) : C2)
224: s=220 k=51 ab=false C3 x ((C2 x C2 x C2) : (C2 x C2))
225: s=156 k=51 ab=false C3 x ((C2 x Q8) : C2)
226: s=420 k=20 ab=false C2 x C2 x S4
227: s=250 k=10 ab=false (C2 x C2) : S4
228: s=454 k=32 ab=false C2 x C2 x C2 x A4
229: s=448 k=16 ab=false C2 x ((C2 x C2 x C2 x C2) : C3)
230: s=1362 k=48 ab=false C2 x C2 x C2 x C2 x S3
231: s=748 k=96 ab=true C6 x C2 x C2 x C2 x C2
Timestamp end: 496884692930:34:48.000
CENSUS DONE
