GAP 4.12.1 SmallGrp 1.5.3
=== s cross-check via AllSubgroups ===
i=230 s_lattice=1362 s_AllSubgroups=1362 match=true
i=231 s_lattice=748 s_AllSubgroups=748 match=true
i=207 s_lattice=578 s_AllSubgroups=578 match=true
i=209 s_lattice=562 s_AllSubgroups=562 match=true
i=219 s_lattice=498 s_AllSubgroups=498 match=true
i=228 s_lattice=454 s_AllSubgroups=454 match=true
i=229 s_lattice=448 s_AllSubgroups=448 match=true
i=226 s_lattice=420 s_AllSubgroups=420 match=true
i=206 s_lattice=418 s_AllSubgroups=418 match=true
i=216 s_lattice=394 s_AllSubgroups=394 match=true
=== k cross-check via CharacterTable / Irr ===
i=45 k_classes=60 k_chartab=60 k_Irr=60 match=true
i=47 k_classes=60 k_chartab=60 k_Irr=60 match=true
i=48 k_classes=60 k_chartab=60 k_Irr=60 match=true
i=55 k_classes=60 k_chartab=60 k_Irr=60 match=true
i=60 k_classes=60 k_chartab=60 k_Irr=60 match=true
i=162 k_classes=60 k_chartab=60 k_Irr=60 match=true
i=163 k_classes=60 k_chartab=60 k_Irr=60 match=true
i=164 k_classes=60 k_chartab=60 k_Irr=60 match=true
i=165 k_classes=60 k_chartab=60 k_Irr=60 match=true
i=166 k_classes=60 k_chartab=60 k_Irr=60 match=true
i=177 k_classes=60 k_chartab=60 k_Irr=60 match=true
i=178 k_classes=60 k_chartab=60 k_Irr=60 match=true
i=206 k_classes=48 k_chartab=48 k_Irr=48 match=true
i=207 k_classes=36 k_chartab=36 k_Irr=36 match=true
i=209 k_classes=30 k_chartab=30 k_Irr=30 match=true
i=216 k_classes=27 k_chartab=27 k_Irr=27 match=true
i=219 k_classes=36 k_chartab=36 k_Irr=36 match=true
i=221 k_classes=60 k_chartab=60 k_Irr=60 match=true
i=222 k_classes=60 k_chartab=60 k_Irr=60 match=true
i=223 k_classes=60 k_chartab=60 k_Irr=60 match=true
i=226 k_classes=20 k_chartab=20 k_Irr=20 match=true
i=228 k_classes=32 k_chartab=32 k_Irr=32 match=true
i=229 k_classes=16 k_chartab=16 k_Irr=16 match=true
i=230 k_classes=48 k_chartab=48 k_Irr=48 match=true
i=231 k_classes=96 k_chartab=96 k_Irr=96 match=true
=== global max rescan ===
Smax=1362 Sids=[ 230 ]
Kmax(nonab)=60 Kids=[ 45, 47, 48, 55, 60, 162, 163, 164, 165, 166, 177, 178, 221, 222, 223 ]
CROSSCHECK DONE
