GAP version: 4.12.1 SmallGrp: 1.5.3
certifying IDs: [ 45, 47, 48, 55, 60, 162, 163, 164, 165, 166, 177, 178, 207, 209, 219, 221, 222, 223, 230, 231 ]

==== SmallGroup(96,45) desc=C3 x ((C4 x C2) : C4) s-lattice=100 k=60 ab=false ====
FpGroup generators: 6 relators: 21
Relators: [ F1^2*F5^-1, F2^-1*F1^-1*F2*F1*F4^-1, F3^-1*F1^-1*F3*F1, F4^-1*F1^-1*F4*F1, F5^-1*F1^-1*F5*F1, F6^-1*F1^-1*F6*F1, F2^2*F6^-1, F3^-1*F2^-1*F3*F2, F4^-1*F2^-1*F4*F2, F5^-1*F2^-1*F5*F2, F6^-1*F2^-1*F6*F2, F3^3, F4^-1*F3^-1*F4*F3, F5^-1*F3^-1*F5*F3, F6^-1*F3^-1*F6*F3, F4^2, F5^-1*F4^-1*F5*F4, F6^-1*F4^-1*F6*F4, F5^2, F6^-1*F5^-1*F6*F5, F6^2 ]
Simplified: gens=3 rels=11
Simplified relators: [ F3^3, F1^4, F3^-1*F1^-1*F3*F1, F3^-1*F2^-1*F3*F2, F2^4, F1^2*F2^-1*F1^-2*F2, F2*F1^-1*F2^2*F1*F2, F1*F2*F3^-1*F1^2*F2^-1*F1*F3, F1^-1*(F2*F1)^2*F2*F1^-1*F2, (F1^-1*F2^-2*F1^-1)^2, (F2^-1*F1*F2*F1)^2 ]
Order(Range(iso))=96 Order(Simplified)=96

==== SmallGroup(96,47) desc=C3 x (C8 : C4) s-lattice=44 k=60 ab=false ====
FpGroup generators: 6 relators: 21
Relators: [ F1^2*F4^-1, F2^-1*F1^-1*F2*F1*F6^-1, F3^-1*F1^-1*F3*F1, F4^-1*F1^-1*F4*F1, F5^-1*F1^-1*F5*F1, F6^-1*F1^-1*F6*F1, F2^2*F5^-1, F3^-1*F2^-1*F3*F2, F4^-1*F2^-1*F4*F2, F5^-1*F2^-1*F5*F2, F6^-1*F2^-1*F6*F2, F3^3, F4^-1*F3^-1*F4*F3, F5^-1*F3^-1*F5*F3, F6^-1*F3^-1*F6*F3, F4^2*F6^-1, F5^-1*F4^-1*F5*F4, F6^-1*F4^-1*F6*F4, F5^2, F6^-1*F5^-1*F6*F5, F6^2 ]
Simplified: gens=3 rels=9
Simplified relators: [ F3^3, F2^4, F3^-1*F2^-1*F3*F2, F3^-1*F1^-1*F3*F1, F2^2*F1^-1*F2^2*F1, F2^-1*F1^2*F2*F1^-2, F1^-1*F2^-1*F1^-3*F2, F2*F1*F2^-1*F3^-1*F1^3*F3, (F2*F1*F2^-1*F1^-1)^2 ]
Order(Range(iso))=96 Order(Simplified)=96

==== SmallGroup(96,48) desc=C3 x ((C8 x C2) : C2) s-lattice=68 k=60 ab=false ====
FpGroup generators: 6 relators: 21
Relators: [ F1^2*F5^-1, F2^-1*F1^-1*F2*F1*F4^-1, F3^-1*F1^-1*F3*F1, F4^-1*F1^-1*F4*F1, F5^-1*F1^-1*F5*F1, F6^-1*F1^-1*F6*F1, F2^2, F3^-1*F2^-1*F3*F2, F4^-1*F2^-1*F4*F2, F5^-1*F2^-1*F5*F2, F6^-1*F2^-1*F6*F2, F3^3, F4^-1*F3^-1*F4*F3, F5^-1*F3^-1*F5*F3, F6^-1*F3^-1*F6*F3, F4^2, F5^-1*F4^-1*F5*F4, F6^-1*F4^-1*F6*F4, F5^2*F6^-1, F6^-1*F5^-1*F6*F5, F6^2 ]
Simplified: gens=3 rels=7
Simplified relators: [ F2^2, F3^3, F3^-1*F1^-1*F3*F1, F3^-1*F2*F3*F2, F1*F2*F1^-2*F2*F1, (F2*F1^-1)^2*(F2*F1)^2, F1^8 ]
Order(Range(iso))=96 Order(Simplified)=96

==== SmallGroup(96,55) desc=C3 x (C4 : C8) s-lattice=44 k=60 ab=false ====
FpGroup generators: 6 relators: 21
Relators: [ F1^2*F5^-1, F2^-1*F1^-1*F2*F1*F4^-1, F3^-1*F1^-1*F3*F1, F4^-1*F1^-1*F4*F1, F5^-1*F1^-1*F5*F1, F6^-1*F1^-1*F6*F1, F2^2*F4^-1, F3^-1*F2^-1*F3*F2, F4^-1*F2^-1*F4*F2, F5^-1*F2^-1*F5*F2, F6^-1*F2^-1*F6*F2, F3^3, F4^-1*F3^-1*F4*F3, F5^-1*F3^-1*F5*F3, F6^-1*F3^-1*F6*F3, F4^2, F5^-1*F4^-1*F5*F4, F6^-1*F4^-1*F6*F4, F5^2*F6^-1, F6^-1*F5^-1*F6*F5, F6^2 ]
Simplified: gens=3 rels=7
Simplified relators: [ F3^3, F2^4, F1^-1*F2*F1*F2, F3^-1*F2^-1*F3*F2, F3^-1*F1^-1*F3*F1, F2^-1*F1^-1*F2^2*F1*F2^-1, F1^8 ]
Order(Range(iso))=96 Order(Simplified)=96

==== SmallGroup(96,60) desc=C3 x (C16 : C2) s-lattice=28 k=60 ab=false ====
FpGroup generators: 6 relators: 21
Relators: [ F1^2*F4^-1, F2^-1*F1^-1*F2*F1*F6^-1, F3^-1*F1^-1*F3*F1, F4^-1*F1^-1*F4*F1, F5^-1*F1^-1*F5*F1, F6^-1*F1^-1*F6*F1, F2^2, F3^-1*F2^-1*F3*F2, F4^-1*F2^-1*F4*F2, F5^-1*F2^-1*F5*F2, F6^-1*F2^-1*F6*F2, F3^3, F4^-1*F3^-1*F4*F3, F5^-1*F3^-1*F5*F3, F6^-1*F3^-1*F6*F3, F4^2*F5^-1, F5^-1*F4^-1*F5*F4, F6^-1*F4^-1*F6*F4, F5^2*F6^-1, F6^-1*F5^-1*F6*F5, F6^2 ]
Simplified: gens=3 rels=7
Simplified relators: [ F2^2, F3^3, F3^-1*F2*F3*F2, F3^-1*F1^-1*F3*F1, F1^-2*F2*F1^2*F2, F3^-1*F1*(F2*F1^-1)^2*F3*F2*F1*F2, F1^-5*(F1^-1*F2)^2*F1^-1 ]
Order(Range(iso))=96 Order(Simplified)=96

==== SmallGroup(96,162) desc=C6 x ((C4 x C2) : C2) s-lattice=188 k=60 ab=false ====
FpGroup generators: 6 relators: 21
Relators: [ F1^2*F6^-1, F2^-1*F1^-1*F2*F1*F5^-1, F3^-1*F1^-1*F3*F1, F4^-1*F1^-1*F4*F1, F5^-1*F1^-1*F5*F1, F6^-1*F1^-1*F6*F1, F2^2, F3^-1*F2^-1*F3*F2, F4^-1*F2^-1*F4*F2, F5^-1*F2^-1*F5*F2, F6^-1*F2^-1*F6*F2, F3^2, F4^-1*F3^-1*F4*F3, F5^-1*F3^-1*F5*F3, F6^-1*F3^-1*F6*F3, F4^3, F5^-1*F4^-1*F5*F4, F6^-1*F4^-1*F6*F4, F5^2, F6^-1*F5^-1*F6*F5, F6^2 ]
Simplified: gens=4 rels=13
Simplified relators: [ F2^2, F3^2, F4^3, F1^4, F4^-1*F1^-1*F4*F1, F4^-1*F2*F4*F2, F3*F1^-1*F3*F1, F4^-1*F3*F4*F3, (F3*F2)^2, F1^2*F2*F1^-2*F2, (F2*F1)^4, F1*F2*F4^-1*F1^2*F2*F1*F4, F2*F1*F2*F3*F1*F2*F1^-1*F2*F3*F1^-1 ]
Order(Range(iso))=96 Order(Simplified)=96

==== SmallGroup(96,163) desc=C6 x (C4 : C4) s-lattice=108 k=60 ab=false ====
FpGroup generators: 6 relators: 21
Relators: [ F1^2*F6^-1, F2^-1*F1^-1*F2*F1*F5^-1, F3^-1*F1^-1*F3*F1, F4^-1*F1^-1*F4*F1, F5^-1*F1^-1*F5*F1, F6^-1*F1^-1*F6*F1, F2^2*F5^-1, F3^-1*F2^-1*F3*F2, F4^-1*F2^-1*F4*F2, F5^-1*F2^-1*F5*F2, F6^-1*F2^-1*F6*F2, F3^2, F4^-1*F3^-1*F4*F3, F5^-1*F3^-1*F5*F3, F6^-1*F3^-1*F6*F3, F4^3, F5^-1*F4^-1*F5*F4, F6^-1*F4^-1*F6*F4, F5^2, F6^-1*F5^-1*F6*F5, F6^2 ]
Simplified: gens=4 rels=12
Simplified relators: [ F3^2, F4^3, F1^4, F2^4, F3*F1^-1*F3*F1, F4^-1*F1^-1*F4*F1, F1^-1*F2*F1*F2, F3*F2^-1*F3*F2, F4^-1*F2^-1*F4*F2, F4^-1*F3*F4*F3, F1^2*F2^-1*F1^2*F2, (F2^-1*F1^-2*F2^-1)^2 ]
Order(Range(iso))=96 Order(Simplified)=96

==== SmallGroup(96,164) desc=C3 x ((C4 x C4) : C2) s-lattice=92 k=60 ab=false ====
FpGroup generators: 6 relators: 21
Relators: [ F1^2*F6^-1, F2^-1*F1^-1*F2*F1*F5^-1, F3^-1*F1^-1*F3*F1, F4^-1*F1^-1*F4*F1, F5^-1*F1^-1*F5*F1, F6^-1*F1^-1*F6*F1, F2^2, F3^-1*F2^-1*F3*F2, F4^-1*F2^-1*F4*F2, F5^-1*F2^-1*F5*F2, F6^-1*F2^-1*F6*F2, F3^2*F5^-1, F4^-1*F3^-1*F4*F3, F5^-1*F3^-1*F5*F3, F6^-1*F3^-1*F6*F3, F4^3, F5^-1*F4^-1*F5*F4, F6^-1*F4^-1*F6*F4, F5^2, F6^-1*F5^-1*F6*F5, F6^2 ]
Simplified: gens=4 rels=11
Simplified relators: [ F2^2, F4^3, F1^4, F3^4, F4^-1*F1^-1*F4*F1, F4^-1*F2*F4*F2, F3^-1*F1^-1*F3*F1, F3^-1*F2*F3*F2, F4^-1*F3^-1*F4*F3, (F1^2*F2)^2, F2*F3^2*F1^-1*F2*F1 ]
Order(Range(iso))=96 Order(Simplified)=96

==== SmallGroup(96,165) desc=C12 x D8 s-lattice=124 k=60 ab=false ====
FpGroup generators: 6 relators: 21
Relators: [ F1^2*F6^-1, F2^-1*F1^-1*F2*F1*F5^-1, F3^-1*F1^-1*F3*F1, F4^-1*F1^-1*F4*F1, F5^-1*F1^-1*F5*F1, F6^-1*F1^-1*F6*F1, F2^2, F3^-1*F2^-1*F3*F2, F4^-1*F2^-1*F4*F2, F5^-1*F2^-1*F5*F2, F6^-1*F2^-1*F6*F2, F3^2*F6^-1, F4^-1*F3^-1*F4*F3, F5^-1*F3^-1*F5*F3, F6^-1*F3^-1*F6*F3, F4^3, F5^-1*F4^-1*F5*F4, F6^-1*F4^-1*F6*F4, F5^2, F6^-1*F5^-1*F6*F5, F6^2 ]
Simplified: gens=4 rels=10
Simplified relators: [ F2^2, F4^3, F1^2*F3^2, F1*F3^-1*F1^-1*F3, F3^4, F4^-1*F1^-1*F4*F1, F4^-1*F3^-1*F4*F3, F4^-1*F2*F4*F2, F3^-1*F2*F3*F2, (F2*F1*F2*F1^-1)^2 ]
Order(Range(iso))=96 Order(Simplified)=96

==== SmallGroup(96,166) desc=C12 x Q8 s-lattice=76 k=60 ab=false ====
FpGroup generators: 6 relators: 21
Relators: [ F1^2*F6^-1, F2^-1*F1^-1*F2*F1*F5^-1, F3^-1*F1^-1*F3*F1, F4^-1*F1^-1*F4*F1, F5^-1*F1^-1*F5*F1, F6^-1*F1^-1*F6*F1, F2^2*F5^-1, F3^-1*F2^-1*F3*F2, F4^-1*F2^-1*F4*F2, F5^-1*F2^-1*F5*F2, F6^-1*F2^-1*F6*F2, F3^2*F6^-1*F5^-1, F4^-1*F3^-1*F4*F3, F5^-1*F3^-1*F5*F3, F6^-1*F3^-1*F6*F3, F4^3, F5^-1*F4^-1*F5*F4, F6^-1*F4^-1*F6*F4, F5^2, F6^-1*F5^-1*F6*F5, F6^2 ]
Simplified: gens=4 rels=14
Simplified relators: [ F4^3, F3^4, F1^4, F2^4, F3^-1*F1^-1*F3*F1, F1^-1*F2*F1*F2, F3^-1*F2^-1*F3*F2, F4^-1*F2^-1*F4*F2, F4^-1*F1^-1*F4*F1, F4^-1*F3^-1*F4*F3, F1^2*F3^2*F2^-2, F1^2*F3*F2^2*F3, F1^2*F3^-1*F2^2*F3^-1, F1^2*F2*F3^-2*F2 ]
Order(Range(iso))=96 Order(Simplified)=96

==== SmallGroup(96,177) desc=C6 x (C8 : C2) s-lattice=76 k=60 ab=false ====
FpGroup generators: 6 relators: 21
Relators: [ F1^2*F5^-1, F2^-1*F1^-1*F2*F1*F6^-1, F3^-1*F1^-1*F3*F1, F4^-1*F1^-1*F4*F1, F5^-1*F1^-1*F5*F1, F6^-1*F1^-1*F6*F1, F2^2, F3^-1*F2^-1*F3*F2, F4^-1*F2^-1*F4*F2, F5^-1*F2^-1*F5*F2, F6^-1*F2^-1*F6*F2, F3^2, F4^-1*F3^-1*F4*F3, F5^-1*F3^-1*F5*F3, F6^-1*F3^-1*F6*F3, F4^3, F5^-1*F4^-1*F5*F4, F6^-1*F4^-1*F6*F4, F5^2*F6^-1, F6^-1*F5^-1*F6*F5, F6^2 ]
Simplified: gens=4 rels=11
Simplified relators: [ F2^2, F3^2, F4^3, F3*F1^-1*F3*F1, F4^-1*F2*F4*F2, F4^-1*F1^-1*F4*F1, F4^-1*F3*F4*F3, (F3*F2)^2, F1*F2*F1^3*F2, F2*F1*F2*F4^-1*F1^3*F4, (F2*F1*F2*F1^-1)^2 ]
Order(Range(iso))=96 Order(Simplified)=96

==== SmallGroup(96,178) desc=C3 x ((C8 x C2) : C2) s-lattice=68 k=60 ab=false ====
FpGroup generators: 6 relators: 21
Relators: [ F1^2*F5^-1, F2^-1*F1^-1*F2*F1, F3^-1*F1^-1*F3*F1, F4^-1*F1^-1*F4*F1, F5^-1*F1^-1*F5*F1, F6^-1*F1^-1*F6*F1, F2^2, F3^-1*F2^-1*F3*F2*F6^-1, F4^-1*F2^-1*F4*F2, F5^-1*F2^-1*F5*F2, F6^-1*F2^-1*F6*F2, F3^2, F4^-1*F3^-1*F4*F3, F5^-1*F3^-1*F5*F3, F6^-1*F3^-1*F6*F3, F4^3, F5^-1*F4^-1*F5*F4, F6^-1*F4^-1*F6*F4, F5^2*F6^-1, F6^-1*F5^-1*F6*F5, F6^2 ]
Simplified: gens=4 rels=11
Simplified relators: [ F2^2, F3^2, F4^3, F4^-1*F2*F4*F2, F4^-1*F1^-1*F4*F1, F4^-1*F3*F4*F3, F2*F1^-1*F2*F1, F3*F1^-1*F3*F1, F3*F2*F1^-4*F3*F2, (F2*F3)^4, F1^-3*F4^-1*(F2*F3)^2*F1^-1*F4 ]
Order(Range(iso))=96 Order(Simplified)=96

==== SmallGroup(96,207) desc=C2 x C2 x D24 s-lattice=578 k=36 ab=false ====
FpGroup generators: 6 relators: 21
Relators: [ F1^2, F2^-1*F1^-1*F2*F1, F3^-1*F1^-1*F3*F1, F4^-1*F1^-1*F4*F1*F5^-1, F5^-1*F1^-1*F5*F1, F6^-1*F1^-1*F6*F1*F6^-1, F2^2, F3^-1*F2^-1*F3*F2, F4^-1*F2^-1*F4*F2, F5^-1*F2^-1*F5*F2, F6^-1*F2^-1*F6*F2, F3^2, F4^-1*F3^-1*F4*F3, F5^-1*F3^-1*F5*F3, F6^-1*F3^-1*F6*F3, F4^2*F5^-1, F5^-1*F4^-1*F5*F4, F6^-1*F4^-1*F6*F4, F5^2, F6^-1*F5^-1*F6*F5, F6^3 ]
Simplified: gens=5 rels=15
Simplified relators: [ F1^2, F2^2, F3^2, F6^3, F4^4, F6^-1*F4^-1*F6*F4, (F1*F6)^2, (F1*F4)^2, (F2*F1)^2, F6^-1*F3*F6*F3, (F3*F1)^2, (F3*F2)^2, F4^-1*F2*F4*F2, F6^-1*F2*F6*F2, F4^-1*F3*F4*F3 ]
Order(Range(iso))=96 Order(Simplified)=96

==== SmallGroup(96,209) desc=C2 x D8 x S3 s-lattice=562 k=30 ab=false ====
FpGroup generators: 6 relators: 21
Relators: [ F1^2, F2^-1*F1^-1*F2*F1, F3^-1*F1^-1*F3*F1, F4^-1*F1^-1*F4*F1, F5^-1*F1^-1*F5*F1, F6^-1*F1^-1*F6*F1*F6^-1, F2^2, F3^-1*F2^-1*F3*F2, F4^-1*F2^-1*F4*F2, F5^-1*F2^-1*F5*F2, F6^-1*F2^-1*F6*F2, F3^2, F4^-1*F3^-1*F4*F3*F5^-1, F5^-1*F3^-1*F5*F3, F6^-1*F3^-1*F6*F3, F4^2, F5^-1*F4^-1*F5*F4, F6^-1*F4^-1*F6*F4, F5^2, F6^-1*F5^-1*F6*F5, F6^3 ]
Simplified: gens=5 rels=15
Simplified relators: [ F1^2, F2^2, F3^2, F4^2, F6^3, (F2*F1)^2, (F1*F6)^2, (F4*F1)^2, (F4*F2)^2, F6^-1*F4*F6*F4, (F3*F1)^2, (F3*F2)^2, F6^-1*F3*F6*F3, F6^-1*F2*F6*F2, (F4*F3)^4 ]
Order(Range(iso))=96 Order(Simplified)=96

==== SmallGroup(96,219) desc=C2 x C2 x ((C6 x C2) : C2) s-lattice=498 k=36 ab=false ====
FpGroup generators: 6 relators: 21
Relators: [ F1^2, F2^-1*F1^-1*F2*F1, F3^-1*F1^-1*F3*F1, F4^-1*F1^-1*F4*F1*F5^-1, F5^-1*F1^-1*F5*F1, F6^-1*F1^-1*F6*F1*F6^-1, F2^2, F3^-1*F2^-1*F3*F2, F4^-1*F2^-1*F4*F2, F5^-1*F2^-1*F5*F2, F6^-1*F2^-1*F6*F2, F3^2, F4^-1*F3^-1*F4*F3, F5^-1*F3^-1*F5*F3, F6^-1*F3^-1*F6*F3, F4^2, F5^-1*F4^-1*F5*F4, F6^-1*F4^-1*F6*F4, F5^2, F6^-1*F5^-1*F6*F5, F6^3 ]
Simplified: gens=5 rels=15
Simplified relators: [ F1^2, F2^2, F3^2, F4^2, F6^3, (F2*F1)^2, (F1*F6)^2, (F3*F2)^2, (F4*F2)^2, F6^-1*F4*F6*F4, (F3*F1)^2, (F4*F3)^2, F6^-1*F3*F6*F3, F6^-1*F2*F6*F2, (F4*F1)^4 ]
Order(Range(iso))=96 Order(Simplified)=96

==== SmallGroup(96,221) desc=C2 x C6 x D8 s-lattice=316 k=60 ab=false ====
FpGroup generators: 6 relators: 21
Relators: [ F1^2, F2^-1*F1^-1*F2*F1*F6^-1, F3^-1*F1^-1*F3*F1, F4^-1*F1^-1*F4*F1, F5^-1*F1^-1*F5*F1, F6^-1*F1^-1*F6*F1, F2^2, F3^-1*F2^-1*F3*F2, F4^-1*F2^-1*F4*F2, F5^-1*F2^-1*F5*F2, F6^-1*F2^-1*F6*F2, F3^2, F4^-1*F3^-1*F4*F3, F5^-1*F3^-1*F5*F3, F6^-1*F3^-1*F6*F3, F4^2, F5^-1*F4^-1*F5*F4, F6^-1*F4^-1*F6*F4, F5^3, F6^-1*F5^-1*F6*F5, F6^2 ]
Simplified: gens=5 rels=15
Simplified relators: [ F1^2, F2^2, F3^2, F4^2, F5^3, F5^-1*F2*F5*F2, (F3*F1)^2, (F4*F1)^2, F5^-1*F1*F5*F1, F5^-1*F3*F5*F3, (F3*F2)^2, (F4*F2)^2, F5^-1*F4*F5*F4, (F4*F3)^2, (F2*F1)^4 ]
Order(Range(iso))=96 Order(Simplified)=96

==== SmallGroup(96,222) desc=C2 x C6 x Q8 s-lattice=156 k=60 ab=false ====
FpGroup generators: 6 relators: 21
Relators: [ F1^2*F6^-1, F2^-1*F1^-1*F2*F1*F6^-1, F3^-1*F1^-1*F3*F1, F4^-1*F1^-1*F4*F1, F5^-1*F1^-1*F5*F1, F6^-1*F1^-1*F6*F1, F2^2*F6^-1, F3^-1*F2^-1*F3*F2, F4^-1*F2^-1*F4*F2, F5^-1*F2^-1*F5*F2, F6^-1*F2^-1*F6*F2, F3^2, F4^-1*F3^-1*F4*F3, F5^-1*F3^-1*F5*F3, F6^-1*F3^-1*F6*F3, F4^2, F5^-1*F4^-1*F5*F4, F6^-1*F4^-1*F6*F4, F5^3, F6^-1*F5^-1*F6*F5, F6^2 ]
Simplified: gens=5 rels=15
Simplified relators: [ F3^2, F4^2, F5^3, F1^2*F2^2, F2*F1*F2*F1^-1, F2^4, F3*F1^-1*F3*F1, F4*F1^-1*F4*F1, F5^-1*F2^-1*F5*F2, F5^-1*F3*F5*F3, F3*F2^-1*F3*F2, F4*F2^-1*F4*F2, F5^-1*F1^-1*F5*F1, F5^-1*F4*F5*F4, (F4*F3)^2 ]
Order(Range(iso))=96 Order(Simplified)=96

==== SmallGroup(96,223) desc=C6 x ((C4 x C2) : C2) s-lattice=188 k=60 ab=false ====
FpGroup generators: 6 relators: 21
Relators: [ F1^2, F2^-1*F1^-1*F2*F1*F6^-1, F3^-1*F1^-1*F3*F1, F4^-1*F1^-1*F4*F1, F5^-1*F1^-1*F5*F1, F6^-1*F1^-1*F6*F1, F2^2, F3^-1*F2^-1*F3*F2, F4^-1*F2^-1*F4*F2, F5^-1*F2^-1*F5*F2, F6^-1*F2^-1*F6*F2, F3^2*F6^-1, F4^-1*F3^-1*F4*F3, F5^-1*F3^-1*F5*F3, F6^-1*F3^-1*F6*F3, F4^2, F5^-1*F4^-1*F5*F4, F6^-1*F4^-1*F6*F4, F5^3, F6^-1*F5^-1*F6*F5, F6^2 ]
Simplified: gens=5 rels=15
Simplified relators: [ F1^2, F2^2, F4^2, F5^3, F3^4, F5^-1*F3^-1*F5*F3, F3^-1*F1*F3*F1, F5^-1*F2*F5*F2, F5^-1*F1*F5*F1, F5^-1*F4*F5*F4, (F4*F1)^2, (F4*F2)^2, F3^-1*F2*F3*F2, F4*F3^-1*F4*F3, F2*F3^2*F1*F2*F1 ]
Order(Range(iso))=96 Order(Simplified)=96

==== SmallGroup(96,230) desc=C2 x C2 x C2 x C2 x S3 s-lattice=1362 k=48 ab=false ====
FpGroup generators: 6 relators: 21
Relators: [ F1^2, F2^-1*F1^-1*F2*F1, F3^-1*F1^-1*F3*F1, F4^-1*F1^-1*F4*F1, F5^-1*F1^-1*F5*F1, F6^-1*F1^-1*F6*F1*F6^-1, F2^2, F3^-1*F2^-1*F3*F2, F4^-1*F2^-1*F4*F2, F5^-1*F2^-1*F5*F2, F6^-1*F2^-1*F6*F2, F3^2, F4^-1*F3^-1*F4*F3, F5^-1*F3^-1*F5*F3, F6^-1*F3^-1*F6*F3, F4^2, F5^-1*F4^-1*F5*F4, F6^-1*F4^-1*F6*F4, F5^2, F6^-1*F5^-1*F6*F5, F6^3 ]
Simplified: gens=6 rels=21
Simplified relators: [ F1^2, F2^2, F3^2, F5^2, F4^2, F6^3, (F1*F6)^2, (F2*F1)^2, (F5*F2)^2, (F5*F3)^2, (F3*F1)^2, (F4*F1)^2, (F5*F1)^2, F6^-1*F4*F6*F4, F6^-1*F2*F6*F2, (F3*F2)^2, (F4*F2)^2, F6^-1*F3*F6*F3, F6^-1*F5*F6*F5, (F5*F4)^2, (F4*F3)^2 ]
Order(Range(iso))=96 Order(Simplified)=96

==== SmallGroup(96,231) desc=C6 x C2 x C2 x C2 x C2 s-lattice=748 k=96 ab=true ====
FpGroup generators: 6 relators: 21
Relators: [ F1^2, F2^-1*F1^-1*F2*F1, F3^-1*F1^-1*F3*F1, F4^-1*F1^-1*F4*F1, F5^-1*F1^-1*F5*F1, F6^-1*F1^-1*F6*F1, F2^2, F3^-1*F2^-1*F3*F2, F4^-1*F2^-1*F4*F2, F5^-1*F2^-1*F5*F2, F6^-1*F2^-1*F6*F2, F3^2, F4^-1*F3^-1*F4*F3, F5^-1*F3^-1*F5*F3, F6^-1*F3^-1*F6*F3, F4^2, F5^-1*F4^-1*F5*F4, F6^-1*F4^-1*F6*F4, F5^2, F6^-1*F5^-1*F6*F5, F6^3 ]
Simplified: gens=6 rels=21
Simplified relators: [ F1^2, F2^2, F3^2, F5^2, F4^2, F6^3, (F2*F1)^2, F6^-1*F1*F6*F1, (F5*F1)^2, (F5*F2)^2, (F3*F1)^2, (F4*F1)^2, (F4*F2)^2, (F5*F3)^2, F6^-1*F2*F6*F2, (F3*F2)^2, (F4*F3)^2, F6^-1*F4*F6*F4, F6^-1*F3*F6*F3, F6^-1*F5*F6*F5, (F5*F4)^2 ]
Order(Range(iso))=96 Order(Simplified)=96
FP CERTS DONE
