(1,2)(3,5)(4,7)(6,10)(8,13)(9,15)(11,18)(12,20)(14,23)(16,26)(17,28)(19,
31)(21,34)(22,36)(25,40)(27,43)(29,46)(30,48)(32,51)(33,53)(35,56)(37,58)(38,
59)(39,61)(41,64)(42,66)(44,68)(45,70)(47,73)(49,76)(50,78)(52,81)(54,84)(55,
86)(57,89)(60,92)(62,95)(63,69)(65,98)(67,101)(71,105)(72,107)(74,110)(75,
112)(77,115)(79,118)(80,120)(82,123)(83,125)(85,128)(87,131)(88,133)(90,
136)(91,138)(93,141)(94,143)(96,145)(97,147)(99,149)(100,151)(102,154)(103,
156)(104,158)(106,161)(109,164)(111,166)(113,140)(114,169)(116,172)(117,
174)(119,177)(121,179)(126,185)(127,187)(129,190)(130,192)(132,194)(134,
182)(135,198)(139,203)(142,206)(144,209)(146,212)(148,214)(150,217)(152,
220)(153,222)(155,225)(157,228)(159,196)(160,230)(162,232)(163,234)(165,
180)(167,238)(168,240)(170,243)(171,241)(173,247)(175,250)( [...] )
(1,3,6,11,19,32,52,82,124,183,192,271,377,491,238,336,187,36)(2,4,8,14,24,39,
62,86,130,169,242,340,451,73,109,165,236,333)(5,9,16,27,44,69,103,157,7,12,21,
35,57,90,137,201,286,120)(10,17,29,47,74,111,167,239,258,361,476,425,537,558,
490,26,42,67)(13,22,37,53,83,126,186,264,46,72,108,163,220,128,189,267,371,
43)(15,25,41,65,99,150,218,310,417,528,452,28,45,71,106,70,104,159)(18,30,49,
77,116,173,248,349,462,269,373,59,91,139,204,289,398,112)(20,33,54,85,129,191,
270,375,489,51,80,121,180,257,360,474,323,432)(23,38,60,93,142,207,294,403,
516,209,296,275,381,494,482,576,158,229)(31,50,79,119,178,255,357,472,570,534,
605,473,571,281,389,502,471,466)(34,55,87,132,195,276,383,475,572,633,622,652,
600,644,586,525,550,616)(40,63,96,146,147,213,302,411,107,162,233,328,439,548,
614,647,656,508)( [...] )
<permutation group with 2 generators>
rep-check: Order(g)=2 Order(h)=18 Order(gh)=24 |G|=98896896
function( path ) ... end
[ (1,17)(2,289)(3,380)(4,45)(5,8)(6,22)(7,80)(9,112)(10,371)(11,95)(12,
    104)(13,185)(14,186)(15,57)(16,135)(18,193)(19,154)(20,187)(21,188)(23,
    110)(24,111)(25,113)(26,410)(27,536)(28,535)(29,632)(30,86)(31,498)(32,
    228)(33,229)(34,60)(35,140)(36,288)(37,510)(38,365)(39,237)(40,486)(41,
    480)(42,280)(43,138)(44,139)(46,496)(47,497)(48,348)(49,349)(50,155)(51,
    220)(52,221)(53,224)(54,424)(55,368)(56,196)(58,102)(59,651)(61,474)(62,
    323)(63,205)(64,308)(65,98)(66,201)(67,265)(68,469)(69,470)(70,544)(71,
    412)(72,633)(73,198)(74,199)(75,87)(76,638)(77,217)(78,269)(79,270)(81,
    121)(82,256)(83,432)(84,415)(85,386)(88,168)(89,463)(90,222)(91,366)(92,
    190)(93,191)(94,444)(96,502)(97,376)(99,149)(100,499)(101,370)(103,
    399)(105,439)(106,468)(107,491)(108,590)(109,393)(114,313)(115,494)(116,
    624)(117,318)( [...] ), (1,150,292,418,53,406)(2,479,91,521,145,476)(3,
    287,436,315,172,268)(4,260,437,211,304,158)(5,335,505,180,55,313)(6,457,
    420,478,482,240)(7,265,483,54,23,234)(8,164,241,39,218,439)(9,487,285,203,
    463,223)(10,148,571,179,188,225)(11,208,532,395,247,407)(12,594,525,389,
    17,352)(13,50,298,96,284,87)(14,224,386,308,200,34)(15,86,90,513,633,
    410)(16,74,469,376,643,33)(18,62,93)(19,235,60,506,230,46)(20,403,40,120,
    245,596)(21,30,602,271,222,321)(22,353,618,122,47,466)(24,135,70,419,612,
    626)(25,121,593,625,128,642)(26,65,444,129,451,564)(27,252,520,251,587,
    28)(29,656,341,355,623,219)(31,544,468,619,489,448)(32,363,541,149,257,
    154)(35,256,636,496,445,635)(36,73)(37,568,399,591,383,638)(38,368,630,
    162,627,82)(41,196,242,510,152,441)(42,126,351,657,118,649)(43,637,159,
    400,592,214)( [...] ), (1,4,12,33,83,184,353,31,32,80,5,6,17,45,104,229,
    432,278,279,498,228,7,8,22)(2,3,9,25,63,103,227,151,152,128,129,268,289,
    380,112,113,205,399,594,583,450,451,425,426)(10,11,30,75,18,19,50,117,249,
    378,379,370,371,95,86,87,193,154,155,318,143,144,296,101)(13,14,38,91,202,
    395,40,41,97,213,410,536,185,186,365,366,513,485,486,480,376,377,26,
    27)(15,16,42,100,219,418,487,59,60,140,168,56,57,135,280,499,427,428,610,
    651,34,35,88,196)(20,21,55,130,271,131,132,274,398,297,298,446,187,188,
    368,576,636,319,177,178,356,320,321,540)(23,24,39,94,208,404,577,396,397,
    593,61,62,110,111,237,444,374,375,334,335,553,473,474,323)(28,29,72,162,
    326,527,528,645,650,569,570,534,535,632,633,555,290,291,403,261,192,169,
    170,341)(36,37,84,85,189,362,43,44,102,224,424,287,288,510,415,386,272,
    273,138,139,58,53,54,127)( [...] ), (1,8,37,127)(2,6,29,108,220,118,178,
    470,471,570,605,332)(3,16,67,223,429,136,201,368,158,15,27,22)(4,21,87,
    273,202,509,533,483,100,312,316,426)(5,11,49,170,453,591,78,119,355,614,
    217,310)(7,14,60,205,485,579,481,117,351,603,303,156)(9,41,148,230,231,
    546,487,91,288,374,489,80)(10,19,79,252,122,259,371,110,167,187,266,
    66)(12,54,188,327,439,568,547,373,318,208,517,228)(13,24,62,125,186,339,
    451,537,490,238,258,362)(17,71,161,104,23,39,144,275,383,179,257,101)(18,
    32,121,172,248,140,241,344,61,86,132,380)(20,35,134,194,276,249,138,204,
    486,513,578,229)(25,96,68,103,321,278,272,379,484,436,529,196)(26,44,155,
    428,495,256,292,593,94,243,342,454)(28,47,165,360,281,391,56,90,284,135,
    388,602)(30,113,291,516,234,128,191,59,93,235,551,75)(31,52,181,476,109,
    331,263,46,74,184,254,357)( [...] ), (1,17)(2,289)(3,380)(4,45)(5,8)(6,
    22)(7,80)(9,112)(10,371)(11,95)(12,104)(13,185)(14,186)(15,57)(16,135)(18,
    193)(19,154)(20,187)(21,188)(23,110)(24,111)(25,113)(26,410)(27,536)(28,
    535)(29,632)(30,86)(31,498)(32,228)(33,229)(34,60)(35,140)(36,288)(37,
    510)(38,365)(39,237)(40,486)(41,480)(42,280)(43,138)(44,139)(46,496)(47,
    497)(48,348)(49,349)(50,155)(51,220)(52,221)(53,224)(54,424)(55,368)(56,
    196)(58,102)(59,651)(61,474)(62,323)(63,205)(64,308)(65,98)(66,201)(67,
    265)(68,469)(69,470)(70,544)(71,412)(72,633)(73,198)(74,199)(75,87)(76,
    638)(77,217)(78,269)(79,270)(81,121)(82,256)(83,432)(84,415)(85,386)(88,
    168)(89,463)(90,222)(91,366)(92,190)(93,191)(94,444)(96,502)(97,376)(99,
    149)(100,499)(101,370)(103,399)(105,439)(106,468)(107,491)(108,590)(109,
    393)(114,313)(115,494)(116,624)(117,318)( [...] ), 
  (1,83,32,17,432,228)(2,63,152,289,205,450)(3,103,128,380,399,451)(4,184,80,
    45,278,7)(5,104,279,8,12,353)(6,229,498,22,33,31)(9,227,129,112,594,
    425)(10,18,249,371,193,143)(11,19,378,95,154,144)(13,202,97,185,513,
    376)(14,395,213,186,485,377)(15,219,60,57,427,34)(16,418,140,135,428,
    35)(20,271,398,187,636,356)(21,131,297,188,319,320)(23,208,397,110,374,
    553)(24,404,593,111,375,473)(25,151,268,113,583,426)(26,38,40,410,365,
    486)(27,91,41,536,366,480)(28,326,650,535,290,192)(29,527,569,632,291,
    169)(30,50,379,86,155,296)(36,189,102,288,272,58)(37,362,224,510,273,
    53)(39,577,61,237,334,474)(42,487,168,280,610,88)(43,424,415,138,54,
    84)(44,287,386,139,127,85)(46,441,612,496,546,260)(47,616,500,497,529,
    477)(48,141,512,348,119,302)(49,142,520,349,253,414)(51,361,336,220,214,
    436)( [...] ), (1,8,37,127)(2,118,605,108,471,6,178,332,220,570,29,470)(3,
    136,27,223,158,16,201,22,429,15,67,368)(4,509,316,273,100,21,533,426,202,
    312,87,483)(5,591,217,170,355,11,78,310,453,614,49,119)(7,579,303,205,351,
    14,481,156,485,603,60,117)(9,546,489,230,288,41,487,80,231,374,148,91)(10,
    259,266,252,167,19,371,66,122,187,79,110)(12,568,517,327,318,54,547,228,
    439,208,188,373)(13,339,258,125,490,24,451,362,186,238,62,537)(17,39,257,
    104,383,71,144,101,23,179,161,275)(18,140,132,172,61,32,241,380,248,86,
    121,344)(20,249,578,194,486,35,138,229,276,513,134,204)(25,278,529,103,
    484,96,272,196,321,436,68,379)(26,256,342,428,94,44,292,454,495,243,155,
    593)(28,391,388,360,284,47,56,602,281,135,165,90)(30,128,551,516,93,113,
    191,75,234,235,291,59)(31,331,254,476,74,52,263,357,109,184,181,
    46)( [...] ) ]
<permutation group with 2 generators>
max1=L3(8).3 order=49448448 normal=true
[ (1,2)(3,5)(4,7)(6,10)(8,13)(9,15)(11,18)(12,20)(14,23)(16,26)(17,28)(19,
    31)(21,34)(22,36)(25,40)(27,43)(29,46)(30,48)(32,51)(33,53)(35,56)(37,
    58)(38,59)(39,61)(41,64)(42,66)(44,68)(45,70)(47,73)(49,76)(50,78)(52,
    81)(54,84)(55,86)(57,89)(60,92)(62,95)(63,69)(65,98)(67,101)(71,105)(72,
    107)(74,110)(75,112)(77,115)(79,118)(80,120)(82,123)(83,125)(85,128)(87,
    131)(88,133)(90,136)(91,138)(93,141)(94,143)(96,145)(97,147)(99,149)(100,
    151)(102,154)(103,156)(104,158)(106,161)(109,164)(111,166)(113,140)(114,
    169)(116,172)(117,174)(119,177)(121,179)(126,185)(127,187)(129,190)(130,
    192)(132,194)(134,182)(135,198)(139,203)(142,206)(144,209)(146,212)(148,
    214)(150,217)(152,220)(153,222)(155,225)(157,228)(159,196)(160,230)(162,
    232)(163,234)(165,180)(167,238)(168,240)(170,243)(171,241)(173,247)(175,
    250)( [...] ), (1,3,6,11,19,32,52,82,124,183,192,271,377,491,238,336,187,
    36)(2,4,8,14,24,39,62,86,130,169,242,340,451,73,109,165,236,333)(5,9,16,
    27,44,69,103,157,7,12,21,35,57,90,137,201,286,120)(10,17,29,47,74,111,167,
    239,258,361,476,425,537,558,490,26,42,67)(13,22,37,53,83,126,186,264,46,
    72,108,163,220,128,189,267,371,43)(15,25,41,65,99,150,218,310,417,528,452,
    28,45,71,106,70,104,159)(18,30,49,77,116,173,248,349,462,269,373,59,91,
    139,204,289,398,112)(20,33,54,85,129,191,270,375,489,51,80,121,180,257,
    360,474,323,432)(23,38,60,93,142,207,294,403,516,209,296,275,381,494,482,
    576,158,229)(31,50,79,119,178,255,357,472,570,534,605,473,571,281,389,502,
    471,466)(34,55,87,132,195,276,383,475,572,633,622,652,600,644,586,525,550,
    616)(40,63,96,146,147,213,302,411,107,162,233,328,439,548,614,647,656,
    508)( [...] ) ] -> [ <identity> of ..., f1 ]
Group([ f1 ])
|Q|=2
order 2: in-max1 n=4 C=[ 21504 ] | outside n=27 C=[ 3024 ]
order 3: in-max1 n=267 C=[ 378, 1008 ] | outside n=0 C=[  ]
order 7: in-max1 n=1061 C=[ 98, 147, 3528 ] | outside n=0 C=[  ]
