true
function( t, a, b, c ) ... end
GAP 4.12.1
Syntax warning: Unbound global variable
  for a in Filtered([1..Length(ords)], i->ords[i]=2) do
                                          ^^^^
Syntax warning: Unbound global variable
    for b in Filtered([1..Length(ords)], i->ords[i]=3) do
                                            ^^^^
Syntax warning: Unbound global variable
      for c in Filtered([1..Length(ords)], i->ords[i]=7) do
                                              ^^^^
== L3(8) order=16482816 nc=72 ==
2a x 3a x 7a Frob=0 CMC=0
2a x 3a x 7b Frob=0 CMC=0
2a x 3a x 7c Frob=0 CMC=0
2a x 3a x 7d Frob=0 CMC=0
2a x 3a x 7e Frob=0 CMC=0
2a x 3a x 7f Frob=0 CMC=0
2a x 3a x 7g Frob=1 CMC=49
2a x 3a x 7h Frob=1 CMC=49
2a x 3a x 7i Frob=15/7 CMC=105
2a x 3a x 7j Frob=15/7 CMC=105
2a x 3a x 7k Frob=15/7 CMC=105
== L3(8).3 order=49448448 nc=40 ==
2a x 3a x 7a Frob=0 CMC=0
2a x 3a x 7b Frob=0 CMC=0
2a x 3a x 7c Frob=1/3 CMC=49
2a x 3a x 7d Frob=1/3 CMC=49
2a x 3a x 7e Frob=15/7 CMC=105
2a x 3b x 7a Frob=0 CMC=0
2a x 3b x 7b Frob=0 CMC=0
2a x 3b x 7c Frob=0 CMC=0
2a x 3b x 7d Frob=0 CMC=0
2a x 3b x 7e Frob=0 CMC=0
2a x 3c x 7a Frob=0 CMC=0
2a x 3c x 7b Frob=0 CMC=0
2a x 3c x 7c Frob=0 CMC=0
2a x 3c x 7d Frob=0 CMC=0
2a x 3c x 7e Frob=0 CMC=0
== L3(8).6 order=98896896 nc=41 ==
2a x 3a x 7a Frob=0 CMC=0
2a x 3a x 7b Frob=1/3 CMC=49
2a x 3a x 7c Frob=15/14 CMC=105
2a x 3b x 7a Frob=0 CMC=0
2a x 3b x 7b Frob=0 CMC=0
2a x 3b x 7c Frob=0 CMC=0
2a x 3c x 7a Frob=0 CMC=0
2a x 3c x 7b Frob=0 CMC=0
2a x 3c x 7c Frob=0 CMC=0
2b x 3a x 7a Frob=0 CMC=0
2b x 3a x 7b Frob=0 CMC=0
2b x 3a x 7c Frob=0 CMC=0
2b x 3b x 7a Frob=0 CMC=0
2b x 3b x 7b Frob=0 CMC=0
2b x 3b x 7c Frob=0 CMC=0
2b x 3c x 7a Frob=0 CMC=0
2b x 3c x 7b Frob=0 CMC=0
2b x 3c x 7c Frob=0 CMC=0
