true
### Frobenius (2,3,7) normalized constants ###
function( t, a, b, c ) ... end
CharacterTable( "L3(8).3" )
[ 1, 2, 3, 4, 7, 7, 7, 7, 7, 9, 14, 14, 21, 21, 63, 63, 63, 63, 63, 63, 73, 
  73, 73, 73, 73, 73, 73, 73, 3, 3, 6, 6, 9, 9, 12, 12, 21, 21, 21, 21 ]
[ "1a", "2a", "3a", "4a", "7a", "7b", "7c", "7d", "7e", "9a", "14a", "14b", 
  "21a", "21b", "63a", "63b", "63c", "63d", "63e", "63f", "73a", "73b", 
  "73c", "73d", "73e", "73f", "73g", "73h", "3b", "3c", "6a", "6b", "9b", 
  "9c", "12a", "12b", "21c", "21d", "21e", "21f" ]
GAP 4.12.1
table=L3(8).3 order=49448448
2a x 3a x 7a Frob=0 CMC=0 cG=10752,189,3528
2a x 3a x 7b Frob=0 CMC=0 cG=10752,189,3528
2a x 3a x 7c Frob=1/3 CMC=49 cG=10752,189,147
2a x 3a x 7d Frob=1/3 CMC=49 cG=10752,189,147
2a x 3a x 7e Frob=15/7 CMC=105 cG=10752,189,49
2a x 3b x 7a Frob=0 CMC=0 cG=10752,504,3528
2a x 3b x 7b Frob=0 CMC=0 cG=10752,504,3528
2a x 3b x 7c Frob=0 CMC=0 cG=10752,504,147
2a x 3b x 7d Frob=0 CMC=0 cG=10752,504,147
2a x 3b x 7e Frob=0 CMC=0 cG=10752,504,49
2a x 3c x 7a Frob=0 CMC=0 cG=10752,504,3528
2a x 3c x 7b Frob=0 CMC=0 cG=10752,504,3528
2a x 3c x 7c Frob=0 CMC=0 cG=10752,504,147
2a x 3c x 7d Frob=0 CMC=0 cG=10752,504,147
2a x 3c x 7e Frob=0 CMC=0 cG=10752,504,49
