CHECK raw_sum=0 actual_CMC=0 expected_CMC=0
FROBENIUS L3(8) 2a 3a 7a normalized=0 CMC=0
CHECK raw_sum=0 actual_CMC=0 expected_CMC=0
FROBENIUS L3(8) 2a 3a 7b normalized=0 CMC=0
CHECK raw_sum=0 actual_CMC=0 expected_CMC=0
FROBENIUS L3(8) 2a 3a 7c normalized=0 CMC=0
CHECK raw_sum=0 actual_CMC=0 expected_CMC=0
FROBENIUS L3(8) 2a 3a 7d normalized=0 CMC=0
CHECK raw_sum=0 actual_CMC=0 expected_CMC=0
FROBENIUS L3(8) 2a 3a 7e normalized=0 CMC=0
CHECK raw_sum=0 actual_CMC=0 expected_CMC=0
FROBENIUS L3(8) 2a 3a 7f normalized=0 CMC=0
CHECK raw_sum=49/73 actual_CMC=49 expected_CMC=49
FROBENIUS L3(8) 2a 3a 7g normalized=1 CMC=49
CHECK raw_sum=49/73 actual_CMC=49 expected_CMC=49
FROBENIUS L3(8) 2a 3a 7h normalized=1 CMC=49
CHECK raw_sum=105/73 actual_CMC=105 expected_CMC=105
FROBENIUS L3(8) 2a 3a 7i normalized=15/7 CMC=105
CHECK raw_sum=105/73 actual_CMC=105 expected_CMC=105
FROBENIUS L3(8) 2a 3a 7j normalized=15/7 CMC=105
CHECK raw_sum=105/73 actual_CMC=105 expected_CMC=105
FROBENIUS L3(8) 2a 3a 7k normalized=15/7 CMC=105
CHECK raw_sum=0 actual_CMC=0 expected_CMC=0
FROBENIUS L3(8).3 2a 3a 7a normalized=0 CMC=0
CHECK raw_sum=0 actual_CMC=0 expected_CMC=0
FROBENIUS L3(8).3 2a 3a 7b normalized=0 CMC=0
CHECK raw_sum=147/73 actual_CMC=49 expected_CMC=49
FROBENIUS L3(8).3 2a 3a 7c normalized=1/3 CMC=49
CHECK raw_sum=147/73 actual_CMC=49 expected_CMC=49
FROBENIUS L3(8).3 2a 3a 7d normalized=1/3 CMC=49
CHECK raw_sum=315/73 actual_CMC=105 expected_CMC=105
FROBENIUS L3(8).3 2a 3a 7e normalized=15/7 CMC=105
CHECK raw_sum=0 actual_CMC=0 expected_CMC=0
FROBENIUS L3(8).3 2a 3b 7a normalized=0 CMC=0
CHECK raw_sum=0 actual_CMC=0 expected_CMC=0
FROBENIUS L3(8).3 2a 3b 7b normalized=0 CMC=0
CHECK raw_sum=0 actual_CMC=0 expected_CMC=0
FROBENIUS L3(8).3 2a 3b 7c normalized=0 CMC=0
CHECK raw_sum=0 actual_CMC=0 expected_CMC=0
FROBENIUS L3(8).3 2a 3b 7d normalized=0 CMC=0
CHECK raw_sum=0 actual_CMC=0 expected_CMC=0
FROBENIUS L3(8).3 2a 3b 7e normalized=0 CMC=0
CHECK raw_sum=0 actual_CMC=0 expected_CMC=0
FROBENIUS L3(8).3 2a 3c 7a normalized=0 CMC=0
CHECK raw_sum=0 actual_CMC=0 expected_CMC=0
FROBENIUS L3(8).3 2a 3c 7b normalized=0 CMC=0
CHECK raw_sum=0 actual_CMC=0 expected_CMC=0
FROBENIUS L3(8).3 2a 3c 7c normalized=0 CMC=0
CHECK raw_sum=0 actual_CMC=0 expected_CMC=0
FROBENIUS L3(8).3 2a 3c 7d normalized=0 CMC=0
CHECK raw_sum=0 actual_CMC=0 expected_CMC=0
FROBENIUS L3(8).3 2a 3c 7e normalized=0 CMC=0
CHECK raw_sum=0 actual_CMC=0 expected_CMC=0
FROBENIUS L3(8).6 2a 3a 7a normalized=0 CMC=0
CHECK raw_sum=294/73 actual_CMC=49 expected_CMC=49
FROBENIUS L3(8).6 2a 3a 7b normalized=1/3 CMC=49
CHECK raw_sum=630/73 actual_CMC=105 expected_CMC=105
FROBENIUS L3(8).6 2a 3a 7c normalized=15/14 CMC=105
CHECK raw_sum=0 actual_CMC=0 expected_CMC=0
FROBENIUS L3(8).6 2a 3b 7a normalized=0 CMC=0
CHECK raw_sum=0 actual_CMC=0 expected_CMC=0
FROBENIUS L3(8).6 2a 3b 7b normalized=0 CMC=0
CHECK raw_sum=0 actual_CMC=0 expected_CMC=0
FROBENIUS L3(8).6 2a 3b 7c normalized=0 CMC=0
CHECK raw_sum=0 actual_CMC=0 expected_CMC=0
FROBENIUS L3(8).6 2a 3c 7a normalized=0 CMC=0
CHECK raw_sum=0 actual_CMC=0 expected_CMC=0
FROBENIUS L3(8).6 2a 3c 7b normalized=0 CMC=0
CHECK raw_sum=0 actual_CMC=0 expected_CMC=0
FROBENIUS L3(8).6 2a 3c 7c normalized=0 CMC=0
CHECK raw_sum=0 actual_CMC=0 expected_CMC=0
FROBENIUS L3(8).6 2b 3a 7a normalized=0 CMC=0
CHECK raw_sum=0 actual_CMC=0 expected_CMC=0
FROBENIUS L3(8).6 2b 3a 7b normalized=0 CMC=0
CHECK raw_sum=0 actual_CMC=0 expected_CMC=0
FROBENIUS L3(8).6 2b 3a 7c normalized=0 CMC=0
CHECK raw_sum=0 actual_CMC=0 expected_CMC=0
FROBENIUS L3(8).6 2b 3b 7a normalized=0 CMC=0
CHECK raw_sum=0 actual_CMC=0 expected_CMC=0
FROBENIUS L3(8).6 2b 3b 7b normalized=0 CMC=0
CHECK raw_sum=0 actual_CMC=0 expected_CMC=0
FROBENIUS L3(8).6 2b 3b 7c normalized=0 CMC=0
CHECK raw_sum=0 actual_CMC=0 expected_CMC=0
FROBENIUS L3(8).6 2b 3c 7a normalized=0 CMC=0
CHECK raw_sum=0 actual_CMC=0 expected_CMC=0
FROBENIUS L3(8).6 2b 3c 7b normalized=0 CMC=0
CHECK raw_sum=0 actual_CMC=0 expected_CMC=0
FROBENIUS L3(8).6 2b 3c 7c normalized=0 CMC=0
ALL_THREE_CHARACTER_TABLES_OK
SEVEN_CLASS size=4672 pairs=0 subgroup_orders=[  ] M5=0 M1=0 M2=0 union=0
SEVEN_CLASS size=4672 pairs=0 subgroup_orders=[  ] M5=0 M1=0 M2=0 union=0
SEVEN_CLASS size=4672 pairs=0 subgroup_orders=[  ] M5=0 M1=0 M2=0 union=0
SEVEN_CLASS size=4672 pairs=0 subgroup_orders=[  ] M5=0 M1=0 M2=0 union=0
SEVEN_CLASS size=4672 pairs=0 subgroup_orders=[  ] M5=0 M1=0 M2=0 union=0
SEVEN_CLASS size=4672 pairs=0 subgroup_orders=[  ] M5=0 M1=0 M2=0 union=0
SEVEN_CLASS size=336384 pairs=105 subgroup_orders=[ 504 ] M5=0 M1=56 M2=
56 union=105
SEVEN_CLASS size=336384 pairs=105 subgroup_orders=[ 504 ] M5=0 M1=56 M2=
56 union=105
SEVEN_CLASS size=336384 pairs=105 subgroup_orders=[ 504 ] M5=0 M1=56 M2=
56 union=105
SEVEN_CLASS size=336384 pairs=49 subgroup_orders=[ 168 ] M5=49 M1=0 M2=
0 union=0
SEVEN_CLASS size=336384 pairs=49 subgroup_orders=[ 168 ] M5=49 M1=0 M2=
0 union=0
COMPLETE_SIMPLE_GROUP_SCAN_OK
INDEX_THREE_NORMAL_SOCLE_OK
INDEX_TWO_NORMAL_EXTENSION_OK
COMPLETE_ALL_GROUP_REPLAY_OK
