(1,2)(3,5)(7,10)(8,12)(9,14)(11,17)(13,20)(15,22)(16,24)(18,25)(19,21)(23,
31)(27,36)(28,38)(29,40)(32,44)(34,46)(35,48)(37,51)(39,41)(42,54)(43,56)(45,
58)(50,61)(52,63)(53,62)(55,65)(57,64)(59,68)(66,71)(67,72)(69,73)
(1,3,6,9,15,23,32,45,59,24,33,14)(2,4,7,11,18,27,37,52,64,58,67,38)(5,8,13,21,
29,41,17,26,35,49,60,48)(10,16,25,34,47,54,46,31,43,57,65,70)(12,19,22,30,42,
55)(20,28,39,53)(36,50,56,66,61,51,62,69,72,73,71,44)(63,68)
<permutation group with 2 generators>
G order=49448448
function( path ) ... end
[ (1,25)(2,69)(3,62)(4,36)(5,28)(6,18)(7,68)(8,67)(9,63)(10,55)(11,47)(12,
    54)(14,30)(15,43)(16,65)(17,21)(19,35)(20,37)(22,60)(26,59)(27,66)(31,
    58)(32,33)(34,73)(38,57)(39,50)(40,48)(44,72)(45,52)(49,53)(51,71)(56,61),
  (1,24)(2,49,11,40)(3,55,56,60)(4,73,63,52)(5,26,29,22)(6,68,19,70)(7,39,31,
    53)(8,44,34,15)(9,32,17,48)(10,30)(12,71,47,61)(13,62,43,25)(14,69,21,
    66)(16,72,37,65)(18,50)(20,45)(23,54,38,41)(28,36,59,64)(33,57,42,67)(35,
    46,58,51), (1,4,7,16,33,14,15,30,42,46,47,54,55,70,10,11,26,35,5,6,9)(2,3,
    8,19,29,40,41,53,69,71,61,56,57,58,59,63,64,65,12,13,28)(17,18,34,31,32,
    36,37,62,20,21,22,23,43,66,44,45,67,73,72,38,39)(24,25,27,50,51,52,68)(48,
    49,60), (1,7,25,37,69,44,59,68,33)(2,6,15,42,31,45,38,53,72)(3,13,39,26,
    49,48,60,5,9)(4,11,35,8,22,32,50,62,28)(10,18,47,46,54,12,21,30,55)(14,23,
    57,67,71,51,64,70,16)(17,27,56,65,19,41,20,29,40)(24,34,43,61,66,36,52,63,
    58), (1,32)(2,37)(3,45)(4,52)(5,17)(6,59)(7,64)(8,26)(9,24)(10,46)(11,
    58)(13,35)(14,23)(15,33)(16,31)(18,67)(20,39)(21,49)(25,43)(27,38)(28,
    53)(29,60)(34,57)(36,62)(41,48)(44,51)(47,65)(50,69)(54,70)(56,72)(61,
    71)(66,73), (1,9,32,24)(2,11,37,58)(3,15,45,33)(4,18,52,67)(5,21,17,49)(6,
    23,59,14)(7,27,64,38)(8,29,26,60)(10,34,46,57)(12,30)(13,41,35,48)(16,47,
    31,65)(19,42)(20,53,39,28)(22,55)(25,54,43,70)(36,66,62,73)(44,56,51,
    72)(50,61,69,71)(63,68), (1,25,69,59,33,7,37,44,68)(2,15,31,38,72,6,42,45,
    53)(3,39,49,60,9,13,26,48,5)(4,35,22,50,28,11,8,32,62)(10,47,54,21,55,18,
    46,12,30)(14,57,71,64,16,23,67,51,70)(17,56,19,20,40,27,65,41,29)(24,43,
    66,52,58,34,61,36,63) ]
<permutation group with 2 generators>
N(socle via max1W1) order=16482816 index=3
IsNormal(G,N)=true
[ (1,2)(3,5)(7,10)(8,12)(9,14)(11,17)(13,20)(15,22)(16,24)(18,25)(19,21)(23,
    31)(27,36)(28,38)(29,40)(32,44)(34,46)(35,48)(37,51)(39,41)(42,54)(43,
    56)(45,58)(50,61)(52,63)(53,62)(55,65)(57,64)(59,68)(66,71)(67,72)(69,73),
  (1,3,6,9,15,23,32,45,59,24,33,14)(2,4,7,11,18,27,37,52,64,58,67,38)(5,8,13,
    21,29,41,17,26,35,49,60,48)(10,16,25,34,47,54,46,31,43,57,65,70)(12,19,22,
    30,42,55)(20,28,39,53)(36,50,56,66,61,51,62,69,72,73,71,44)(63,68) ] -> 
[ <identity> of ..., f1 ]
Group([ f1 ])
|Q|=3
Order(eN)=1 Order(fN)=3
0
0
0
0
0
0
order2: in-N=3 outside=0
order3: in-N=157 outside=122
order7: in-N=1039 outside=0
[  ]
[  ]
0
[  ]
sampled (2,3,7) triples=23 subgroup orders=[ 168, 504 ]
all sampled triples contained in socle N: true
