seeds at len 7: 1806
N, U, C1, C2
0 0 0 0
1 0 0 0
2 0 0 0
3 0 0 0
4 0 0 0
5 0 0 0
6 0 0 0
7 1806 1781 1785
8 8558 8224 8308
9 41586 38311 39314
10 206098 179263 188371
11 1037718 841254 911785
12 5293446 3958066 4451744
WIT12[7]: 4 3 2 7 6 5 1
WIT21[7]: 2 3 4 7 6 5 1
WIT12[8]: 5 4 3 8 7 6 2 1
WIT21[8]: 3 4 5 8 7 6 2 1
WIT12[9]: 6 5 4 9 8 7 3 2 1
WIT21[9]: 4 5 6 9 8 7 3 2 1
WIT12[10]: 7 6 5 10 9 8 4 3 2 1
WIT21[10]: 5 6 7 10 9 8 4 3 2 1
WIT12[11]: 8 7 6 11 10 9 5 4 3 2 1
WIT21[11]: 6 7 8 11 10 9 5 4 3 2 1
