=== R1: diagonal-family gap census ===
level 1: 2 nontrivial diagonals, violations(m<1 nonzero)=0, min nonzero entry=1
  exactly (a,b)-invariant diagonals: 2 (expect 2: 0 and 1)
level 2: 14 nontrivial diagonals, violations(m<1 nonzero)=0, min nonzero entry=1
  exactly (a,b)-invariant diagonals: 2 (expect 2: 0 and 1)
level 3: 254 nontrivial diagonals, violations(m<1 nonzero)=0, min nonzero entry=1
  exactly (a,b)-invariant diagonals: 2 (expect 2: 0 and 1)
level 4: 65534 nontrivial diagonals, violations(m<1 nonzero)=0, min nonzero entry=1
  exactly (a,b)-invariant diagonals: 2 (expect 2: 0 and 1)
R1 RESULT: diagonal family admits NO approximant (gap 0-or->=1 forces triviality).
=== R2: trace arithmetic ===
level 1: best m=1, tau=0.500000, |.-1/3|=0.166667 --
level 2: best m=1, tau=0.250000, |.-1/3|=0.083333 --
level 3: best m=3, tau=0.375000, |.-1/3|=0.041667 --
level 4: best m=5, tau=0.312500, |.-1/3|=0.020833 --
level 5: best m=11, tau=0.343750, |.-1/3|=0.010417 --
level 6: best m=21, tau=0.328125, |.-1/3|=0.005208 OK
level 7: best m=43, tau=0.335938, |.-1/3|=0.002604 OK
level 8: best m=85, tau=0.332031, |.-1/3|=0.001302 OK
level 9: best m=171, tau=0.333984, |.-1/3|=0.000651 OK
R2 RESULT: minimal diagonal level for trace tolerance = 6; R1 kills centrality there anyway.
=== R3: coefficient suppression identities ===
a swaps [0]<->[1] pointwise: True
b preserves first letter: True; b swaps [00]<->[01]: True
R3 RESULT: F0-diagonal commutators suppress f_a (and all words moving [0]/[1]) below 0.01; only <b>-supported coefficients survive, but [.,u_a]<0.01 couples them back. No finite ansatz closed; general construction not found in bound.
{'R1_diagonal_no_go': True, 'R2_min_trace_level': 6, 'fallback_constructed': False, 'verdict': 'ATTEMPTED_AND_BLOCKED'}
FALLBACK_VERIFY_DONE
