PASS s3 idempotent
PASS m3 idempotent
PASS e4 idempotent
PASS s3 commutative
PASS s3 associative
PASS m3 majority xxy
PASS m3 majority xyx
PASS m3 majority yxx
PASS theta congruence for s3
PASS theta congruence for m3
PASS quotient s3/theta = 2-elem max semilattice
PASS quotient m3/theta = 2-elem majority
PASS quotient semilattice laws (assoc/comm/idem)
PASS m3 majority inside block [0, 1]
PASS block [0, 1] closed under s3,m3
PASS m3 majority inside block [2, 3]
PASS block [2, 3] closed under s3,m3
PASS c3 cyclic
PASS c3 idempotent
Taylor certificate: cyclic term c3=m3 (symmetric, idempotent) logged.
PASS Jonsson d0/d1 left
PASS Jonsson d1/d2 right
PASS Jonsson diagonal
PASS edge A1 e(y,y,x,x)=x [16/16]
PASS edge A2 e(y,x,y,x)=x [16/16]
PASS edge A3 e(y,x,x,y)=x [16/16]
PASS edge B3 e(x,x,x,y)=x [16/16] (Berman i=4)
PASS edge C3 e(x,x,y,x)=x [16/16] (Berman i=3)
PASS Berman canonical 3-edge triple :: A1&C3&B3
quadruples: 256
PASS e4 preserves theta (65536 pairs)
PASS e4 quotient-coherent (256/256)
edge_table.json rows: 256
Sg(0,0) = [0]
Sg(0,1) = [0, 1]
Sg(0,2) = [0, 2]
Sg(0,3) = [0, 3]
Sg(1,1) = [1]
Sg(1,2) = [1, 2]
Sg(1,3) = [1, 3]
Sg(2,2) = [2]
Sg(2,3) = [2, 3]
Sg(3,3) = [3]
PASS every pair generates a subuniverse<=itself-or-listed
whole A3 two-generated: False
PASS singletons are subuniverses
loop-free smooth compatible digraphs: 0 / 4096
PASS no loop-free smooth compatible digraph :: count=0
OVERALL: ALL_PASS
