PASS group-axioms.Z7 | order 7
PASS latin.Z7
PASS group-axioms.Z8cyc | order 8
PASS latin.Z8cyc
PASS group-axioms.Z4xZ2 | order 8
PASS latin.Z4xZ2
PASS group-axioms.V8 | order 8
PASS latin.V8
PASS group-axioms.D8 | order 8
PASS latin.D8
PASS group-axioms.Q8 | order 8
PASS latin.Q8
PASS transversal-count.Z7 | T=133 expected 133
PASS transversal-count.Z8cyc | T=0 expected 0
PASS transversal-count.Z4xZ2 | T=384 expected 384
PASS transversal-count.V8 | T=384 expected 384
PASS transversal-count.D8 | T=384 expected 384
PASS transversal-count.Q8 | T=384 expected 384
PASS transversal-witness.Z7 | [0, 1, 2, 3, 4, 5, 6]
PASS transversal-witness.Z4xZ2 | [0, 2, 3, 4, 5, 7, 6, 1]
PASS transversal-witness.V8 | [0, 2, 4, 6, 3, 1, 7, 5]
PASS transversal-witness.D8 | [0, 1, 4, 5, 3, 2, 7, 6]
PASS transversal-witness.Q8 | [0, 1, 3, 2, 6, 7, 5, 4]
PASS Z8.T==0 | exhaustive 8! scan
PASS Z8.tau==7 | computed max=7
PASS Z8.tau-witness | [(1, 0), (2, 1), (3, 2), (4, 3), (5, 5), (6, 6), (7, 7)]
PASS Z8.no-mate | mate needs 8 disjoint transversals; T=0 forbids it
PASS V8.C-is-perm | [0, 2, 4, 6, 3, 1, 7, 5]
PASS mate-latin.Z7
PASS mate-orthogonal.Z7 | distinct pairs=49 need 49
PASS mate-latin.V8
PASS mate-orthogonal.V8 | distinct pairs=64 need 64
PASS mate-latin.Z4xZ2
PASS mate-orthogonal.Z4xZ2 | distinct pairs=64 need 64
PASS mate-latin.D8
PASS mate-orthogonal.D8 | distinct pairs=64 need 64
PASS mate-latin.Q8
PASS mate-orthogonal.Q8 | distinct pairs=64 need 64
PASS mate-T.B7 | T=133
wrote results.json
ALL CHECKS PASSED
