[0;31m  ***   Warning: new maximum stack size = 1600000000 (1525.879 Mbytes).[0m
[0;31m  ***   Warning: new stack size = 128000000 (122.070 Mbytes).[0m
BEGIN_LAYER 0
CLGP=[3, [3], [[3, 1; 0, 1]]] SIGN=[0, 1] P_EF=[[1, 1], [1, 1]] COORD=[[1]~, [2]~] ORDER=[3, 3]
LOGCL=[[], [], []]
CYCLOTOMIC_LAYER_IDENTITY_OK
CERTIFIED=1
BEGIN_LAYER 1
CLGP=[63, [63], [[111, 88, 83, 84, 82, 104; 0, 1, 0, 0, 0, 0; 0, 0, 1, 0, 0, 0; 0, 0, 0, 1, 0, 0; 0, 0, 0, 0, 1, 0; 0, 0, 0, 0, 0, 1]]] SIGN=[0, 3] P_EF=[[3, 1], [3, 1]] COORD=[[7]~, [56]~] ORDER=[9, 9]
LOGCL=[[], [], []]
LIFTED_P7_NORM=343 LIFTED_P7_CLASS=[42]~
ORIGINAL_CAPITULATION_ASSERTION_DISPROVED
CYCLOTOMIC_LAYER_IDENTITY_OK
CERTIFIED=1
BEGIN_LAYER 2
CLGP=[10774323, [10774323], [[4659337, 4041965, 441771, 2522192, 4032480, 2577633, 3766718, 1503706, 4512552, 62300, 4567899, 1168707, 2602120, 1249628, 812130, 551109, 976605, 1998491; 0, 1, 0, 0, 0, 0, 0, 0, 0, 0, 0, 0, 0, 0, 0, 0, 0, 0; 0, 0, 1, 0, 0, 0, 0, 0, 0, 0, 0, 0, 0, 0, 0, 0, 0, 0; 0, 0, 0, 1, 0, 0, 0, 0, 0, 0, 0, 0, 0, 0, 0, 0, 0, 0; 0, 0, 0, 0, 1, 0, 0, 0, 0, 0, 0, 0, 0, 0, 0, 0, 0, 0; 0, 0, 0, 0, 0, 1, 0, 0, 0, 0, 0, 0, 0, 0, 0, 0, 0, 0; 0, 0, 0, 0, 0, 0, 1, 0, 0, 0, 0, 0, 0, 0, 0, 0, 0, 0; 0, 0, 0, 0, 0, 0, 0, 1, 0, 0, 0, 0, 0, 0, 0, 0, 0, 0; 0, 0, 0, 0, 0, 0, 0, 0, 1, 0, 0, 0, 0, 0, 0, 0, 0, 0; 0, 0, 0, 0, 0, 0, 0, 0, 0, 1, 0, 0, 0, 0, 0, 0, 0, 0; 0, 0, 0, 0, 0, 0, 0, 0, 0, 0, 1, 0, 0, 0, 0, 0, 0, 0; 0, 0, 0, 0, 0, 0, 0, 0, 0, 0, 0, 1, 0, 0, 0, 0, 0, 0; 0, 0, 0, 0, 0, 0, 0, 0, 0, 0, 0, 0, 1, 0, 0, 0, 0, 0; 0, 0, 0, 0, 0, 0, 0, 0, 0, 0, 0, 0, 0, 1, 0, 0, 0, 0; 0, 0, 0, 0, 0, 0, 0, 0, 0, 0, 0, 0, 0, 0, 1, 0, 0, 0; 0, 0, 0, 0, 0, 0, 0, 0, 0, 0, 0, 0, 0, 0, 0, 1, 0, 0; 0, 0, 0, 0, 0, 0, 0, 0, 0, 0, 0, 0, 0, 0, 0, 0, 1, 0; 0, 0, 0, 0, 0, 0, 0, 0, 0, 0, 0, 0, 0, 0, 0, 0, 0, 1]]] SIGN=[0, 9] P_EF=[[9, 1], [9, 1]] COORD=[[9178127]~, [1596196]~] ORDER=[27, 27]
LOGCL=[[], [], []]
CYCLOTOMIC_LAYER_IDENTITY_OK
K2_GRH_CONDITIONAL=true
REPLAY_CLASS_DATA_OK
