seg 20/200 low=95000000 hits=[] elapsed=0.2s
seg 40/200 low=195000000 hits=[] elapsed=0.3s
seg 60/200 low=295000000 hits=[] elapsed=0.5s
seg 80/200 low=395000000 hits=[] elapsed=0.6s
seg 100/200 low=495000000 hits=[] elapsed=0.8s
seg 120/200 low=595000000 hits=[] elapsed=1.0s
seg 140/200 low=695000000 hits=[685124351] elapsed=1.2s
seg 160/200 low=795000000 hits=[685124351] elapsed=1.3s
seg 180/200 low=895000000 hits=[685124351] elapsed=1.5s
seg 200/200 low=995000000 hits=[685124351] elapsed=1.7s
{
 "X": 1000000000,
 "SEG": 5000000,
 "H": [
  0,
  2,
  6,
  8,
  30,
  32,
  36,
  38,
  42
 ],
 "sqrt_limit": 31623,
 "n_base_primes": 3401,
 "hits": [
  685124351
 ],
 "n_hits": 1,
 "elapsed_s": 1.7
}
