Z7: associative OK (group)
  abelian=True
  orders=[1, 7, 7, 7, 7, 7, 7]
  center size=7
Z8: associative OK (group)
  abelian=True
  orders=[1, 2, 4, 4, 8, 8, 8, 8]
  center size=8
C4xC2: associative OK (group)
  abelian=True
  orders=[1, 2, 2, 2, 4, 4, 4, 4]
  center size=8
C2^3: associative OK (group)
  abelian=True
  orders=[1, 2, 2, 2, 2, 2, 2, 2]
  center size=8
D8: associative OK (group)
  abelian=False
  orders=[1, 2, 2, 2, 2, 2, 4, 4]
  center size=2
Q8: associative OK (group)
  abelian=False
  orders=[1, 2, 4, 4, 4, 4, 4, 4]
  center size=2
full invariance: checked 186 squares, mismatches=0, time=2.2s
