=== sigma_N ===
N=       100 B=15.85 sigma_N^2=0.96357166
N=      1000 B=63.1 sigma_N^2=0.99084961
N=     10000 B=251.2 sigma_N^2=0.99770153
N=   1000000 B=3981 sigma_N^2=0.99985498
N=1000000000 B=2.512e+05 sigma_N^2=0.99999770

=== exceedance mean M*p for K'=2 (beta=0.6) ===
N=       100 t=19.63 B=15.85 Mp=0 P(no exceed)=1
N=      1000 t=62.96 B=63.1 Mp=0.002563 P(no exceed)=0.997
N=     10000 t=199.8 B=251.2 Mp=0.5998 P(no exceed)=0.549
N=   1000000 t=2000 B=3981 Mp=10.51 P(no exceed)=2.74e-05
N=1000000000 t=6.325e+04 B=2.512e+05 Mp=374.3 P(no exceed)=2.8e-163

=== sampled max scaled entry and counts of |H|>1 (beta=0.6) ===
N=200 B/sqrtN=1.699 sampled_max=1.719 count_gt1=4 E[count]~2.7
N=500 B/sqrtN=1.862 sampled_max=1.408 count_gt1=1 E[count]~4.3
N=2000 B/sqrtN=2.138 sampled_max=1.951 count_gt1=3 E[count]~8.6

=== small dense spectrum demo (beta=0.6) ===
N=800 B/sqrtN=1.951 max|H_ij|=1.962 lambda_max=2.504 (bulk edge 2)
NOTE: max|H_ij| grows as N^{beta-1/2} -> infinity; lambda_max >= max|H_ij| - max|diag| diverges.
Hence N^{2/3}(lambda_max-2) -> +infinity in prob, not TW1.

VERIFY_OK
