{
  "(2, 2)": {
    "representations": 4096,
    "classes": 148,
    "indecomposable": 98,
    "absolutely_indecomposable": 91,
    "bricks": 70,
    "local_end2": 21,
    "field_end2": 7,
    "orbit_sizes": {
      "1": 1,
      "9": 7,
      "6": 7,
      "18": 35,
      "36": 91,
      "12": 7
    },
    "endomorphism_dimensions": {
      "8": 1,
      "5": 7,
      "4": 7,
      "3": 14,
      "2": 49,
      "1": 70
    }
  },
  "(2, 3)": {
    "representations": 262144,
    "classes": 402,
    "indecomposable": 204,
    "absolutely_indecomposable": 204,
    "bricks": 183,
    "local_end2": 21,
    "field_end2": 0,
    "orbit_sizes": {
      "1": 1,
      "21": 7,
      "42": 14,
      "126": 28,
      "252": 91,
      "504": 43,
      "84": 7,
      "1008": 211
    },
    "endomorphism_dimensions": {
      "13": 1,
      "9": 7,
      "7": 14,
      "6": 7,
      "5": 49,
      "3": 22,
      "1": 183,
      "4": 70,
      "2": 49
    }
  },
  "elapsed_seconds": 0.7995648724026978
}
COMPLETE_KAC_ORBIT_REPLAY_OK
