[gate] atlas=1253 n7=1044 t=0.0s
[small] scanned=53 torsion_cases=0 t=0.0s
[census] 150/1044 t=0.1s
[census] 300/1044 t=0.2s
[census] 450/1044 t=0.3s
[census] 600/1044 t=0.4s
[census] 750/1044 t=0.5s
[census] 900/1044 t=0.7s
[census] done torsion_cases=0 t=0.9s
[rp2] facets=[(0, 1, 2), (0, 1, 3), (0, 2, 4), (0, 3, 5), (0, 4, 5), (1, 2, 5), (1, 3, 4), (1, 4, 5), (2, 3, 4), (2, 3, 5)] H1tors=[2] t=0.9s
[collapse] greedy_core=(6,15,10) exhaustive_reaches=False states=1 t=0.9s
{
 "atlas_total": 1253,
 "n7": 1044,
 "small_scanned": 53,
 "small_torsion_cases": 0,
 "torsion_cases_7": 0,
 "torsion_rows_7": [],
 "qq_spot_checks": 10,
 "rp2_facets": [
  [
   0,
   1,
   2
  ],
  [
   0,
   1,
   3
  ],
  [
   0,
   2,
   4
  ],
  [
   0,
   3,
   5
  ],
  [
   0,
   4,
   5
  ],
  [
   1,
   2,
   5
  ],
  [
   1,
   3,
   4
  ],
  [
   1,
   4,
   5
  ],
  [
   2,
   3,
   4
  ],
  [
   2,
   3,
   5
  ]
 ],
 "rp2_homology": {
  "b0": 1,
  "b1": 0,
  "b2": 0,
  "h1tors": [
   2
  ],
  "snf_d2": [
   1,
   1,
   1,
   1,
   1,
   1,
   -1,
   1,
   1,
   -2
  ]
 },
 "rp2_greedy_core": {
  "nv": 6,
  "ne": 15,
  "nt": 10,
  "steps": 0
 },
 "exhaustive": {
  "reaches_point": false,
  "states": 1
 },
 "elapsed_s": 0.9
}
