polys=200 pairs=19900
Traceback (most recent call last):
  File "/srv/scope-research/rounds/2026-09-07-first-light-01/workspaces/research/lane-277/output/artifacts/shape_census_sympy.py", line 297, in <module>
    main()
  File "/srv/scope-research/rounds/2026-09-07-first-light-01/workspaces/research/lane-277/output/artifacts/shape_census_sympy.py", line 202, in main
    ok, zd, dimq, nd, nm, Ix, Iy = variety_info(fi, fj, None, None)
                                   ^^^^^^^^^^^^^^^^^^^^^^^^^^^^^^^^
  File "/srv/scope-research/rounds/2026-09-07-first-light-01/workspaces/research/lane-277/output/artifacts/shape_census_sympy.py", line 140, in variety_info
    AK = Poly(Poly(f, x, y).as_poly(x, domain=K),
              ^^^^^^^^^^^^^^^^^^^^^^^^^^^^^^^^^^
  File "/usr/lib/python3/dist-packages/sympy/polys/polytools.py", line 1116, in as_poly
    poly = Poly(self, *gens, **args)
           ^^^^^^^^^^^^^^^^^^^^^^^^^
  File "/usr/lib/python3/dist-packages/sympy/polys/polytools.py", line 180, in __new__
    return cls._from_poly(rep, opt)
           ^^^^^^^^^^^^^^^^^^^^^^^^
  File "/usr/lib/python3/dist-packages/sympy/polys/polytools.py", line 297, in _from_poly
    return cls._from_expr(rep.as_expr(), opt)
           ^^^^^^^^^^^^^^^^^^^^^^^^^^^^^^^^^^
  File "/usr/lib/python3/dist-packages/sympy/polys/polytools.py", line 312, in _from_expr
    return cls._from_dict(rep, opt)
           ^^^^^^^^^^^^^^^^^^^^^^^^
  File "/usr/lib/python3/dist-packages/sympy/polys/polytools.py", line 259, in _from_dict
    rep[monom] = domain.convert(coeff)
                 ^^^^^^^^^^^^^^^^^^^^^
  File "/usr/lib/python3/dist-packages/sympy/polys/domains/domain.py", line 463, in convert
    raise CoercionFailed("Cannot convert %s of type %s to %s" % (element, type(element), self))
sympy.polys.polyerrors.CoercionFailed: Cannot convert -y**2 - y - 1 of type <class 'sympy.core.add.Add'> to QQ<y**2 + y + 1>
