polys=200 pairs=19900
  2000/19900 4s ZD=1887 BF=800
  4000/19900 10s ZD=3822 BF=1137
  6000/19900 14s ZD=5783 BF=1680
  8000/19900 20s ZD=7700 BF=1738
  10000/19900 25s ZD=9620 BF=2096
  12000/19900 29s ZD=11487 BF=2532
  14000/19900 34s ZD=13429 BF=3200
  16000/19900 39s ZD=15404 BF=4028
  18000/19900 44s ZD=17382 BF=4715
{
 "n_polys": 200,
 "n_pairs": 19900,
 "counts": {
  "ZD": 19048,
  "POS": 548,
  "INC": 516,
  "shape_xy": 13556,
  "shape_yx": 0,
  "either": 13556,
  "both": 0,
  "both_fail": 5280,
  "res_div_fail": 18836
 },
 "Pstar": {
  "i": 0,
  "j": 16,
  "f": "-y^2-y-1",
  "g": "-x^2-y-1",
  "Gxy": [
   "Poly(x**2 + y + 1, x, y, domain='QQ')",
   "Poly(y**2 + y + 1, x, y, domain='QQ')"
  ],
  "Gyx": [
   "Poly(x**4 + x**2 + 1, y, x, domain='QQ')",
   "Poly(y + x**2 + 1, y, x, domain='QQ')"
  ],
  "Ggr": [
   "Poly(x**2 + y + 1, x, y, domain='QQ')",
   "Poly(y**2 + y + 1, x, y, domain='QQ')"
  ],
  "elim_deg_y": 0,
  "elim_deg_x": -1,
  "res_y_deg": 4,
  "res_x_deg": 4,
  "n_distinct": 4,
  "quot_dim": 4
 },
 "seconds": 48.4
}
done 48s both_fail_stored=80
