polys=200 pairs=19900
Traceback (most recent call last):
  File "/srv/scope-research/rounds/2026-09-07-first-light-01/workspaces/research/lane-277/output/artifacts/shape_census_sympy.py", line 500, in <module>
    main()
  File "/srv/scope-research/rounds/2026-09-07-first-light-01/workspaces/research/lane-277/output/artifacts/shape_census_sympy.py", line 443, in main
    nd_y, nm_y, nd_x = fiber_counts(fi, fj, dicts[i], dicts[j],
                       ^^^^^^^^^^^^^^^^^^^^^^^^^^^^^^^^^^^^^^^^
  File "/srv/scope-research/rounds/2026-09-07-first-light-01/workspaces/research/lane-277/output/artifacts/shape_census_sympy.py", line 356, in fiber_counts
    qfac = Poly(qfac, x, domain=QQ).monic()
           ^^^^^^^^^^^^^^^^^^^^^^^^
  File "/usr/lib/python3/dist-packages/sympy/polys/polytools.py", line 180, in __new__
    return cls._from_poly(rep, opt)
           ^^^^^^^^^^^^^^^^^^^^^^^^
  File "/usr/lib/python3/dist-packages/sympy/polys/polytools.py", line 297, in _from_poly
    return cls._from_expr(rep.as_expr(), opt)
           ^^^^^^^^^^^^^^^^^^^^^^^^^^^^^^^^^^
  File "/usr/lib/python3/dist-packages/sympy/polys/polytools.py", line 312, in _from_expr
    return cls._from_dict(rep, opt)
           ^^^^^^^^^^^^^^^^^^^^^^^^
  File "/usr/lib/python3/dist-packages/sympy/polys/polytools.py", line 259, in _from_dict
    rep[monom] = domain.convert(coeff)
                 ^^^^^^^^^^^^^^^^^^^^^
  File "/usr/lib/python3/dist-packages/sympy/polys/domains/domain.py", line 451, in convert
    return self.from_sympy(element)
           ^^^^^^^^^^^^^^^^^^^^^^^^
  File "/usr/lib/python3/dist-packages/sympy/polys/domains/rationalfield.py", line 65, in from_sympy
    raise CoercionFailed("expected `Rational` object, got %s" % a)
sympy.polys.polyerrors.CoercionFailed: expected `Rational` object, got y**2 + y + 1
