allowed(22): [0, 5, 7, 9, 10, 11, 13, 14, 15, 18, 19, 20, 21, 22, 23, 25, 26, 27, 28, 29, 30, 31]
forbidden(10): [1, 2, 3, 4, 6, 8, 12, 16, 17, 24]
allow mask 00 N=[]
allow mask 05 N=[0, 2]
allow mask 07 N=[0, 1, 2]
allow mask 09 N=[0, 3]
allow mask 10 N=[1, 3]
allow mask 11 N=[0, 1, 3]
allow mask 13 N=[0, 2, 3]
allow mask 14 N=[1, 2, 3]
allow mask 15 N=[0, 1, 2, 3]
allow mask 18 N=[1, 4]
allow mask 19 N=[0, 1, 4]
allow mask 20 N=[2, 4]
allow mask 21 N=[0, 2, 4]
allow mask 22 N=[1, 2, 4]
allow mask 23 N=[0, 1, 2, 4]
allow mask 25 N=[0, 3, 4]
allow mask 26 N=[1, 3, 4]
allow mask 27 N=[0, 1, 3, 4]
allow mask 28 N=[2, 3, 4]
allow mask 29 N=[0, 2, 3, 4]
allow mask 30 N=[1, 2, 3, 4]
allow mask 31 N=[0, 1, 2, 3, 4]
C5ATTACH_OK
