T1 n=1: total=1 P5free=1 min hom/n^c=1.0000 (hom=1)
T1 n=2: total=2 P5free=2 min hom/n^c=1.8340 (hom=2)
T1 n=3: total=8 P5free=8 min hom/n^c=1.7434 (hom=2)
T1 n=4: total=64 P5free=64 min hom/n^c=1.6818 (hom=2)
T1 n=5: total=1024 P5free=964 min hom/n^c=1.6355 (hom=2)
T1 n=6: total=32768 P5free=24968 min hom/n^c=2.3980 (hom=3)
T1: target TRUE for all n<=6 (exhaustive), min ratio 1.0000+ (attained)
T2 C5: n=5 G+complement connected, nontrivial modules=0
T2 C5 is PRIME (no nontrivial module)
T2 G2: n=25 G+complement connected, nontrivial modules=5
T2 G2 root = PRIME quotient C5 with 5 canonical block-modules (size 5 each)
T2: C5 and G_2 are PRIME nodes (grounding the hard case)
T3 n=8: tested=3408 min greedy-hom/n^c=2.3133 (hom>=3)
T3 n=10: tested=2816 min greedy-hom/n^c=2.9996 (hom>=4)
T3 n=12: tested=2325 min greedy-hom/n^c=3.6650 (hom>=5)
T3 n=16: tested=1464 min greedy-hom/n^c=4.9497 (hom>=7)
T3 n=20: tested=830 min greedy-hom/n^c=4.8136 (hom>=7)
T3 n=25 planted G_2: hom=4 ratio=2.6750
T3: no refutation of target in random probe; ratios stay above 1
T4 degraded exponent c(1-c) at c=1/8: 0.109375=7/64<1/8 (near-miss)
T4 two-level iteration c(1-c)^2... limit 0: iteration cannot hold 1/8 either
T4 conclusion: domination-partition routes degrade exponent below 1/8 in ONE step;
   quantified obstruction: any split into factor-f<1 pieces loses factor f^c.
STRESS_OK
