G_0: n=1 m=0
G_1: n=5 m=5
G_2: n=25 m=150
m_2 cross-check OK (25+125=150)
G_0: n<5, P5-free vacuously
G_1: P5-free OK (exhaustive over C(5,5) 5-sets)
G_2: P5-free OK (exhaustive over C(25,5) 5-sets)
G_1=C5: no K3/I3; K2 witness (0, 1), I2 witness (0, 2) => hom=2=2^1 OK
G_2: no K5/I5 (exhaustive C(25,5)=53130); K4 witness (0, 1, 5, 6), I4 witness (0, 2, 10, 12)
=> hom(G_2)=4=2^2; formula hom(G_k)=2^k=n^{log_5 2} holds k<=2
log_5 2 = 0.430677 (upper bound for any P5 EH exponent on this family)
target c=1/8=0.125 < 0.430677: canonical family does NOT refute target
explicit 9-set [0, 1, 2, 5, 6, 7, 10, 11, 12] induces P4-free subgraph of G_2 (C(9,4)=126 checked)
9 >= 25^(1/4)=2.236: I4 cograph-extraction route not obstructed on G_2
(1/50)^c = 0.613238 (LOSS <1: one-step stall)
(1/4)^c = 0.840896 (LOSS <1: one-step stall)
(3/4)^c = 0.964679 (LOSS <1: one-step stall)
(1/7)^c = 0.784084 (LOSS <1: one-step stall)
(3n/4)^c/n^c = 0.964679 (LOSS <1: one-step stall)
Bacso-Tuza iterated exponent c(1-c) at c=1/8: 0.109375 = 7/64 < 1/8: near-miss quantified
I5 additive compensation 1+((n-2)/2)^(1/8)>=n^(1/8) holds up to n~100000000
high-degree omega deficit n^c-(n-1-s)^c, s=n^c, n=1e12: 0.000000 (<=1 => +1 wins)
concavity sum n_i^c>=n^c spot-checked on 200 random partitions (c=1/8)
VERIFY_OK
