HIT 120 3.0 [[[0, 'TL'], [0, 'TR']], [[0, 'BL'], [2, 'TR']], [[0, 'BR'], [1, 'TL']], [[1, 'TR'], [1, 'BR']], [[1, 'BL'], [2, 'TL']], [[2, 'BL'], [2, 'BR']]]
HIT 124 3.0 [[[0, 'TL'], [0, 'TR']], [[0, 'BL'], [2, 'TR']], [[0, 'BR'], [1, 'TR']], [[1, 'TL'], [1, 'BL']], [[1, 'BR'], [2, 'TL']], [[2, 'BL'], [2, 'BR']]]
HIT 129 3.0 [[[0, 'TL'], [0, 'TR']], [[0, 'BL'], [2, 'TR']], [[0, 'BR'], [1, 'BL']], [[1, 'TL'], [2, 'TL']], [[1, 'TR'], [1, 'BR']], [[2, 'BL'], [2, 'BR']]]
HIT 133 3.0 [[[0, 'TL'], [0, 'TR']], [[0, 'BL'], [2, 'TR']], [[0, 'BR'], [1, 'BR']], [[1, 'TL'], [1, 'BL']], [[1, 'TR'], [2, 'TL']], [[2, 'BL'], [2, 'BR']]]
HIT 138 3.0 [[[0, 'TL'], [0, 'TR']], [[0, 'BL'], [2, 'TR']], [[0, 'BR'], [2, 'TL']], [[1, 'TL'], [1, 'BL']], [[1, 'TR'], [2, 'BL']], [[1, 'BR'], [2, 'BR']]]
HIT 139 3.0 [[[0, 'TL'], [0, 'TR']], [[0, 'BL'], [2, 'TR']], [[0, 'BR'], [2, 'TL']], [[1, 'TL'], [1, 'BL']], [[1, 'TR'], [2, 'BR']], [[1, 'BR'], [2, 'BL']]]
HIT 140 3.0 [[[0, 'TL'], [0, 'TR']], [[0, 'BL'], [2, 'TR']], [[0, 'BR'], [2, 'TL']], [[1, 'TL'], [2, 'BL']], [[1, 'TR'], [1, 'BR']], [[1, 'BL'], [2, 'BR']]]
HIT 142 3.0 [[[0, 'TL'], [0, 'TR']], [[0, 'BL'], [2, 'TR']], [[0, 'BR'], [2, 'TL']], [[1, 'TL'], [2, 'BR']], [[1, 'TR'], [1, 'BR']], [[1, 'BL'], [2, 'BL']]]
HIT 144 3.0 [[[0, 'TL'], [0, 'TR']], [[0, 'BL'], [2, 'BL']], [[0, 'BR'], [1, 'TL']], [[1, 'TR'], [1, 'BR']], [[1, 'BL'], [2, 'BR']], [[2, 'TL'], [2, 'TR']]]
HIT 148 3.0 [[[0, 'TL'], [0, 'TR']], [[0, 'BL'], [2, 'BL']], [[0, 'BR'], [1, 'TR']], [[1, 'TL'], [1, 'BL']], [[1, 'BR'], [2, 'BR']], [[2, 'TL'], [2, 'TR']]]
HIT 155 3.0 [[[0, 'TL'], [0, 'TR']], [[0, 'BL'], [2, 'BL']], [[0, 'BR'], [1, 'BL']], [[1, 'TL'], [2, 'BR']], [[1, 'TR'], [1, 'BR']], [[2, 'TL'], [2, 'TR']]]
HIT 157 3.0 [[[0, 'TL'], [0, 'TR']], [[0, 'BL'], [2, 'BL']], [[0, 'BR'], [1, 'BR']], [[1, 'TL'], [1, 'BL']], [[1, 'TR'], [2, 'BR']], [[2, 'TL'], [2, 'TR']]]
HIT 162 3.0 [[[0, 'TL'], [0, 'TR']], [[0, 'BL'], [2, 'BL']], [[0, 'BR'], [2, 'BR']], [[1, 'TL'], [1, 'BL']], [[1, 'TR'], [2, 'TL']], [[1, 'BR'], [2, 'TR']]]
HIT 163 3.0 [[[0, 'TL'], [0, 'TR']], [[0, 'BL'], [2, 'BL']], [[0, 'BR'], [2, 'BR']], [[1, 'TL'], [1, 'BL']], [[1, 'TR'], [2, 'TR']], [[1, 'BR'], [2, 'TL']]]
HIT 164 3.0 [[[0, 'TL'], [0, 'TR']], [[0, 'BL'], [2, 'BL']], [[0, 'BR'], [2, 'BR']], [[1, 'TL'], [2, 'TL']], [[1, 'TR'], [1, 'BR']], [[1, 'BL'], [2, 'TR']]]
HIT 166 3.0 [[[0, 'TL'], [0, 'TR']], [[0, 'BL'], [2, 'BL']], [[0, 'BR'], [2, 'BR']], [[1, 'TL'], [2, 'TR']], [[1, 'TR'], [1, 'BR']], [[1, 'BL'], [2, 'TL']]]
HIT 168 3.0 [[[0, 'TL'], [0, 'TR']], [[0, 'BL'], [2, 'BR']], [[0, 'BR'], [1, 'TL']], [[1, 'TR'], [1, 'BR']], [[1, 'BL'], [2, 'BL']], [[2, 'TL'], [2, 'TR']]]
HIT 172 3.0 [[[0, 'TL'], [0, 'TR']], [[0, 'BL'], [2, 'BR']], [[0, 'BR'], [1, 'TR']], [[1, 'TL'], [1, 'BL']], [[1, 'BR'], [2, 'BL']], [[2, 'TL'], [2, 'TR']]]
HIT 179 3.0 [[[0, 'TL'], [0, 'TR']], [[0, 'BL'], [2, 'BR']], [[0, 'BR'], [1, 'BL']], [[1, 'TL'], [2, 'BL']], [[1, 'TR'], [1, 'BR']], [[2, 'TL'], [2, 'TR']]]
HIT 181 3.0 [[[0, 'TL'], [0, 'TR']], [[0, 'BL'], [2, 'BR']], [[0, 'BR'], [1, 'BR']], [[1, 'TL'], [1, 'BL']], [[1, 'TR'], [2, 'BL']], [[2, 'TL'], [2, 'TR']]]
HIT 186 3.0 [[[0, 'TL'], [0, 'TR']], [[0, 'BL'], [2, 'BR']], [[0, 'BR'], [2, 'BL']], [[1, 'TL'], [1, 'BL']], [[1, 'TR'], [2, 'TL']], [[1, 'BR'], [2, 'TR']]]
HIT 187 3.0 [[[0, 'TL'], [0, 'TR']], [[0, 'BL'], [2, 'BR']], [[0, 'BR'], [2, 'BL']], [[1, 'TL'], [1, 'BL']], [[1, 'TR'], [2, 'TR']], [[1, 'BR'], [2, 'TL']]]
HIT 188 3.0 [[[0, 'TL'], [0, 'TR']], [[0, 'BL'], [2, 'BR']], [[0, 'BR'], [2, 'BL']], [[1, 'TL'], [2, 'TL']], [[1, 'TR'], [1, 'BR']], [[1, 'BL'], [2, 'TR']]]
HIT 190 3.0 [[[0, 'TL'], [0, 'TR']], [[0, 'BL'], [2, 'BR']], [[0, 'BR'], [2, 'BL']], [[1, 'TL'], [2, 'TR']], [[1, 'TR'], [1, 'BR']], [[1, 'BL'], [2, 'TL']]]
HIT 192 3.0 [[[0, 'TL'], [0, 'BL']], [[0, 'TR'], [1, 'TL']], [[0, 'BR'], [1, 'TR']], [[1, 'BL'], [2, 'TL']], [[1, 'BR'], [2, 'TR']], [[2, 'BL'], [2, 'BR']]]
HIT 193 3.0 [[[0, 'TL'], [0, 'BL']], [[0, 'TR'], [1, 'TL']], [[0, 'BR'], [1, 'TR']], [[1, 'BL'], [2, 'TR']], [[1, 'BR'], [2, 'TL']], [[2, 'BL'], [2, 'BR']]]
HIT 194 3.0 [[[0, 'TL'], [0, 'BL']], [[0, 'TR'], [1, 'TL']], [[0, 'BR'], [1, 'TR']], [[1, 'BL'], [2, 'BL']], [[1, 'BR'], [2, 'BR']], [[2, 'TL'], [2, 'TR']]]
HIT 195 3.0 [[[0, 'TL'], [0, 'BL']], [[0, 'TR'], [1, 'TL']], [[0, 'BR'], [1, 'TR']], [[1, 'BL'], [2, 'BR']], [[1, 'BR'], [2, 'BL']], [[2, 'TL'], [2, 'TR']]]
HIT 201 3.0 [[[0, 'TL'], [0, 'BL']], [[0, 'TR'], [1, 'TL']], [[0, 'BR'], [2, 'TL']], [[1, 'TR'], [2, 'TR']], [[1, 'BL'], [1, 'BR']], [[2, 'BL'], [2, 'BR']]]
HIT 205 3.0 [[[0, 'TL'], [0, 'BL']], [[0, 'TR'], [1, 'TL']], [[0, 'BR'], [2, 'TR']], [[1, 'TR'], [2, 'TL']], [[1, 'BL'], [1, 'BR']], [[2, 'BL'], [2, 'BR']]]
HIT 211 3.0 [[[0, 'TL'], [0, 'BL']], [[0, 'TR'], [1, 'TL']], [[0, 'BR'], [2, 'BL']], [[1, 'TR'], [2, 'BR']], [[1, 'BL'], [1, 'BR']], [[2, 'TL'], [2, 'TR']]]
HIT 215 3.0 [[[0, 'TL'], [0, 'BL']], [[0, 'TR'], [1, 'TL']], [[0, 'BR'], [2, 'BR']], [[1, 'TR'], [2, 'BL']], [[1, 'BL'], [1, 'BR']], [[2, 'TL'], [2, 'TR']]]
HIT 216 3.0 [[[0, 'TL'], [0, 'BL']], [[0, 'TR'], [1, 'TR']], [[0, 'BR'], [1, 'TL']], [[1, 'BL'], [2, 'TL']], [[1, 'BR'], [2, 'TR']], [[2, 'BL'], [2, 'BR']]]
HIT 217 3.0 [[[0, 'TL'], [0, 'BL']], [[0, 'TR'], [1, 'TR']], [[0, 'BR'], [1, 'TL']], [[1, 'BL'], [2, 'TR']], [[1, 'BR'], [2, 'TL']], [[2, 'BL'], [2, 'BR']]]
HIT 218 3.0 [[[0, 'TL'], [0, 'BL']], [[0, 'TR'], [1, 'TR']], [[0, 'BR'], [1, 'TL']], [[1, 'BL'], [2, 'BL']], [[1, 'BR'], [2, 'BR']], [[2, 'TL'], [2, 'TR']]]
HIT 219 3.0 [[[0, 'TL'], [0, 'BL']], [[0, 'TR'], [1, 'TR']], [[0, 'BR'], [1, 'TL']], [[1, 'BL'], [2, 'BR']], [[1, 'BR'], [2, 'BL']], [[2, 'TL'], [2, 'TR']]]
HIT 225 3.0 [[[0, 'TL'], [0, 'BL']], [[0, 'TR'], [1, 'TR']], [[0, 'BR'], [2, 'TL']], [[1, 'TL'], [2, 'TR']], [[1, 'BL'], [1, 'BR']], [[2, 'BL'], [2, 'BR']]]
HIT 229 3.0 [[[0, 'TL'], [0, 'BL']], [[0, 'TR'], [1, 'TR']], [[0, 'BR'], [2, 'TR']], [[1, 'TL'], [2, 'TL']], [[1, 'BL'], [1, 'BR']], [[2, 'BL'], [2, 'BR']]]
HIT 235 3.0 [[[0, 'TL'], [0, 'BL']], [[0, 'TR'], [1, 'TR']], [[0, 'BR'], [2, 'BL']], [[1, 'TL'], [2, 'BR']], [[1, 'BL'], [1, 'BR']], [[2, 'TL'], [2, 'TR']]]
HIT 239 3.0 [[[0, 'TL'], [0, 'BL']], [[0, 'TR'], [1, 'TR']], [[0, 'BR'], [2, 'BR']], [[1, 'TL'], [2, 'BL']], [[1, 'BL'], [1, 'BR']], [[2, 'TL'], [2, 'TR']]]
HIT 244 3.0 [[[0, 'TL'], [0, 'BL']], [[0, 'TR'], [1, 'BL']], [[0, 'BR'], [1, 'BR']], [[1, 'TL'], [2, 'TL']], [[1, 'TR'], [2, 'TR']], [[2, 'BL'], [2, 'BR']]]
HIT 245 3.0 [[[0, 'TL'], [0, 'BL']], [[0, 'TR'], [1, 'BL']], [[0, 'BR'], [1, 'BR']], [[1, 'TL'], [2, 'TR']], [[1, 'TR'], [2, 'TL']], [[2, 'BL'], [2, 'BR']]]
HIT 246 3.0 [[[0, 'TL'], [0, 'BL']], [[0, 'TR'], [1, 'BL']], [[0, 'BR'], [1, 'BR']], [[1, 'TL'], [2, 'BL']], [[1, 'TR'], [2, 'BR']], [[2, 'TL'], [2, 'TR']]]
HIT 247 3.0 [[[0, 'TL'], [0, 'BL']], [[0, 'TR'], [1, 'BL']], [[0, 'BR'], [1, 'BR']], [[1, 'TL'], [2, 'BR']], [[1, 'TR'], [2, 'BL']], [[2, 'TL'], [2, 'TR']]]
HIT 248 3.0 [[[0, 'TL'], [0, 'BL']], [[0, 'TR'], [1, 'BL']], [[0, 'BR'], [2, 'TL']], [[1, 'TL'], [1, 'TR']], [[1, 'BR'], [2, 'TR']], [[2, 'BL'], [2, 'BR']]]
HIT 252 3.0 [[[0, 'TL'], [0, 'BL']], [[0, 'TR'], [1, 'BL']], [[0, 'BR'], [2, 'TR']], [[1, 'TL'], [1, 'TR']], [[1, 'BR'], [2, 'TL']], [[2, 'BL'], [2, 'BR']]]
HIT 256 3.0 [[[0, 'TL'], [0, 'BL']], [[0, 'TR'], [1, 'BL']], [[0, 'BR'], [2, 'BL']], [[1, 'TL'], [1, 'TR']], [[1, 'BR'], [2, 'BR']], [[2, 'TL'], [2, 'TR']]]
HIT 260 3.0 [[[0, 'TL'], [0, 'BL']], [[0, 'TR'], [1, 'BL']], [[0, 'BR'], [2, 'BR']], [[1, 'TL'], [1, 'TR']], [[1, 'BR'], [2, 'BL']], [[2, 'TL'], [2, 'TR']]]
HIT 268 3.0 [[[0, 'TL'], [0, 'BL']], [[0, 'TR'], [1, 'BR']], [[0, 'BR'], [1, 'BL']], [[1, 'TL'], [2, 'TL']], [[1, 'TR'], [2, 'TR']], [[2, 'BL'], [2, 'BR']]]
HIT 269 3.0 [[[0, 'TL'], [0, 'BL']], [[0, 'TR'], [1, 'BR']], [[0, 'BR'], [1, 'BL']], [[1, 'TL'], [2, 'TR']], [[1, 'TR'], [2, 'TL']], [[2, 'BL'], [2, 'BR']]]
HIT 270 3.0 [[[0, 'TL'], [0, 'BL']], [[0, 'TR'], [1, 'BR']], [[0, 'BR'], [1, 'BL']], [[1, 'TL'], [2, 'BL']], [[1, 'TR'], [2, 'BR']], [[2, 'TL'], [2, 'TR']]]
HIT 271 3.0 [[[0, 'TL'], [0, 'BL']], [[0, 'TR'], [1, 'BR']], [[0, 'BR'], [1, 'BL']], [[1, 'TL'], [2, 'BR']], [[1, 'TR'], [2, 'BL']], [[2, 'TL'], [2, 'TR']]]
HIT 272 3.0 [[[0, 'TL'], [0, 'BL']], [[0, 'TR'], [1, 'BR']], [[0, 'BR'], [2, 'TL']], [[1, 'TL'], [1, 'TR']], [[1, 'BL'], [2, 'TR']], [[2, 'BL'], [2, 'BR']]]
HIT 276 3.0 [[[0, 'TL'], [0, 'BL']], [[0, 'TR'], [1, 'BR']], [[0, 'BR'], [2, 'TR']], [[1, 'TL'], [1, 'TR']], [[1, 'BL'], [2, 'TL']], [[2, 'BL'], [2, 'BR']]]
HIT 280 3.0 [[[0, 'TL'], [0, 'BL']], [[0, 'TR'], [1, 'BR']], [[0, 'BR'], [2, 'BL']], [[1, 'TL'], [1, 'TR']], [[1, 'BL'], [2, 'BR']], [[2, 'TL'], [2, 'TR']]]
HIT 284 3.0 [[[0, 'TL'], [0, 'BL']], [[0, 'TR'], [1, 'BR']], [[0, 'BR'], [2, 'BR']], [[1, 'TL'], [1, 'TR']], [[1, 'BL'], [2, 'BL']], [[2, 'TL'], [2, 'TR']]]
HIT 289 3.0 [[[0, 'TL'], [0, 'BL']], [[0, 'TR'], [2, 'TL']], [[0, 'BR'], [1, 'TL']], [[1, 'TR'], [2, 'TR']], [[1, 'BL'], [1, 'BR']], [[2, 'BL'], [2, 'BR']]]
HIT 293 3.0 [[[0, 'TL'], [0, 'BL']], [[0, 'TR'], [2, 'TL']], [[0, 'BR'], [1, 'TR']], [[1, 'TL'], [2, 'TR']], [[1, 'BL'], [1, 'BR']], [[2, 'BL'], [2, 'BR']]]
HIT 296 3.0 [[[0, 'TL'], [0, 'BL']], [[0, 'TR'], [2, 'TL']], [[0, 'BR'], [1, 'BL']], [[1, 'TL'], [1, 'TR']], [[1, 'BR'], [2, 'TR']], [[2, 'BL'], [2, 'BR']]]
HIT 300 3.0 [[[0, 'TL'], [0, 'BL']], [[0, 'TR'], [2, 'TL']], [[0, 'BR'], [1, 'BR']], [[1, 'TL'], [1, 'TR']], [[1, 'BL'], [2, 'TR']], [[2, 'BL'], [2, 'BR']]]
HIT 304 3.0 [[[0, 'TL'], [0, 'BL']], [[0, 'TR'], [2, 'TL']], [[0, 'BR'], [2, 'TR']], [[1, 'TL'], [1, 'TR']], [[1, 'BL'], [2, 'BL']], [[1, 'BR'], [2, 'BR']]]
HIT 305 3.0 [[[0, 'TL'], [0, 'BL']], [[0, 'TR'], [2, 'TL']], [[0, 'BR'], [2, 'TR']], [[1, 'TL'], [1, 'TR']], [[1, 'BL'], [2, 'BR']], [[1, 'BR'], [2, 'BL']]]
HIT 309 3.0 [[[0, 'TL'], [0, 'BL']], [[0, 'TR'], [2, 'TL']], [[0, 'BR'], [2, 'TR']], [[1, 'TL'], [2, 'BL']], [[1, 'TR'], [2, 'BR']], [[1, 'BL'], [1, 'BR']]]
HIT 311 3.0 [[[0, 'TL'], [0, 'BL']], [[0, 'TR'], [2, 'TL']], [[0, 'BR'], [2, 'TR']], [[1, 'TL'], [2, 'BR']], [[1, 'TR'], [2, 'BL']], [[1, 'BL'], [1, 'BR']]]
HIT 313 3.0 [[[0, 'TL'], [0, 'BL']], [[0, 'TR'], [2, 'TR']], [[0, 'BR'], [1, 'TL']], [[1, 'TR'], [2, 'TL']], [[1, 'BL'], [1, 'BR']], [[2, 'BL'], [2, 'BR']]]
HIT 317 3.0 [[[0, 'TL'], [0, 'BL']], [[0, 'TR'], [2, 'TR']], [[0, 'BR'], [1, 'TR']], [[1, 'TL'], [2, 'TL']], [[1, 'BL'], [1, 'BR']], [[2, 'BL'], [2, 'BR']]]
HIT 320 3.0 [[[0, 'TL'], [0, 'BL']], [[0, 'TR'], [2, 'TR']], [[0, 'BR'], [1, 'BL']], [[1, 'TL'], [1, 'TR']], [[1, 'BR'], [2, 'TL']], [[2, 'BL'], [2, 'BR']]]
HIT 324 3.0 [[[0, 'TL'], [0, 'BL']], [[0, 'TR'], [2, 'TR']], [[0, 'BR'], [1, 'BR']], [[1, 'TL'], [1, 'TR']], [[1, 'BL'], [2, 'TL']], [[2, 'BL'], [2, 'BR']]]
HIT 328 3.0 [[[0, 'TL'], [0, 'BL']], [[0, 'TR'], [2, 'TR']], [[0, 'BR'], [2, 'TL']], [[1, 'TL'], [1, 'TR']], [[1, 'BL'], [2, 'BL']], [[1, 'BR'], [2, 'BR']]]
HIT 329 3.0 [[[0, 'TL'], [0, 'BL']], [[0, 'TR'], [2, 'TR']], [[0, 'BR'], [2, 'TL']], [[1, 'TL'], [1, 'TR']], [[1, 'BL'], [2, 'BR']], [[1, 'BR'], [2, 'BL']]]
HIT 333 3.0 [[[0, 'TL'], [0, 'BL']], [[0, 'TR'], [2, 'TR']], [[0, 'BR'], [2, 'TL']], [[1, 'TL'], [2, 'BL']], [[1, 'TR'], [2, 'BR']], [[1, 'BL'], [1, 'BR']]]
HIT 335 3.0 [[[0, 'TL'], [0, 'BL']], [[0, 'TR'], [2, 'TR']], [[0, 'BR'], [2, 'TL']], [[1, 'TL'], [2, 'BR']], [[1, 'TR'], [2, 'BL']], [[1, 'BL'], [1, 'BR']]]
HIT 339 3.0 [[[0, 'TL'], [0, 'BL']], [[0, 'TR'], [2, 'BL']], [[0, 'BR'], [1, 'TL']], [[1, 'TR'], [2, 'BR']], [[1, 'BL'], [1, 'BR']], [[2, 'TL'], [2, 'TR']]]
HIT 343 3.0 [[[0, 'TL'], [0, 'BL']], [[0, 'TR'], [2, 'BL']], [[0, 'BR'], [1, 'TR']], [[1, 'TL'], [2, 'BR']], [[1, 'BL'], [1, 'BR']], [[2, 'TL'], [2, 'TR']]]
HIT 344 3.0 [[[0, 'TL'], [0, 'BL']], [[0, 'TR'], [2, 'BL']], [[0, 'BR'], [1, 'BL']], [[1, 'TL'], [1, 'TR']], [[1, 'BR'], [2, 'BR']], [[2, 'TL'], [2, 'TR']]]
HIT 348 3.0 [[[0, 'TL'], [0, 'BL']], [[0, 'TR'], [2, 'BL']], [[0, 'BR'], [1, 'BR']], [[1, 'TL'], [1, 'TR']], [[1, 'BL'], [2, 'BR']], [[2, 'TL'], [2, 'TR']]]
HIT 352 3.0 [[[0, 'TL'], [0, 'BL']], [[0, 'TR'], [2, 'BL']], [[0, 'BR'], [2, 'BR']], [[1, 'TL'], [1, 'TR']], [[1, 'BL'], [2, 'TL']], [[1, 'BR'], [2, 'TR']]]
HIT 353 3.0 [[[0, 'TL'], [0, 'BL']], [[0, 'TR'], [2, 'BL']], [[0, 'BR'], [2, 'BR']], [[1, 'TL'], [1, 'TR']], [[1, 'BL'], [2, 'TR']], [[1, 'BR'], [2, 'TL']]]
HIT 357 3.0 [[[0, 'TL'], [0, 'BL']], [[0, 'TR'], [2, 'BL']], [[0, 'BR'], [2, 'BR']], [[1, 'TL'], [2, 'TL']], [[1, 'TR'], [2, 'TR']], [[1, 'BL'], [1, 'BR']]]
HIT 359 3.0 [[[0, 'TL'], [0, 'BL']], [[0, 'TR'], [2, 'BL']], [[0, 'BR'], [2, 'BR']], [[1, 'TL'], [2, 'TR']], [[1, 'TR'], [2, 'TL']], [[1, 'BL'], [1, 'BR']]]
HIT 363 3.0 [[[0, 'TL'], [0, 'BL']], [[0, 'TR'], [2, 'BR']], [[0, 'BR'], [1, 'TL']], [[1, 'TR'], [2, 'BL']], [[1, 'BL'], [1, 'BR']], [[2, 'TL'], [2, 'TR']]]
HIT 367 3.0 [[[0, 'TL'], [0, 'BL']], [[0, 'TR'], [2, 'BR']], [[0, 'BR'], [1, 'TR']], [[1, 'TL'], [2, 'BL']], [[1, 'BL'], [1, 'BR']], [[2, 'TL'], [2, 'TR']]]
HIT 368 3.0 [[[0, 'TL'], [0, 'BL']], [[0, 'TR'], [2, 'BR']], [[0, 'BR'], [1, 'BL']], [[1, 'TL'], [1, 'TR']], [[1, 'BR'], [2, 'BL']], [[2, 'TL'], [2, 'TR']]]
HIT 372 3.0 [[[0, 'TL'], [0, 'BL']], [[0, 'TR'], [2, 'BR']], [[0, 'BR'], [1, 'BR']], [[1, 'TL'], [1, 'TR']], [[1, 'BL'], [2, 'BL']], [[2, 'TL'], [2, 'TR']]]
HIT 376 3.0 [[[0, 'TL'], [0, 'BL']], [[0, 'TR'], [2, 'BR']], [[0, 'BR'], [2, 'BL']], [[1, 'TL'], [1, 'TR']], [[1, 'BL'], [2, 'TL']], [[1, 'BR'], [2, 'TR']]]
HIT 377 3.0 [[[0, 'TL'], [0, 'BL']], [[0, 'TR'], [2, 'BR']], [[0, 'BR'], [2, 'BL']], [[1, 'TL'], [1, 'TR']], [[1, 'BL'], [2, 'TR']], [[1, 'BR'], [2, 'TL']]]
HIT 381 3.0 [[[0, 'TL'], [0, 'BL']], [[0, 'TR'], [2, 'BR']], [[0, 'BR'], [2, 'BL']], [[1, 'TL'], [2, 'TL']], [[1, 'TR'], [2, 'TR']], [[1, 'BL'], [1, 'BR']]]
HIT 383 3.0 [[[0, 'TL'], [0, 'BL']], [[0, 'TR'], [2, 'BR']], [[0, 'BR'], [2, 'BL']], [[1, 'TL'], [2, 'TR']], [[1, 'TR'], [2, 'TL']], [[1, 'BL'], [1, 'BR']]]
HIT 384 3.0 [[[0, 'TL'], [1, 'TL']], [[0, 'TR'], [0, 'BR']], [[0, 'BL'], [1, 'TR']], [[1, 'BL'], [2, 'TL']], [[1, 'BR'], [2, 'TR']], [[2, 'BL'], [2, 'BR']]]
HIT 385 3.0 [[[0, 'TL'], [1, 'TL']], [[0, 'TR'], [0, 'BR']], [[0, 'BL'], [1, 'TR']], [[1, 'BL'], [2, 'TR']], [[1, 'BR'], [2, 'TL']], [[2, 'BL'], [2, 'BR']]]
HIT 386 3.0 [[[0, 'TL'], [1, 'TL']], [[0, 'TR'], [0, 'BR']], [[0, 'BL'], [1, 'TR']], [[1, 'BL'], [2, 'BL']], [[1, 'BR'], [2, 'BR']], [[2, 'TL'], [2, 'TR']]]
HIT 387 3.0 [[[0, 'TL'], [1, 'TL']], [[0, 'TR'], [0, 'BR']], [[0, 'BL'], [1, 'TR']], [[1, 'BL'], [2, 'BR']], [[1, 'BR'], [2, 'BL']], [[2, 'TL'], [2, 'TR']]]
HIT 393 3.0 [[[0, 'TL'], [1, 'TL']], [[0, 'TR'], [0, 'BR']], [[0, 'BL'], [2, 'TL']], [[1, 'TR'], [2, 'TR']], [[1, 'BL'], [1, 'BR']], [[2, 'BL'], [2, 'BR']]]
HIT 397 3.0 [[[0, 'TL'], [1, 'TL']], [[0, 'TR'], [0, 'BR']], [[0, 'BL'], [2, 'TR']], [[1, 'TR'], [2, 'TL']], [[1, 'BL'], [1, 'BR']], [[2, 'BL'], [2, 'BR']]]
HIT 403 3.0 [[[0, 'TL'], [1, 'TL']], [[0, 'TR'], [0, 'BR']], [[0, 'BL'], [2, 'BL']], [[1, 'TR'], [2, 'BR']], [[1, 'BL'], [1, 'BR']], [[2, 'TL'], [2, 'TR']]]
HIT 407 3.0 [[[0, 'TL'], [1, 'TL']], [[0, 'TR'], [0, 'BR']], [[0, 'BL'], [2, 'BR']], [[1, 'TR'], [2, 'BL']], [[1, 'BL'], [1, 'BR']], [[2, 'TL'], [2, 'TR']]]
HIT 432 3.0 [[[0, 'TL'], [1, 'TL']], [[0, 'TR'], [1, 'BL']], [[0, 'BL'], [0, 'BR']], [[1, 'TR'], [2, 'TL']], [[1, 'BR'], [2, 'TR']], [[2, 'BL'], [2, 'BR']]]
HIT 433 3.0 [[[0, 'TL'], [1, 'TL']], [[0, 'TR'], [1, 'BL']], [[0, 'BL'], [0, 'BR']], [[1, 'TR'], [2, 'TR']], [[1, 'BR'], [2, 'TL']], [[2, 'BL'], [2, 'BR']]]
HIT 434 3.0 [[[0, 'TL'], [1, 'TL']], [[0, 'TR'], [1, 'BL']], [[0, 'BL'], [0, 'BR']], [[1, 'TR'], [2, 'BL']], [[1, 'BR'], [2, 'BR']], [[2, 'TL'], [2, 'TR']]]
HIT 435 3.0 [[[0, 'TL'], [1, 'TL']], [[0, 'TR'], [1, 'BL']], [[0, 'BL'], [0, 'BR']], [[1, 'TR'], [2, 'BR']], [[1, 'BR'], [2, 'BL']], [[2, 'TL'], [2, 'TR']]]
HIT 441 3.0 [[[0, 'TL'], [1, 'TL']], [[0, 'TR'], [1, 'BL']], [[0, 'BL'], [2, 'TL']], [[0, 'BR'], [2, 'TR']], [[1, 'TR'], [1, 'BR']], [[2, 'BL'], [2, 'BR']]]
HIT 445 3.0 [[[0, 'TL'], [1, 'TL']], [[0, 'TR'], [1, 'BL']], [[0, 'BL'], [2, 'TR']], [[0, 'BR'], [2, 'TL']], [[1, 'TR'], [1, 'BR']], [[2, 'BL'], [2, 'BR']]]
HIT 451 3.0 [[[0, 'TL'], [1, 'TL']], [[0, 'TR'], [1, 'BL']], [[0, 'BL'], [2, 'BL']], [[0, 'BR'], [2, 'BR']], [[1, 'TR'], [1, 'BR']], [[2, 'TL'], [2, 'TR']]]
HIT 455 3.0 [[[0, 'TL'], [1, 'TL']], [[0, 'TR'], [1, 'BL']], [[0, 'BL'], [2, 'BR']], [[0, 'BR'], [2, 'BL']], [[1, 'TR'], [1, 'BR']], [[2, 'TL'], [2, 'TR']]]
HIT 480 3.0 [[[0, 'TL'], [1, 'TL']], [[0, 'TR'], [2, 'TL']], [[0, 'BL'], [0, 'BR']], [[1, 'TR'], [1, 'BR']], [[1, 'BL'], [2, 'TR']], [[2, 'BL'], [2, 'BR']]]
HIT 485 3.0 [[[0, 'TL'], [1, 'TL']], [[0, 'TR'], [2, 'TL']], [[0, 'BL'], [1, 'TR']], [[0, 'BR'], [2, 'TR']], [[1, 'BL'], [1, 'BR']], [[2, 'BL'], [2, 'BR']]]
HIT 504 3.0 [[[0, 'TL'], [1, 'TL']], [[0, 'TR'], [2, 'TR']], [[0, 'BL'], [0, 'BR']], [[1, 'TR'], [1, 'BR']], [[1, 'BL'], [2, 'TL']], [[2, 'BL'], [2, 'BR']]]
HIT 509 3.0 [[[0, 'TL'], [1, 'TL']], [[0, 'TR'], [2, 'TR']], [[0, 'BL'], [1, 'TR']], [[0, 'BR'], [2, 'TL']], [[1, 'BL'], [1, 'BR']], [[2, 'BL'], [2, 'BR']]]
HIT 528 3.0 [[[0, 'TL'], [1, 'TL']], [[0, 'TR'], [2, 'BL']], [[0, 'BL'], [0, 'BR']], [[1, 'TR'], [1, 'BR']], [[1, 'BL'], [2, 'BR']], [[2, 'TL'], [2, 'TR']]]
HIT 535 3.0 [[[0, 'TL'], [1, 'TL']], [[0, 'TR'], [2, 'BL']], [[0, 'BL'], [1, 'TR']], [[0, 'BR'], [2, 'BR']], [[1, 'BL'], [1, 'BR']], [[2, 'TL'], [2, 'TR']]]
HIT 552 3.0 [[[0, 'TL'], [1, 'TL']], [[0, 'TR'], [2, 'BR']], [[0, 'BL'], [0, 'BR']], [[1, 'TR'], [1, 'BR']], [[1, 'BL'], [2, 'BL']], [[2, 'TL'], [2, 'TR']]]
HIT 559 3.0 [[[0, 'TL'], [1, 'TL']], [[0, 'TR'], [2, 'BR']], [[0, 'BL'], [1, 'TR']], [[0, 'BR'], [2, 'BL']], [[1, 'BL'], [1, 'BR']], [[2, 'TL'], [2, 'TR']]]
HIT 576 3.0 [[[0, 'TL'], [1, 'TR']], [[0, 'TR'], [0, 'BR']], [[0, 'BL'], [1, 'TL']], [[1, 'BL'], [2, 'TL']], [[1, 'BR'], [2, 'TR']], [[2, 'BL'], [2, 'BR']]]
HIT 577 3.0 [[[0, 'TL'], [1, 'TR']], [[0, 'TR'], [0, 'BR']], [[0, 'BL'], [1, 'TL']], [[1, 'BL'], [2, 'TR']], [[1, 'BR'], [2, 'TL']], [[2, 'BL'], [2, 'BR']]]
HIT 578 3.0 [[[0, 'TL'], [1, 'TR']], [[0, 'TR'], [0, 'BR']], [[0, 'BL'], [1, 'TL']], [[1, 'BL'], [2, 'BL']], [[1, 'BR'], [2, 'BR']], [[2, 'TL'], [2, 'TR']]]
HIT 579 3.0 [[[0, 'TL'], [1, 'TR']], [[0, 'TR'], [0, 'BR']], [[0, 'BL'], [1, 'TL']], [[1, 'BL'], [2, 'BR']], [[1, 'BR'], [2, 'BL']], [[2, 'TL'], [2, 'TR']]]
HIT 585 3.0 [[[0, 'TL'], [1, 'TR']], [[0, 'TR'], [0, 'BR']], [[0, 'BL'], [2, 'TL']], [[1, 'TL'], [2, 'TR']], [[1, 'BL'], [1, 'BR']], [[2, 'BL'], [2, 'BR']]]
HIT 589 3.0 [[[0, 'TL'], [1, 'TR']], [[0, 'TR'], [0, 'BR']], [[0, 'BL'], [2, 'TR']], [[1, 'TL'], [2, 'TL']], [[1, 'BL'], [1, 'BR']], [[2, 'BL'], [2, 'BR']]]
HIT 595 3.0 [[[0, 'TL'], [1, 'TR']], [[0, 'TR'], [0, 'BR']], [[0, 'BL'], [2, 'BL']], [[1, 'TL'], [2, 'BR']], [[1, 'BL'], [1, 'BR']], [[2, 'TL'], [2, 'TR']]]
HIT 599 3.0 [[[0, 'TL'], [1, 'TR']], [[0, 'TR'], [0, 'BR']], [[0, 'BL'], [2, 'BR']], [[1, 'TL'], [2, 'BL']], [[1, 'BL'], [1, 'BR']], [[2, 'TL'], [2, 'TR']]]
HIT 648 3.0 [[[0, 'TL'], [1, 'TR']], [[0, 'TR'], [1, 'BR']], [[0, 'BL'], [0, 'BR']], [[1, 'TL'], [2, 'TL']], [[1, 'BL'], [2, 'TR']], [[2, 'BL'], [2, 'BR']]]
HIT 649 3.0 [[[0, 'TL'], [1, 'TR']], [[0, 'TR'], [1, 'BR']], [[0, 'BL'], [0, 'BR']], [[1, 'TL'], [2, 'TR']], [[1, 'BL'], [2, 'TL']], [[2, 'BL'], [2, 'BR']]]
HIT 650 3.0 [[[0, 'TL'], [1, 'TR']], [[0, 'TR'], [1, 'BR']], [[0, 'BL'], [0, 'BR']], [[1, 'TL'], [2, 'BL']], [[1, 'BL'], [2, 'BR']], [[2, 'TL'], [2, 'TR']]]
HIT 651 3.0 [[[0, 'TL'], [1, 'TR']], [[0, 'TR'], [1, 'BR']], [[0, 'BL'], [0, 'BR']], [[1, 'TL'], [2, 'BR']], [[1, 'BL'], [2, 'BL']], [[2, 'TL'], [2, 'TR']]]
HIT 657 3.0 [[[0, 'TL'], [1, 'TR']], [[0, 'TR'], [1, 'BR']], [[0, 'BL'], [2, 'TL']], [[0, 'BR'], [2, 'TR']], [[1, 'TL'], [1, 'BL']], [[2, 'BL'], [2, 'BR']]]
HIT 661 3.0 [[[0, 'TL'], [1, 'TR']], [[0, 'TR'], [1, 'BR']], [[0, 'BL'], [2, 'TR']], [[0, 'BR'], [2, 'TL']], [[1, 'TL'], [1, 'BL']], [[2, 'BL'], [2, 'BR']]]
HIT 667 3.0 [[[0, 'TL'], [1, 'TR']], [[0, 'TR'], [1, 'BR']], [[0, 'BL'], [2, 'BL']], [[0, 'BR'], [2, 'BR']], [[1, 'TL'], [1, 'BL']], [[2, 'TL'], [2, 'TR']]]
HIT 671 3.0 [[[0, 'TL'], [1, 'TR']], [[0, 'TR'], [1, 'BR']], [[0, 'BL'], [2, 'BR']], [[0, 'BR'], [2, 'BL']], [[1, 'TL'], [1, 'BL']], [[2, 'TL'], [2, 'TR']]]
HIT 672 3.0 [[[0, 'TL'], [1, 'TR']], [[0, 'TR'], [2, 'TL']], [[0, 'BL'], [0, 'BR']], [[1, 'TL'], [1, 'BL']], [[1, 'BR'], [2, 'TR']], [[2, 'BL'], [2, 'BR']]]
HIT 677 3.0 [[[0, 'TL'], [1, 'TR']], [[0, 'TR'], [2, 'TL']], [[0, 'BL'], [1, 'TL']], [[0, 'BR'], [2, 'TR']], [[1, 'BL'], [1, 'BR']], [[2, 'BL'], [2, 'BR']]]
HIT 696 3.0 [[[0, 'TL'], [1, 'TR']], [[0, 'TR'], [2, 'TR']], [[0, 'BL'], [0, 'BR']], [[1, 'TL'], [1, 'BL']], [[1, 'BR'], [2, 'TL']], [[2, 'BL'], [2, 'BR']]]
HIT 701 3.0 [[[0, 'TL'], [1, 'TR']], [[0, 'TR'], [2, 'TR']], [[0, 'BL'], [1, 'TL']], [[0, 'BR'], [2, 'TL']], [[1, 'BL'], [1, 'BR']], [[2, 'BL'], [2, 'BR']]]
HIT 720 3.0 [[[0, 'TL'], [1, 'TR']], [[0, 'TR'], [2, 'BL']], [[0, 'BL'], [0, 'BR']], [[1, 'TL'], [1, 'BL']], [[1, 'BR'], [2, 'BR']], [[2, 'TL'], [2, 'TR']]]
HIT 727 3.0 [[[0, 'TL'], [1, 'TR']], [[0, 'TR'], [2, 'BL']], [[0, 'BL'], [1, 'TL']], [[0, 'BR'], [2, 'BR']], [[1, 'BL'], [1, 'BR']], [[2, 'TL'], [2, 'TR']]]
HIT 744 3.0 [[[0, 'TL'], [1, 'TR']], [[0, 'TR'], [2, 'BR']], [[0, 'BL'], [0, 'BR']], [[1, 'TL'], [1, 'BL']], [[1, 'BR'], [2, 'BL']], [[2, 'TL'], [2, 'TR']]]
HIT 751 3.0 [[[0, 'TL'], [1, 'TR']], [[0, 'TR'], [2, 'BR']], [[0, 'BL'], [1, 'TL']], [[0, 'BR'], [2, 'BL']], [[1, 'BL'], [1, 'BR']], [[2, 'TL'], [2, 'TR']]]
HIT 772 3.0 [[[0, 'TL'], [1, 'BL']], [[0, 'TR'], [0, 'BR']], [[0, 'BL'], [1, 'BR']], [[1, 'TL'], [2, 'TL']], [[1, 'TR'], [2, 'TR']], [[2, 'BL'], [2, 'BR']]]
HIT 773 3.0 [[[0, 'TL'], [1, 'BL']], [[0, 'TR'], [0, 'BR']], [[0, 'BL'], [1, 'BR']], [[1, 'TL'], [2, 'TR']], [[1, 'TR'], [2, 'TL']], [[2, 'BL'], [2, 'BR']]]
HIT 774 3.0 [[[0, 'TL'], [1, 'BL']], [[0, 'TR'], [0, 'BR']], [[0, 'BL'], [1, 'BR']], [[1, 'TL'], [2, 'BL']], [[1, 'TR'], [2, 'BR']], [[2, 'TL'], [2, 'TR']]]
HIT 775 3.0 [[[0, 'TL'], [1, 'BL']], [[0, 'TR'], [0, 'BR']], [[0, 'BL'], [1, 'BR']], [[1, 'TL'], [2, 'BR']], [[1, 'TR'], [2, 'BL']], [[2, 'TL'], [2, 'TR']]]
HIT 776 3.0 [[[0, 'TL'], [1, 'BL']], [[0, 'TR'], [0, 'BR']], [[0, 'BL'], [2, 'TL']], [[1, 'TL'], [1, 'TR']], [[1, 'BR'], [2, 'TR']], [[2, 'BL'], [2, 'BR']]]
HIT 780 3.0 [[[0, 'TL'], [1, 'BL']], [[0, 'TR'], [0, 'BR']], [[0, 'BL'], [2, 'TR']], [[1, 'TL'], [1, 'TR']], [[1, 'BR'], [2, 'TL']], [[2, 'BL'], [2, 'BR']]]
HIT 784 3.0 [[[0, 'TL'], [1, 'BL']], [[0, 'TR'], [0, 'BR']], [[0, 'BL'], [2, 'BL']], [[1, 'TL'], [1, 'TR']], [[1, 'BR'], [2, 'BR']], [[2, 'TL'], [2, 'TR']]]
HIT 788 3.0 [[[0, 'TL'], [1, 'BL']], [[0, 'TR'], [0, 'BR']], [[0, 'BL'], [2, 'BR']], [[1, 'TL'], [1, 'TR']], [[1, 'BR'], [2, 'BL']], [[2, 'TL'], [2, 'TR']]]
HIT 792 3.0 [[[0, 'TL'], [1, 'BL']], [[0, 'TR'], [1, 'TL']], [[0, 'BL'], [0, 'BR']], [[1, 'TR'], [2, 'TL']], [[1, 'BR'], [2, 'TR']], [[2, 'BL'], [2, 'BR']]]
HIT 793 3.0 [[[0, 'TL'], [1, 'BL']], [[0, 'TR'], [1, 'TL']], [[0, 'BL'], [0, 'BR']], [[1, 'TR'], [2, 'TR']], [[1, 'BR'], [2, 'TL']], [[2, 'BL'], [2, 'BR']]]
HIT 794 3.0 [[[0, 'TL'], [1, 'BL']], [[0, 'TR'], [1, 'TL']], [[0, 'BL'], [0, 'BR']], [[1, 'TR'], [2, 'BL']], [[1, 'BR'], [2, 'BR']], [[2, 'TL'], [2, 'TR']]]
HIT 795 3.0 [[[0, 'TL'], [1, 'BL']], [[0, 'TR'], [1, 'TL']], [[0, 'BL'], [0, 'BR']], [[1, 'TR'], [2, 'BR']], [[1, 'BR'], [2, 'BL']], [[2, 'TL'], [2, 'TR']]]
HIT 801 3.0 [[[0, 'TL'], [1, 'BL']], [[0, 'TR'], [1, 'TL']], [[0, 'BL'], [2, 'TL']], [[0, 'BR'], [2, 'TR']], [[1, 'TR'], [1, 'BR']], [[2, 'BL'], [2, 'BR']]]
HIT 805 3.0 [[[0, 'TL'], [1, 'BL']], [[0, 'TR'], [1, 'TL']], [[0, 'BL'], [2, 'TR']], [[0, 'BR'], [2, 'TL']], [[1, 'TR'], [1, 'BR']], [[2, 'BL'], [2, 'BR']]]
HIT 811 3.0 [[[0, 'TL'], [1, 'BL']], [[0, 'TR'], [1, 'TL']], [[0, 'BL'], [2, 'BL']], [[0, 'BR'], [2, 'BR']], [[1, 'TR'], [1, 'BR']], [[2, 'TL'], [2, 'TR']]]
HIT 815 3.0 [[[0, 'TL'], [1, 'BL']], [[0, 'TR'], [1, 'TL']], [[0, 'BL'], [2, 'BR']], [[0, 'BR'], [2, 'BL']], [[1, 'TR'], [1, 'BR']], [[2, 'TL'], [2, 'TR']]]
HIT 865 3.0 [[[0, 'TL'], [1, 'BL']], [[0, 'TR'], [2, 'TL']], [[0, 'BL'], [0, 'BR']], [[1, 'TL'], [2, 'TR']], [[1, 'TR'], [1, 'BR']], [[2, 'BL'], [2, 'BR']]]
HIT 877 3.0 [[[0, 'TL'], [1, 'BL']], [[0, 'TR'], [2, 'TL']], [[0, 'BL'], [1, 'BR']], [[0, 'BR'], [2, 'TR']], [[1, 'TL'], [1, 'TR']], [[2, 'BL'], [2, 'BR']]]
HIT 889 3.0 [[[0, 'TL'], [1, 'BL']], [[0, 'TR'], [2, 'TR']], [[0, 'BL'], [0, 'BR']], [[1, 'TL'], [2, 'TL']], [[1, 'TR'], [1, 'BR']], [[2, 'BL'], [2, 'BR']]]
HIT 901 3.0 [[[0, 'TL'], [1, 'BL']], [[0, 'TR'], [2, 'TR']], [[0, 'BL'], [1, 'BR']], [[0, 'BR'], [2, 'TL']], [[1, 'TL'], [1, 'TR']], [[2, 'BL'], [2, 'BR']]]
HIT 915 3.0 [[[0, 'TL'], [1, 'BL']], [[0, 'TR'], [2, 'BL']], [[0, 'BL'], [0, 'BR']], [[1, 'TL'], [2, 'BR']], [[1, 'TR'], [1, 'BR']], [[2, 'TL'], [2, 'TR']]]
HIT 927 3.0 [[[0, 'TL'], [1, 'BL']], [[0, 'TR'], [2, 'BL']], [[0, 'BL'], [1, 'BR']], [[0, 'BR'], [2, 'BR']], [[1, 'TL'], [1, 'TR']], [[2, 'TL'], [2, 'TR']]]
HIT 939 3.0 [[[0, 'TL'], [1, 'BL']], [[0, 'TR'], [2, 'BR']], [[0, 'BL'], [0, 'BR']], [[1, 'TL'], [2, 'BL']], [[1, 'TR'], [1, 'BR']], [[2, 'TL'], [2, 'TR']]]
HIT 951 3.0 [[[0, 'TL'], [1, 'BL']], [[0, 'TR'], [2, 'BR']], [[0, 'BL'], [1, 'BR']], [[0, 'BR'], [2, 'BL']], [[1, 'TL'], [1, 'TR']], [[2, 'TL'], [2, 'TR']]]
HIT 964 3.0 [[[0, 'TL'], [1, 'BR']], [[0, 'TR'], [0, 'BR']], [[0, 'BL'], [1, 'BL']], [[1, 'TL'], [2, 'TL']], [[1, 'TR'], [2, 'TR']], [[2, 'BL'], [2, 'BR']]]
HIT 965 3.0 [[[0, 'TL'], [1, 'BR']], [[0, 'TR'], [0, 'BR']], [[0, 'BL'], [1, 'BL']], [[1, 'TL'], [2, 'TR']], [[1, 'TR'], [2, 'TL']], [[2, 'BL'], [2, 'BR']]]
HIT 966 3.0 [[[0, 'TL'], [1, 'BR']], [[0, 'TR'], [0, 'BR']], [[0, 'BL'], [1, 'BL']], [[1, 'TL'], [2, 'BL']], [[1, 'TR'], [2, 'BR']], [[2, 'TL'], [2, 'TR']]]
HIT 967 3.0 [[[0, 'TL'], [1, 'BR']], [[0, 'TR'], [0, 'BR']], [[0, 'BL'], [1, 'BL']], [[1, 'TL'], [2, 'BR']], [[1, 'TR'], [2, 'BL']], [[2, 'TL'], [2, 'TR']]]
HIT 968 3.0 [[[0, 'TL'], [1, 'BR']], [[0, 'TR'], [0, 'BR']], [[0, 'BL'], [2, 'TL']], [[1, 'TL'], [1, 'TR']], [[1, 'BL'], [2, 'TR']], [[2, 'BL'], [2, 'BR']]]
HIT 972 3.0 [[[0, 'TL'], [1, 'BR']], [[0, 'TR'], [0, 'BR']], [[0, 'BL'], [2, 'TR']], [[1, 'TL'], [1, 'TR']], [[1, 'BL'], [2, 'TL']], [[2, 'BL'], [2, 'BR']]]
HIT 976 3.0 [[[0, 'TL'], [1, 'BR']], [[0, 'TR'], [0, 'BR']], [[0, 'BL'], [2, 'BL']], [[1, 'TL'], [1, 'TR']], [[1, 'BL'], [2, 'BR']], [[2, 'TL'], [2, 'TR']]]
HIT 980 3.0 [[[0, 'TL'], [1, 'BR']], [[0, 'TR'], [0, 'BR']], [[0, 'BL'], [2, 'BR']], [[1, 'TL'], [1, 'TR']], [[1, 'BL'], [2, 'BL']], [[2, 'TL'], [2, 'TR']]]
HIT 1008 3.0 [[[0, 'TL'], [1, 'BR']], [[0, 'TR'], [1, 'TR']], [[0, 'BL'], [0, 'BR']], [[1, 'TL'], [2, 'TL']], [[1, 'BL'], [2, 'TR']], [[2, 'BL'], [2, 'BR']]]
HIT 1009 3.0 [[[0, 'TL'], [1, 'BR']], [[0, 'TR'], [1, 'TR']], [[0, 'BL'], [0, 'BR']], [[1, 'TL'], [2, 'TR']], [[1, 'BL'], [2, 'TL']], [[2, 'BL'], [2, 'BR']]]
HIT 1010 3.0 [[[0, 'TL'], [1, 'BR']], [[0, 'TR'], [1, 'TR']], [[0, 'BL'], [0, 'BR']], [[1, 'TL'], [2, 'BL']], [[1, 'BL'], [2, 'BR']], [[2, 'TL'], [2, 'TR']]]
HIT 1011 3.0 [[[0, 'TL'], [1, 'BR']], [[0, 'TR'], [1, 'TR']], [[0, 'BL'], [0, 'BR']], [[1, 'TL'], [2, 'BR']], [[1, 'BL'], [2, 'BL']], [[2, 'TL'], [2, 'TR']]]
HIT 1017 3.0 [[[0, 'TL'], [1, 'BR']], [[0, 'TR'], [1, 'TR']], [[0, 'BL'], [2, 'TL']], [[0, 'BR'], [2, 'TR']], [[1, 'TL'], [1, 'BL']], [[2, 'BL'], [2, 'BR']]]
HIT 1021 3.0 [[[0, 'TL'], [1, 'BR']], [[0, 'TR'], [1, 'TR']], [[0, 'BL'], [2, 'TR']], [[0, 'BR'], [2, 'TL']], [[1, 'TL'], [1, 'BL']], [[2, 'BL'], [2, 'BR']]]
HIT 1027 3.0 [[[0, 'TL'], [1, 'BR']], [[0, 'TR'], [1, 'TR']], [[0, 'BL'], [2, 'BL']], [[0, 'BR'], [2, 'BR']], [[1, 'TL'], [1, 'BL']], [[2, 'TL'], [2, 'TR']]]
HIT 1031 3.0 [[[0, 'TL'], [1, 'BR']], [[0, 'TR'], [1, 'TR']], [[0, 'BL'], [2, 'BR']], [[0, 'BR'], [2, 'BL']], [[1, 'TL'], [1, 'BL']], [[2, 'TL'], [2, 'TR']]]
HIT 1057 3.0 [[[0, 'TL'], [1, 'BR']], [[0, 'TR'], [2, 'TL']], [[0, 'BL'], [0, 'BR']], [[1, 'TL'], [1, 'BL']], [[1, 'TR'], [2, 'TR']], [[2, 'BL'], [2, 'BR']]]
HIT 1069 3.0 [[[0, 'TL'], [1, 'BR']], [[0, 'TR'], [2, 'TL']], [[0, 'BL'], [1, 'BL']], [[0, 'BR'], [2, 'TR']], [[1, 'TL'], [1, 'TR']], [[2, 'BL'], [2, 'BR']]]
HIT 1081 3.0 [[[0, 'TL'], [1, 'BR']], [[0, 'TR'], [2, 'TR']], [[0, 'BL'], [0, 'BR']], [[1, 'TL'], [1, 'BL']], [[1, 'TR'], [2, 'TL']], [[2, 'BL'], [2, 'BR']]]
HIT 1093 3.0 [[[0, 'TL'], [1, 'BR']], [[0, 'TR'], [2, 'TR']], [[0, 'BL'], [1, 'BL']], [[0, 'BR'], [2, 'TL']], [[1, 'TL'], [1, 'TR']], [[2, 'BL'], [2, 'BR']]]
HIT 1105 3.0 [[[0, 'TL'], [1, 'BR']], [[0, 'TR'], [2, 'BL']], [[0, 'BL'], [0, 'BR']], [[1, 'TL'], [1, 'BL']], [[1, 'TR'], [2, 'BR']], [[2, 'TL'], [2, 'TR']]]
HIT 1119 3.0 [[[0, 'TL'], [1, 'BR']], [[0, 'TR'], [2, 'BL']], [[0, 'BL'], [1, 'BL']], [[0, 'BR'], [2, 'BR']], [[1, 'TL'], [1, 'TR']], [[2, 'TL'], [2, 'TR']]]
HIT 1129 3.0 [[[0, 'TL'], [1, 'BR']], [[0, 'TR'], [2, 'BR']], [[0, 'BL'], [0, 'BR']], [[1, 'TL'], [1, 'BL']], [[1, 'TR'], [2, 'BL']], [[2, 'TL'], [2, 'TR']]]
HIT 1143 3.0 [[[0, 'TL'], [1, 'BR']], [[0, 'TR'], [2, 'BR']], [[0, 'BL'], [1, 'BL']], [[0, 'BR'], [2, 'BL']], [[1, 'TL'], [1, 'TR']], [[2, 'TL'], [2, 'TR']]]
HIT 1153 3.0 [[[0, 'TL'], [2, 'TL']], [[0, 'TR'], [0, 'BR']], [[0, 'BL'], [1, 'TL']], [[1, 'TR'], [2, 'TR']], [[1, 'BL'], [1, 'BR']], [[2, 'BL'], [2, 'BR']]]
HIT 1157 3.0 [[[0, 'TL'], [2, 'TL']], [[0, 'TR'], [0, 'BR']], [[0, 'BL'], [1, 'TR']], [[1, 'TL'], [2, 'TR']], [[1, 'BL'], [1, 'BR']], [[2, 'BL'], [2, 'BR']]]
HIT 1160 3.0 [[[0, 'TL'], [2, 'TL']], [[0, 'TR'], [0, 'BR']], [[0, 'BL'], [1, 'BL']], [[1, 'TL'], [1, 'TR']], [[1, 'BR'], [2, 'TR']], [[2, 'BL'], [2, 'BR']]]
HIT 1164 3.0 [[[0, 'TL'], [2, 'TL']], [[0, 'TR'], [0, 'BR']], [[0, 'BL'], [1, 'BR']], [[1, 'TL'], [1, 'TR']], [[1, 'BL'], [2, 'TR']], [[2, 'BL'], [2, 'BR']]]
HIT 1168 3.0 [[[0, 'TL'], [2, 'TL']], [[0, 'TR'], [0, 'BR']], [[0, 'BL'], [2, 'TR']], [[1, 'TL'], [1, 'TR']], [[1, 'BL'], [2, 'BL']], [[1, 'BR'], [2, 'BR']]]
HIT 1169 3.0 [[[0, 'TL'], [2, 'TL']], [[0, 'TR'], [0, 'BR']], [[0, 'BL'], [2, 'TR']], [[1, 'TL'], [1, 'TR']], [[1, 'BL'], [2, 'BR']], [[1, 'BR'], [2, 'BL']]]
HIT 1173 3.0 [[[0, 'TL'], [2, 'TL']], [[0, 'TR'], [0, 'BR']], [[0, 'BL'], [2, 'TR']], [[1, 'TL'], [2, 'BL']], [[1, 'TR'], [2, 'BR']], [[1, 'BL'], [1, 'BR']]]
HIT 1175 3.0 [[[0, 'TL'], [2, 'TL']], [[0, 'TR'], [0, 'BR']], [[0, 'BL'], [2, 'TR']], [[1, 'TL'], [2, 'BR']], [[1, 'TR'], [2, 'BL']], [[1, 'BL'], [1, 'BR']]]
HIT 1176 3.0 [[[0, 'TL'], [2, 'TL']], [[0, 'TR'], [1, 'TL']], [[0, 'BL'], [0, 'BR']], [[1, 'TR'], [1, 'BR']], [[1, 'BL'], [2, 'TR']], [[2, 'BL'], [2, 'BR']]]
HIT 1188 3.0 [[[0, 'TL'], [2, 'TL']], [[0, 'TR'], [1, 'TL']], [[0, 'BL'], [2, 'TR']], [[0, 'BR'], [1, 'TR']], [[1, 'BL'], [1, 'BR']], [[2, 'BL'], [2, 'BR']]]
HIT 1200 3.0 [[[0, 'TL'], [2, 'TL']], [[0, 'TR'], [1, 'TR']], [[0, 'BL'], [0, 'BR']], [[1, 'TL'], [1, 'BL']], [[1, 'BR'], [2, 'TR']], [[2, 'BL'], [2, 'BR']]]
HIT 1212 3.0 [[[0, 'TL'], [2, 'TL']], [[0, 'TR'], [1, 'TR']], [[0, 'BL'], [2, 'TR']], [[0, 'BR'], [1, 'TL']], [[1, 'BL'], [1, 'BR']], [[2, 'BL'], [2, 'BR']]]
HIT 1225 3.0 [[[0, 'TL'], [2, 'TL']], [[0, 'TR'], [1, 'BL']], [[0, 'BL'], [0, 'BR']], [[1, 'TL'], [2, 'TR']], [[1, 'TR'], [1, 'BR']], [[2, 'BL'], [2, 'BR']]]
HIT 1239 3.0 [[[0, 'TL'], [2, 'TL']], [[0, 'TR'], [1, 'BL']], [[0, 'BL'], [2, 'TR']], [[0, 'BR'], [1, 'BR']], [[1, 'TL'], [1, 'TR']], [[2, 'BL'], [2, 'BR']]]
HIT 1249 3.0 [[[0, 'TL'], [2, 'TL']], [[0, 'TR'], [1, 'BR']], [[0, 'BL'], [0, 'BR']], [[1, 'TL'], [1, 'BL']], [[1, 'TR'], [2, 'TR']], [[2, 'BL'], [2, 'BR']]]
HIT 1263 3.0 [[[0, 'TL'], [2, 'TL']], [[0, 'TR'], [1, 'BR']], [[0, 'BL'], [2, 'TR']], [[0, 'BR'], [1, 'BL']], [[1, 'TL'], [1, 'TR']], [[2, 'BL'], [2, 'BR']]]
HIT 1274 3.0 [[[0, 'TL'], [2, 'TL']], [[0, 'TR'], [2, 'TR']], [[0, 'BL'], [0, 'BR']], [[1, 'TL'], [1, 'BL']], [[1, 'TR'], [2, 'BL']], [[1, 'BR'], [2, 'BR']]]
HIT 1275 3.0 [[[0, 'TL'], [2, 'TL']], [[0, 'TR'], [2, 'TR']], [[0, 'BL'], [0, 'BR']], [[1, 'TL'], [1, 'BL']], [[1, 'TR'], [2, 'BR']], [[1, 'BR'], [2, 'BL']]]
HIT 1276 3.0 [[[0, 'TL'], [2, 'TL']], [[0, 'TR'], [2, 'TR']], [[0, 'BL'], [0, 'BR']], [[1, 'TL'], [2, 'BL']], [[1, 'TR'], [1, 'BR']], [[1, 'BL'], [2, 'BR']]]
HIT 1278 3.0 [[[0, 'TL'], [2, 'TL']], [[0, 'TR'], [2, 'TR']], [[0, 'BL'], [0, 'BR']], [[1, 'TL'], [2, 'BR']], [[1, 'TR'], [1, 'BR']], [[1, 'BL'], [2, 'BL']]]
HIT 1281 3.0 [[[0, 'TL'], [2, 'TL']], [[0, 'TR'], [2, 'TR']], [[0, 'BL'], [1, 'TL']], [[0, 'BR'], [1, 'BL']], [[1, 'TR'], [1, 'BR']], [[2, 'BL'], [2, 'BR']]]
HIT 1287 3.0 [[[0, 'TL'], [2, 'TL']], [[0, 'TR'], [2, 'TR']], [[0, 'BL'], [1, 'TR']], [[0, 'BR'], [1, 'BR']], [[1, 'TL'], [1, 'BL']], [[2, 'BL'], [2, 'BR']]]
HIT 1288 3.0 [[[0, 'TL'], [2, 'TL']], [[0, 'TR'], [2, 'TR']], [[0, 'BL'], [1, 'BL']], [[0, 'BR'], [1, 'TL']], [[1, 'TR'], [1, 'BR']], [[2, 'BL'], [2, 'BR']]]
HIT 1294 3.0 [[[0, 'TL'], [2, 'TL']], [[0, 'TR'], [2, 'TR']], [[0, 'BL'], [1, 'BR']], [[0, 'BR'], [1, 'TR']], [[1, 'TL'], [1, 'BL']], [[2, 'BL'], [2, 'BR']]]
HIT 1345 3.0 [[[0, 'TL'], [2, 'TR']], [[0, 'TR'], [0, 'BR']], [[0, 'BL'], [1, 'TL']], [[1, 'TR'], [2, 'TL']], [[1, 'BL'], [1, 'BR']], [[2, 'BL'], [2, 'BR']]]
HIT 1349 3.0 [[[0, 'TL'], [2, 'TR']], [[0, 'TR'], [0, 'BR']], [[0, 'BL'], [1, 'TR']], [[1, 'TL'], [2, 'TL']], [[1, 'BL'], [1, 'BR']], [[2, 'BL'], [2, 'BR']]]
HIT 1352 3.0 [[[0, 'TL'], [2, 'TR']], [[0, 'TR'], [0, 'BR']], [[0, 'BL'], [1, 'BL']], [[1, 'TL'], [1, 'TR']], [[1, 'BR'], [2, 'TL']], [[2, 'BL'], [2, 'BR']]]
HIT 1356 3.0 [[[0, 'TL'], [2, 'TR']], [[0, 'TR'], [0, 'BR']], [[0, 'BL'], [1, 'BR']], [[1, 'TL'], [1, 'TR']], [[1, 'BL'], [2, 'TL']], [[2, 'BL'], [2, 'BR']]]
HIT 1360 3.0 [[[0, 'TL'], [2, 'TR']], [[0, 'TR'], [0, 'BR']], [[0, 'BL'], [2, 'TL']], [[1, 'TL'], [1, 'TR']], [[1, 'BL'], [2, 'BL']], [[1, 'BR'], [2, 'BR']]]
HIT 1361 3.0 [[[0, 'TL'], [2, 'TR']], [[0, 'TR'], [0, 'BR']], [[0, 'BL'], [2, 'TL']], [[1, 'TL'], [1, 'TR']], [[1, 'BL'], [2, 'BR']], [[1, 'BR'], [2, 'BL']]]
HIT 1365 3.0 [[[0, 'TL'], [2, 'TR']], [[0, 'TR'], [0, 'BR']], [[0, 'BL'], [2, 'TL']], [[1, 'TL'], [2, 'BL']], [[1, 'TR'], [2, 'BR']], [[1, 'BL'], [1, 'BR']]]
HIT 1367 3.0 [[[0, 'TL'], [2, 'TR']], [[0, 'TR'], [0, 'BR']], [[0, 'BL'], [2, 'TL']], [[1, 'TL'], [2, 'BR']], [[1, 'TR'], [2, 'BL']], [[1, 'BL'], [1, 'BR']]]
HIT 1368 3.0 [[[0, 'TL'], [2, 'TR']], [[0, 'TR'], [1, 'TL']], [[0, 'BL'], [0, 'BR']], [[1, 'TR'], [1, 'BR']], [[1, 'BL'], [2, 'TL']], [[2, 'BL'], [2, 'BR']]]
HIT 1380 3.0 [[[0, 'TL'], [2, 'TR']], [[0, 'TR'], [1, 'TL']], [[0, 'BL'], [2, 'TL']], [[0, 'BR'], [1, 'TR']], [[1, 'BL'], [1, 'BR']], [[2, 'BL'], [2, 'BR']]]
HIT 1392 3.0 [[[0, 'TL'], [2, 'TR']], [[0, 'TR'], [1, 'TR']], [[0, 'BL'], [0, 'BR']], [[1, 'TL'], [1, 'BL']], [[1, 'BR'], [2, 'TL']], [[2, 'BL'], [2, 'BR']]]
HIT 1404 3.0 [[[0, 'TL'], [2, 'TR']], [[0, 'TR'], [1, 'TR']], [[0, 'BL'], [2, 'TL']], [[0, 'BR'], [1, 'TL']], [[1, 'BL'], [1, 'BR']], [[2, 'BL'], [2, 'BR']]]
HIT 1417 3.0 [[[0, 'TL'], [2, 'TR']], [[0, 'TR'], [1, 'BL']], [[0, 'BL'], [0, 'BR']], [[1, 'TL'], [2, 'TL']], [[1, 'TR'], [1, 'BR']], [[2, 'BL'], [2, 'BR']]]
HIT 1431 3.0 [[[0, 'TL'], [2, 'TR']], [[0, 'TR'], [1, 'BL']], [[0, 'BL'], [2, 'TL']], [[0, 'BR'], [1, 'BR']], [[1, 'TL'], [1, 'TR']], [[2, 'BL'], [2, 'BR']]]
HIT 1441 3.0 [[[0, 'TL'], [2, 'TR']], [[0, 'TR'], [1, 'BR']], [[0, 'BL'], [0, 'BR']], [[1, 'TL'], [1, 'BL']], [[1, 'TR'], [2, 'TL']], [[2, 'BL'], [2, 'BR']]]
HIT 1455 3.0 [[[0, 'TL'], [2, 'TR']], [[0, 'TR'], [1, 'BR']], [[0, 'BL'], [2, 'TL']], [[0, 'BR'], [1, 'BL']], [[1, 'TL'], [1, 'TR']], [[2, 'BL'], [2, 'BR']]]
HIT 1466 3.0 [[[0, 'TL'], [2, 'TR']], [[0, 'TR'], [2, 'TL']], [[0, 'BL'], [0, 'BR']], [[1, 'TL'], [1, 'BL']], [[1, 'TR'], [2, 'BL']], [[1, 'BR'], [2, 'BR']]]
HIT 1467 3.0 [[[0, 'TL'], [2, 'TR']], [[0, 'TR'], [2, 'TL']], [[0, 'BL'], [0, 'BR']], [[1, 'TL'], [1, 'BL']], [[1, 'TR'], [2, 'BR']], [[1, 'BR'], [2, 'BL']]]
HIT 1468 3.0 [[[0, 'TL'], [2, 'TR']], [[0, 'TR'], [2, 'TL']], [[0, 'BL'], [0, 'BR']], [[1, 'TL'], [2, 'BL']], [[1, 'TR'], [1, 'BR']], [[1, 'BL'], [2, 'BR']]]
HIT 1470 3.0 [[[0, 'TL'], [2, 'TR']], [[0, 'TR'], [2, 'TL']], [[0, 'BL'], [0, 'BR']], [[1, 'TL'], [2, 'BR']], [[1, 'TR'], [1, 'BR']], [[1, 'BL'], [2, 'BL']]]
HIT 1473 3.0 [[[0, 'TL'], [2, 'TR']], [[0, 'TR'], [2, 'TL']], [[0, 'BL'], [1, 'TL']], [[0, 'BR'], [1, 'BL']], [[1, 'TR'], [1, 'BR']], [[2, 'BL'], [2, 'BR']]]
HIT 1479 3.0 [[[0, 'TL'], [2, 'TR']], [[0, 'TR'], [2, 'TL']], [[0, 'BL'], [1, 'TR']], [[0, 'BR'], [1, 'BR']], [[1, 'TL'], [1, 'BL']], [[2, 'BL'], [2, 'BR']]]
HIT 1480 3.0 [[[0, 'TL'], [2, 'TR']], [[0, 'TR'], [2, 'TL']], [[0, 'BL'], [1, 'BL']], [[0, 'BR'], [1, 'TL']], [[1, 'TR'], [1, 'BR']], [[2, 'BL'], [2, 'BR']]]
HIT 1486 3.0 [[[0, 'TL'], [2, 'TR']], [[0, 'TR'], [2, 'TL']], [[0, 'BL'], [1, 'BR']], [[0, 'BR'], [1, 'TR']], [[1, 'TL'], [1, 'BL']], [[2, 'BL'], [2, 'BR']]]
HIT 1539 3.0 [[[0, 'TL'], [2, 'BL']], [[0, 'TR'], [0, 'BR']], [[0, 'BL'], [1, 'TL']], [[1, 'TR'], [2, 'BR']], [[1, 'BL'], [1, 'BR']], [[2, 'TL'], [2, 'TR']]]
HIT 1543 3.0 [[[0, 'TL'], [2, 'BL']], [[0, 'TR'], [0, 'BR']], [[0, 'BL'], [1, 'TR']], [[1, 'TL'], [2, 'BR']], [[1, 'BL'], [1, 'BR']], [[2, 'TL'], [2, 'TR']]]
HIT 1544 3.0 [[[0, 'TL'], [2, 'BL']], [[0, 'TR'], [0, 'BR']], [[0, 'BL'], [1, 'BL']], [[1, 'TL'], [1, 'TR']], [[1, 'BR'], [2, 'BR']], [[2, 'TL'], [2, 'TR']]]
HIT 1548 3.0 [[[0, 'TL'], [2, 'BL']], [[0, 'TR'], [0, 'BR']], [[0, 'BL'], [1, 'BR']], [[1, 'TL'], [1, 'TR']], [[1, 'BL'], [2, 'BR']], [[2, 'TL'], [2, 'TR']]]
HIT 1552 3.0 [[[0, 'TL'], [2, 'BL']], [[0, 'TR'], [0, 'BR']], [[0, 'BL'], [2, 'BR']], [[1, 'TL'], [1, 'TR']], [[1, 'BL'], [2, 'TL']], [[1, 'BR'], [2, 'TR']]]
HIT 1553 3.0 [[[0, 'TL'], [2, 'BL']], [[0, 'TR'], [0, 'BR']], [[0, 'BL'], [2, 'BR']], [[1, 'TL'], [1, 'TR']], [[1, 'BL'], [2, 'TR']], [[1, 'BR'], [2, 'TL']]]
HIT 1557 3.0 [[[0, 'TL'], [2, 'BL']], [[0, 'TR'], [0, 'BR']], [[0, 'BL'], [2, 'BR']], [[1, 'TL'], [2, 'TL']], [[1, 'TR'], [2, 'TR']], [[1, 'BL'], [1, 'BR']]]
HIT 1559 3.0 [[[0, 'TL'], [2, 'BL']], [[0, 'TR'], [0, 'BR']], [[0, 'BL'], [2, 'BR']], [[1, 'TL'], [2, 'TR']], [[1, 'TR'], [2, 'TL']], [[1, 'BL'], [1, 'BR']]]
HIT 1560 3.0 [[[0, 'TL'], [2, 'BL']], [[0, 'TR'], [1, 'TL']], [[0, 'BL'], [0, 'BR']], [[1, 'TR'], [1, 'BR']], [[1, 'BL'], [2, 'BR']], [[2, 'TL'], [2, 'TR']]]
HIT 1580 3.0 [[[0, 'TL'], [2, 'BL']], [[0, 'TR'], [1, 'TL']], [[0, 'BL'], [2, 'BR']], [[0, 'BR'], [1, 'TR']], [[1, 'BL'], [1, 'BR']], [[2, 'TL'], [2, 'TR']]]
HIT 1584 3.0 [[[0, 'TL'], [2, 'BL']], [[0, 'TR'], [1, 'TR']], [[0, 'BL'], [0, 'BR']], [[1, 'TL'], [1, 'BL']], [[1, 'BR'], [2, 'BR']], [[2, 'TL'], [2, 'TR']]]
HIT 1604 3.0 [[[0, 'TL'], [2, 'BL']], [[0, 'TR'], [1, 'TR']], [[0, 'BL'], [2, 'BR']], [[0, 'BR'], [1, 'TL']], [[1, 'BL'], [1, 'BR']], [[2, 'TL'], [2, 'TR']]]
HIT 1611 3.0 [[[0, 'TL'], [2, 'BL']], [[0, 'TR'], [1, 'BL']], [[0, 'BL'], [0, 'BR']], [[1, 'TL'], [2, 'BR']], [[1, 'TR'], [1, 'BR']], [[2, 'TL'], [2, 'TR']]]
HIT 1631 3.0 [[[0, 'TL'], [2, 'BL']], [[0, 'TR'], [1, 'BL']], [[0, 'BL'], [2, 'BR']], [[0, 'BR'], [1, 'BR']], [[1, 'TL'], [1, 'TR']], [[2, 'TL'], [2, 'TR']]]
HIT 1633 3.0 [[[0, 'TL'], [2, 'BL']], [[0, 'TR'], [1, 'BR']], [[0, 'BL'], [0, 'BR']], [[1, 'TL'], [1, 'BL']], [[1, 'TR'], [2, 'BR']], [[2, 'TL'], [2, 'TR']]]
HIT 1655 3.0 [[[0, 'TL'], [2, 'BL']], [[0, 'TR'], [1, 'BR']], [[0, 'BL'], [2, 'BR']], [[0, 'BR'], [1, 'BL']], [[1, 'TL'], [1, 'TR']], [[2, 'TL'], [2, 'TR']]]
HIT 1706 3.0 [[[0, 'TL'], [2, 'BL']], [[0, 'TR'], [2, 'BR']], [[0, 'BL'], [0, 'BR']], [[1, 'TL'], [1, 'BL']], [[1, 'TR'], [2, 'TL']], [[1, 'BR'], [2, 'TR']]]
HIT 1707 3.0 [[[0, 'TL'], [2, 'BL']], [[0, 'TR'], [2, 'BR']], [[0, 'BL'], [0, 'BR']], [[1, 'TL'], [1, 'BL']], [[1, 'TR'], [2, 'TR']], [[1, 'BR'], [2, 'TL']]]
HIT 1708 3.0 [[[0, 'TL'], [2, 'BL']], [[0, 'TR'], [2, 'BR']], [[0, 'BL'], [0, 'BR']], [[1, 'TL'], [2, 'TL']], [[1, 'TR'], [1, 'BR']], [[1, 'BL'], [2, 'TR']]]
HIT 1710 3.0 [[[0, 'TL'], [2, 'BL']], [[0, 'TR'], [2, 'BR']], [[0, 'BL'], [0, 'BR']], [[1, 'TL'], [2, 'TR']], [[1, 'TR'], [1, 'BR']], [[1, 'BL'], [2, 'TL']]]
HIT 1713 3.0 [[[0, 'TL'], [2, 'BL']], [[0, 'TR'], [2, 'BR']], [[0, 'BL'], [1, 'TL']], [[0, 'BR'], [1, 'BL']], [[1, 'TR'], [1, 'BR']], [[2, 'TL'], [2, 'TR']]]
HIT 1719 3.0 [[[0, 'TL'], [2, 'BL']], [[0, 'TR'], [2, 'BR']], [[0, 'BL'], [1, 'TR']], [[0, 'BR'], [1, 'BR']], [[1, 'TL'], [1, 'BL']], [[2, 'TL'], [2, 'TR']]]
HIT 1720 3.0 [[[0, 'TL'], [2, 'BL']], [[0, 'TR'], [2, 'BR']], [[0, 'BL'], [1, 'BL']], [[0, 'BR'], [1, 'TL']], [[1, 'TR'], [1, 'BR']], [[2, 'TL'], [2, 'TR']]]
HIT 1726 3.0 [[[0, 'TL'], [2, 'BL']], [[0, 'TR'], [2, 'BR']], [[0, 'BL'], [1, 'BR']], [[0, 'BR'], [1, 'TR']], [[1, 'TL'], [1, 'BL']], [[2, 'TL'], [2, 'TR']]]
HIT 1731 3.0 [[[0, 'TL'], [2, 'BR']], [[0, 'TR'], [0, 'BR']], [[0, 'BL'], [1, 'TL']], [[1, 'TR'], [2, 'BL']], [[1, 'BL'], [1, 'BR']], [[2, 'TL'], [2, 'TR']]]
HIT 1735 3.0 [[[0, 'TL'], [2, 'BR']], [[0, 'TR'], [0, 'BR']], [[0, 'BL'], [1, 'TR']], [[1, 'TL'], [2, 'BL']], [[1, 'BL'], [1, 'BR']], [[2, 'TL'], [2, 'TR']]]
HIT 1736 3.0 [[[0, 'TL'], [2, 'BR']], [[0, 'TR'], [0, 'BR']], [[0, 'BL'], [1, 'BL']], [[1, 'TL'], [1, 'TR']], [[1, 'BR'], [2, 'BL']], [[2, 'TL'], [2, 'TR']]]
HIT 1740 3.0 [[[0, 'TL'], [2, 'BR']], [[0, 'TR'], [0, 'BR']], [[0, 'BL'], [1, 'BR']], [[1, 'TL'], [1, 'TR']], [[1, 'BL'], [2, 'BL']], [[2, 'TL'], [2, 'TR']]]
HIT 1744 3.0 [[[0, 'TL'], [2, 'BR']], [[0, 'TR'], [0, 'BR']], [[0, 'BL'], [2, 'BL']], [[1, 'TL'], [1, 'TR']], [[1, 'BL'], [2, 'TL']], [[1, 'BR'], [2, 'TR']]]
HIT 1745 3.0 [[[0, 'TL'], [2, 'BR']], [[0, 'TR'], [0, 'BR']], [[0, 'BL'], [2, 'BL']], [[1, 'TL'], [1, 'TR']], [[1, 'BL'], [2, 'TR']], [[1, 'BR'], [2, 'TL']]]
HIT 1749 3.0 [[[0, 'TL'], [2, 'BR']], [[0, 'TR'], [0, 'BR']], [[0, 'BL'], [2, 'BL']], [[1, 'TL'], [2, 'TL']], [[1, 'TR'], [2, 'TR']], [[1, 'BL'], [1, 'BR']]]
HIT 1751 3.0 [[[0, 'TL'], [2, 'BR']], [[0, 'TR'], [0, 'BR']], [[0, 'BL'], [2, 'BL']], [[1, 'TL'], [2, 'TR']], [[1, 'TR'], [2, 'TL']], [[1, 'BL'], [1, 'BR']]]
HIT 1752 3.0 [[[0, 'TL'], [2, 'BR']], [[0, 'TR'], [1, 'TL']], [[0, 'BL'], [0, 'BR']], [[1, 'TR'], [1, 'BR']], [[1, 'BL'], [2, 'BL']], [[2, 'TL'], [2, 'TR']]]
HIT 1772 3.0 [[[0, 'TL'], [2, 'BR']], [[0, 'TR'], [1, 'TL']], [[0, 'BL'], [2, 'BL']], [[0, 'BR'], [1, 'TR']], [[1, 'BL'], [1, 'BR']], [[2, 'TL'], [2, 'TR']]]
HIT 1776 3.0 [[[0, 'TL'], [2, 'BR']], [[0, 'TR'], [1, 'TR']], [[0, 'BL'], [0, 'BR']], [[1, 'TL'], [1, 'BL']], [[1, 'BR'], [2, 'BL']], [[2, 'TL'], [2, 'TR']]]
HIT 1796 3.0 [[[0, 'TL'], [2, 'BR']], [[0, 'TR'], [1, 'TR']], [[0, 'BL'], [2, 'BL']], [[0, 'BR'], [1, 'TL']], [[1, 'BL'], [1, 'BR']], [[2, 'TL'], [2, 'TR']]]
HIT 1803 3.0 [[[0, 'TL'], [2, 'BR']], [[0, 'TR'], [1, 'BL']], [[0, 'BL'], [0, 'BR']], [[1, 'TL'], [2, 'BL']], [[1, 'TR'], [1, 'BR']], [[2, 'TL'], [2, 'TR']]]
HIT 1823 3.0 [[[0, 'TL'], [2, 'BR']], [[0, 'TR'], [1, 'BL']], [[0, 'BL'], [2, 'BL']], [[0, 'BR'], [1, 'BR']], [[1, 'TL'], [1, 'TR']], [[2, 'TL'], [2, 'TR']]]
HIT 1825 3.0 [[[0, 'TL'], [2, 'BR']], [[0, 'TR'], [1, 'BR']], [[0, 'BL'], [0, 'BR']], [[1, 'TL'], [1, 'BL']], [[1, 'TR'], [2, 'BL']], [[2, 'TL'], [2, 'TR']]]
HIT 1847 3.0 [[[0, 'TL'], [2, 'BR']], [[0, 'TR'], [1, 'BR']], [[0, 'BL'], [2, 'BL']], [[0, 'BR'], [1, 'BL']], [[1, 'TL'], [1, 'TR']], [[2, 'TL'], [2, 'TR']]]
HIT 1898 3.0 [[[0, 'TL'], [2, 'BR']], [[0, 'TR'], [2, 'BL']], [[0, 'BL'], [0, 'BR']], [[1, 'TL'], [1, 'BL']], [[1, 'TR'], [2, 'TL']], [[1, 'BR'], [2, 'TR']]]
HIT 1899 3.0 [[[0, 'TL'], [2, 'BR']], [[0, 'TR'], [2, 'BL']], [[0, 'BL'], [0, 'BR']], [[1, 'TL'], [1, 'BL']], [[1, 'TR'], [2, 'TR']], [[1, 'BR'], [2, 'TL']]]
HIT 1900 3.0 [[[0, 'TL'], [2, 'BR']], [[0, 'TR'], [2, 'BL']], [[0, 'BL'], [0, 'BR']], [[1, 'TL'], [2, 'TL']], [[1, 'TR'], [1, 'BR']], [[1, 'BL'], [2, 'TR']]]
HIT 1902 3.0 [[[0, 'TL'], [2, 'BR']], [[0, 'TR'], [2, 'BL']], [[0, 'BL'], [0, 'BR']], [[1, 'TL'], [2, 'TR']], [[1, 'TR'], [1, 'BR']], [[1, 'BL'], [2, 'TL']]]
HIT 1905 3.0 [[[0, 'TL'], [2, 'BR']], [[0, 'TR'], [2, 'BL']], [[0, 'BL'], [1, 'TL']], [[0, 'BR'], [1, 'BL']], [[1, 'TR'], [1, 'BR']], [[2, 'TL'], [2, 'TR']]]
HIT 1911 3.0 [[[0, 'TL'], [2, 'BR']], [[0, 'TR'], [2, 'BL']], [[0, 'BL'], [1, 'TR']], [[0, 'BR'], [1, 'BR']], [[1, 'TL'], [1, 'BL']], [[2, 'TL'], [2, 'TR']]]
HIT 1912 3.0 [[[0, 'TL'], [2, 'BR']], [[0, 'TR'], [2, 'BL']], [[0, 'BL'], [1, 'BL']], [[0, 'BR'], [1, 'TL']], [[1, 'TR'], [1, 'BR']], [[2, 'TL'], [2, 'TR']]]
HIT 1918 3.0 [[[0, 'TL'], [2, 'BR']], [[0, 'TR'], [2, 'BL']], [[0, 'BL'], [1, 'BR']], [[0, 'BR'], [1, 'TR']], [[1, 'TL'], [1, 'BL']], [[2, 'TL'], [2, 'TR']]]
done 120-1920 hits=280
