{
 "sorted_attained_volumes": [
  4,
  6,
  8,
  10,
  12
 ],
 "gaps": [
  2,
  2,
  2,
  2
 ],
 "max_gap": 2,
 "intervals": [
  [
   4,
   6
  ],
  [
   6,
   8
  ],
  [
   8,
   10
  ],
  [
   10,
   12
  ]
 ],
 "all_reflexive": true,
 "all_vol_agree": true,
 "all_palindromic": true
}
P4 Vol= 4 facets= 4 L= (5, 15, 35) h*= [1, 1, 1, 1] uniqInt= True dists= [1, 1, 1, 1]
P6 Vol= 6 facets= 6 L= (6, 20, 49) h*= [1, 2, 2, 1] uniqInt= True dists= [1, 1, 1, 1, 1, 1]
P8 Vol= 8 facets= 8 L= (7, 25, 63) h*= [1, 3, 3, 1] uniqInt= True dists= [1, 1, 1, 1, 1, 1, 1, 1]
P10 Vol= 10 facets= 10 L= (8, 30, 77) h*= [1, 4, 4, 1] uniqInt= True dists= [1, 1, 1, 1, 1, 1, 1, 1, 1, 1]
P12 Vol= 12 facets= 12 L= (9, 35, 91) h*= [1, 5, 5, 1] uniqInt= True dists= [1, 1, 1, 1, 1, 1, 1, 1, 1, 1, 1, 1]
