S(0,1) -> {}
S(0,2) -> {}
S(0,3) -> {}
S(0,4) -> {}
S(0,5) -> {}
S(1,2) -> {}
S(1,3) -> {}
S(1,4) -> {}
S(1,5) -> {}
S(2,3) -> {}
S(2,4) -> {}
S(2,5) -> {}
S(3,4) -> {}
S(3,5) -> {}
S(4,5) -> {}
GB CHECK DONE (0.0s)
HF R/I: [1, 6, 15, 28, 45, 66, 91, 120]
HF R/J: [1, 6, 15, 28, 45, 66, 91, 120]
HF equal: True
HF DONE (0.0s)
MULT DONE (0.0s)
[I] K(1,1): 6x6
[I] rank K(1,1)=6 (0.0s)
[I] K(1,2): 15x36
[I] rank K(1,2)=15 (0.0s)
[I] K(1,3): 28x90
[I] rank K(1,3)=28 (0.0s)
[I] K(1,4): 45x168
[I] rank K(1,4)=45 (0.0s)
[I] K(1,5): 66x270
[I] rank K(1,5)=66 (0.0s)
[I] K(1,6): 91x396
[I] rank K(1,6)=91 (0.0s)
[I] K(1,7): 120x546
[I] rank K(1,7)=120 (0.0s)
[I] K(2,2): 36x15
[I] rank K(2,2)=15 (0.0s)
[I] K(2,3): 90x90
[I] rank K(2,3)=62 (0.0s)
[I] K(2,4): 168x225
[I] rank K(2,4)=123 (0.0s)
[I] K(2,5): 270x420
[I] rank K(2,5)=204 (0.0s)
[I] K(2,6): 396x675
[I] rank K(2,6)=305 (0.1s)
[I] K(2,7): 546x990
[I] rank K(2,7)=426 (0.1s)
[I] K(3,3): 90x20
[I] rank K(3,3)=20 (0.1s)
[I] K(3,4): 225x120
[I] rank K(3,4)=102 (0.1s)
[I] K(3,5): 420x300
[I] rank K(3,5)=216 (0.1s)
[I] K(3,6): 675x560
[I] rank K(3,6)=370 (0.2s)
[I] K(3,7): 990x900
[I] rank K(3,7)=564 (0.2s)
[I] K(4,4): 120x15
[I] rank K(4,4)=15 (0.2s)
[I] K(4,5): 300x90
[I] rank K(4,5)=84 (0.2s)
[I] K(4,6): 560x225
[I] rank K(4,6)=190 (0.2s)
[I] K(4,7): 900x420
[I] rank K(4,7)=336 (0.3s)
[I] K(5,5): 90x6
[I] rank K(5,5)=6 (0.3s)
[I] K(5,6): 225x36
[I] rank K(5,6)=35 (0.3s)
[I] K(5,7): 420x90
[I] rank K(5,7)=84 (0.3s)
[J] K(1,1): 6x6
[J] rank K(1,1)=6 (0.3s)
[J] K(1,2): 15x36
[J] rank K(1,2)=15 (0.3s)
[J] K(1,3): 28x90
[J] rank K(1,3)=28 (0.3s)
[J] K(1,4): 45x168
[J] rank K(1,4)=45 (0.3s)
[J] K(1,5): 66x270
[J] rank K(1,5)=66 (0.3s)
[J] K(1,6): 91x396
[J] rank K(1,6)=91 (0.3s)
[J] K(1,7): 120x546
[J] rank K(1,7)=120 (0.3s)
[J] K(2,2): 36x15
[J] rank K(2,2)=15 (0.3s)
[J] K(2,3): 90x90
[J] rank K(2,3)=62 (0.3s)
[J] K(2,4): 168x225
[J] rank K(2,4)=123 (0.3s)
[J] K(2,5): 270x420
[J] rank K(2,5)=204 (0.3s)
[J] K(2,6): 396x675
[J] rank K(2,6)=305 (0.3s)
[J] K(2,7): 546x990
[J] rank K(2,7)=426 (0.4s)
[J] K(3,3): 90x20
[J] rank K(3,3)=20 (0.4s)
[J] K(3,4): 225x120
[J] rank K(3,4)=102 (0.4s)
[J] K(3,5): 420x300
[J] rank K(3,5)=216 (0.4s)
[J] K(3,6): 675x560
[J] rank K(3,6)=370 (0.4s)
[J] K(3,7): 990x900
[J] rank K(3,7)=564 (0.5s)
[J] K(4,4): 120x15
[J] rank K(4,4)=15 (0.5s)
[J] K(4,5): 300x90
[J] rank K(4,5)=84 (0.5s)
[J] K(4,6): 560x225
[J] rank K(4,6)=190 (0.5s)
[J] K(4,7): 900x420
[J] rank K(4,7)=336 (0.5s)
[J] K(5,5): 90x6
[J] rank K(5,5)=6 (0.5s)
[J] K(5,6): 225x36
[J] rank K(5,6)=35 (0.5s)
[J] K(5,7): 420x90
[J] rank K(5,7)=84 (0.5s)
i=0 I: [(0, 1)] J: [(0, 1)]
i=1 I: [(2, 6)] J: [(2, 6)]
i=2 I: [(3, 8)] J: [(3, 8)]
i=3 I: [(4, 3)] J: [(4, 3)]
i=4 I: [] J: []
Euler checks passed
Betti(I)==Betti(J): True 
CASE A DONE
