[B] GB check passed (3 S-pairs -> 0)
[B] HF R/I: [1, 5, 12, 22, 35, 51, 70] (0.0s)
[B] HF R/J: [1, 5, 12, 22, 35, 51, 70]
[B] mult tables built (0.0s)
[B] rank K_1,1 done (0.0s)
[B] rank K_1,2 done (0.0s)
[B] rank K_1,3 done (0.0s)
[B] rank K_1,4 done (0.0s)
[B] rank K_1,5 done (0.0s)
[B] rank K_2,2 done (0.0s)
[B] rank K_2,3 done (0.0s)
[B] rank K_2,4 done (0.0s)
[B] rank K_2,5 done (0.0s)
[B] rank K_3,3 done (0.0s)
[B] rank K_3,4 done (0.0s)
[B] rank K_3,5 done (0.0s)
[B] rank K_4,4 done (0.0s)
[B] rank K_4,5 done (0.0s)
[B] rank K_1,1 done (0.0s)
[B] rank K_1,2 done (0.0s)
[B] rank K_1,3 done (0.0s)
[B] rank K_1,4 done (0.0s)
[B] rank K_1,5 done (0.0s)
[B] rank K_2,2 done (0.0s)
[B] rank K_2,3 done (0.0s)
[B] rank K_2,4 done (0.0s)
[B] rank K_2,5 done (0.0s)
[B] rank K_3,3 done (0.0s)
[B] rank K_3,4 done (0.0s)
[B] rank K_3,5 done (0.0s)
[B] rank K_4,4 done (0.0s)
[B] rank K_4,5 done (0.0s)
[B] i=0 I: [(0, 1)] J: [(0, 1)]
[B] i=1 I: [(2, 3)] J: [(2, 3)]
[B] i=2 I: [(3, 2)] J: [(3, 2)]
[B] i=3 I: [] J: []
[B] Euler checks passed for I and J
[B] Betti(I)==Betti(J): True
RESULT B equal: True
ALL DONE
