== 1324 marginals: [1, 1, 2, 6, 23, 103, 513, 2762, 15793, 94776, 591950, 3824112, 25431452]
  anchor len 4 OK (23)
  anchor len 5 OK (103)
  anchor len 6 OK (513)
  anchor len 7 OK (2762)
  anchor len 8 OK (15793)
  anchor len 9 OK (94776)
  anchor len 10 OK (591950)
  anchor len 11 OK (3824112)
  transfer identities m=0..11 OK for 1324
  -- SW residuals 1324: n, a(n), a(n)^(1/n), ratio
      1         1 1.000000 -
      2         2 1.414214 2.000000
      3         6 1.817121 3.000000
      4        23 2.189939 3.833333
      5       103 2.526780 4.478261
      6       513 2.829347 4.980583
      7      2762 3.101726 5.384016
      8     15793 3.348174 5.717958
      9     94776 3.572453 6.001140
     10    591950 3.777709 6.245780
     11   3824112 3.966540 6.460194
     12  25431452 4.141086 6.650290
== 1342 marginals: [1, 1, 2, 6, 23, 103, 512, 2740, 15485, 91245, 555662, 3475090, 22214707]
  anchor len 4 OK (23)
  anchor len 5 OK (103)
  anchor len 6 OK (512)
  anchor len 7 OK (2740)
  anchor len 8 OK (15485)
  anchor len 9 OK (91245)
  anchor len 10 OK (555662)
  anchor len 11 OK (3475090)
  transfer identities m=0..11 OK for 1342
  -- SW residuals 1342: n, a(n), a(n)^(1/n), ratio
      1         1 1.000000 -
      2         2 1.414214 2.000000
      3         6 1.817121 3.000000
      4        23 2.189939 3.833333
      5       103 2.526780 4.478261
      6       512 2.828427 4.970874
      7      2740 3.098184 5.351562
      8     15485 3.339942 5.651460
      9     91245 3.557413 5.892477
     10    555662 3.753886 6.089780
     11   3475090 3.932179 6.253964
     12  22214707 4.094681 6.392556
== joint marginals: [1, 1, 2, 6, 22, 90, 394, 1806, 8558, 41586, 206098, 1037718, 5293446]
  anchor len 4 OK (22)
  anchor len 5 OK (90)
  anchor len 6 OK (394)
  anchor len 7 OK (1806)
  anchor len 8 OK (8558)
  anchor len 9 OK (41586)
  anchor len 10 OK (206098)
  anchor len 11 OK (1037718)
  anchor len 12 OK (5293446)
  transfer identities m=0..11 OK for joint
  cross-count profile agreement OK (68 cells)
  cross-count transfer agreement OK (277 cells)
  -- SW residuals joint: n, a(n), a(n)^(1/n), ratio
      1         1 1.000000 -
      2         2 1.414214 2.000000
      3         6 1.817121 3.000000
      4        22 2.165737 3.666667
      5        90 2.459509 4.090909
      6       394 2.707589 4.377778
      7      1806 2.919076 4.583756
      8      8558 3.101320 4.738649
      9     41586 3.259991 4.859313
     10    206098 3.399440 4.955947
     11   1037718 3.523030 5.035071
     12   5293446 3.633386 5.101045
VERIFY: ALL-OK
