PASS W1 sign sqrt(2)
PASS W1 sturm sqrt(2)
PASS W2 shape sqrt(2)
PASS W2 E1-all-N sqrt(2)
PASS W2 E2-stride1 sqrt(2)
PASS W3 link-stride1 sqrt(2)
PASS W4 errbound-all sqrt(2)
PASS W4 theta-contain sqrt(2)
PASS W4 argmin sqrt(2)
PASS W5 counts sqrt(2)
PASS W5 stats sqrt(2)
PASS W5 Bmax sqrt(2)
PASS W6 quad sqrt(2)
PASS W1 sign sqrt(3)
PASS W1 sturm sqrt(3)
PASS W2 shape sqrt(3)
PASS W2 E1-all-N sqrt(3)
PASS W2 E2-stride1 sqrt(3)
PASS W3 link-stride1 sqrt(3)
PASS W4 errbound-all sqrt(3)
PASS W4 theta-contain sqrt(3)
PASS W4 argmin sqrt(3)
PASS W5 counts sqrt(3)
PASS W5 stats sqrt(3)
PASS W5 Bmax sqrt(3)
PASS W6 quad sqrt(3)
PASS W1 sign phi
PASS W1 sturm phi
PASS W2 shape phi
PASS W2 E1-all-N phi
PASS W2 E2-stride1 phi
PASS W3 link-stride1 phi
PASS W4 errbound-all phi
PASS W4 theta-contain phi
PASS W4 argmin phi
PASS W5 counts phi
PASS W5 stats phi
PASS W5 Bmax phi
PASS W6 quad phi
PASS W1 sign sqrt(7)
PASS W1 sturm sqrt(7)
PASS W2 shape sqrt(7)
PASS W2 E1-all-N sqrt(7)
PASS W2 E2-stride1 sqrt(7)
PASS W3 link-stride1 sqrt(7)
PASS W4 errbound-all sqrt(7)
PASS W4 theta-contain sqrt(7)
PASS W4 argmin sqrt(7)
PASS W5 counts sqrt(7)
PASS W5 stats sqrt(7)
PASS W5 Bmax sqrt(7)
PASS W6 quad sqrt(7)
PASS W1 sign plastic
PASS W1 sturm plastic
PASS W2 shape plastic
PASS W2 E1-all-N plastic
PASS W2 E2-stride53 plastic
PASS W3 link-stride53 plastic
PASS W4 errbound-all plastic
PASS W4 theta-contain plastic
PASS W4 argmin plastic
PASS W5 counts plastic
PASS W5 stats plastic
PASS W5 Bmax plastic
PASS W1 sign tribonacci
PASS W1 sturm tribonacci
PASS W2 shape tribonacci
PASS W2 E1-all-N tribonacci
PASS W2 E2-stride53 tribonacci
PASS W3 link-stride53 tribonacci
PASS W4 errbound-all tribonacci
PASS W4 theta-contain tribonacci
PASS W4 argmin tribonacci
PASS W5 counts tribonacci
PASS W5 stats tribonacci
PASS W5 Bmax tribonacci
PASS W1 sign r7
PASS W1 sturm r7
PASS W2 shape r7
PASS W2 E1-all-N r7
PASS W2 E2-stride53 r7
PASS W3 link-stride53 r7
PASS W4 errbound-all r7
PASS W4 theta-contain r7
PASS W4 argmin r7
PASS W5 counts r7
PASS W5 stats r7
PASS W5 Bmax r7
PASS W1 sign cbrt(2)
PASS W1 sturm cbrt(2)
PASS W2 shape cbrt(2)
PASS W2 E1-all-N cbrt(2)
PASS W2 E2-stride53 cbrt(2)
PASS W3 link-stride53 cbrt(2)
PASS W4 errbound-all cbrt(2)
PASS W4 theta-contain cbrt(2)
PASS W4 argmin cbrt(2)
PASS W5 counts cbrt(2)
PASS W5 stats cbrt(2)
PASS W5 Bmax cbrt(2)
PASS W1 sign rho9
PASS W1 sturm rho9
PASS W2 shape rho9
PASS W2 E1-all-N rho9
PASS W2 E2-stride53 rho9
PASS W3 link-stride53 rho9
PASS W4 errbound-all rho9
PASS W4 theta-contain rho9
PASS W4 argmin rho9
PASS W5 counts rho9
PASS W5 stats rho9
PASS W5 Bmax rho9
PASS W7 extremal
PASS W7 positive
VERIFY_OK
