F_1: degree 1, nterms 1
   max coeff bit-length 1, coeffs head [1, 0] ... tail [1, 0]
F_2: degree 2, nterms 2
   max coeff bit-length 1, coeffs head [1, 1, 0] ... tail [1, 1, 0]
F_3: degree 4, nterms 4
   max coeff bit-length 2, coeffs head [1, 2, 1] ... tail [1, 1, 0]
F_4: degree 8, nterms 8
   max coeff bit-length 3, coeffs head [1, 4, 6] ... tail [1, 1, 0]
F_5: degree 16, nterms 16
   max coeff bit-length 7, coeffs head [1, 8, 28] ... tail [1, 1, 0]
F_6: degree 32, nterms 32
   max coeff bit-length 16, coeffs head [1, 16, 120] ... tail [1, 1, 0]
F_7: degree 64, nterms 64
   max coeff bit-length 35, coeffs head [1, 32, 496] ... tail [1, 1, 0]

n=1, proper divisors []
=> P_1: degree 1, max coeff bits 1

n=2, proper divisors [1]
  div by P_1 (deg 1): quotient deg 1, remainder Poly(0, c, domain='ZZ') (is_zero=True)
=> P_2: degree 1, max coeff bits 1

n=3, proper divisors [1]
  div by P_1 (deg 1): quotient deg 3, remainder Poly(0, c, domain='ZZ') (is_zero=True)
=> P_3: degree 3, max coeff bits 2

n=4, proper divisors [1, 2]
  div by P_1 (deg 1): quotient deg 7, remainder Poly(0, c, domain='ZZ') (is_zero=True)
  div by P_2 (deg 1): quotient deg 6, remainder Poly(0, c, domain='ZZ') (is_zero=True)
=> P_4: degree 6, max coeff bits 2

n=5, proper divisors [1]
  div by P_1 (deg 1): quotient deg 15, remainder Poly(0, c, domain='ZZ') (is_zero=True)
=> P_5: degree 15, max coeff bits 7

n=6, proper divisors [1, 2, 3]
  div by P_1 (deg 1): quotient deg 31, remainder Poly(0, c, domain='ZZ') (is_zero=True)
  div by P_2 (deg 1): quotient deg 30, remainder Poly(0, c, domain='ZZ') (is_zero=True)
  div by P_3 (deg 3): quotient deg 27, remainder Poly(0, c, domain='ZZ') (is_zero=True)
=> P_6: degree 27, max coeff bits 13

n=7, proper divisors [1]
  div by P_1 (deg 1): quotient deg 63, remainder Poly(0, c, domain='ZZ') (is_zero=True)
=> P_7: degree 63, max coeff bits 35
check n=4: prod deg 8, F deg 8, equal=True
check n=6: prod deg 32, F deg 32, equal=True
saved polys.json

P_4 = c**6 + 3*c**5 + 3*c**4 + 3*c**3 + 2*c**2 + 1

P_5 = c**15 + 8*c**14 + 28*c**13 + 60*c**12 + 94*c**11 + 116*c**10 + 114*c**9 + 94*c**8 + 69*c**7 + 44*c**6 + 26*c**5 + 14*c**4 + 5*c**3 + 2*c**2 + c + 1

P_6 = c**27 + 13*c**26 + 78*c**25 + 293*c**24 + 792*c**23 + 1672*c**22 + 2892*c**21 + 4219*c**20 + 5313*c**19 + 5892*c**18 + 5843*c**17 + 5258*c**16 + 4346*c**15 + 3310*c**14 + 2331*c**13 + 1525*c**12 + 927*c**11 + 536*c**10 + 298*c**9 + 155*c**8 + 76*c**7 + 35*c**6 + 17*c**5 + 7*c**4 + 3*c**3 + c**2 - c + 1

P_7 = c**63 + 32*c**62 + 496*c**61 + 4976*c**60 + 36440*c**59 + 208336*c**58 + 971272*c**57 + 3807704*c**56 + 12843980*c**55 + 37945904*c**54 + 99582920*c**53 + 234813592*c**52 + 502196500*c**51 + 981900168*c**50 + 1766948340*c**49 + 2943492972*c**48 + 4562339774*c**47 + 6609143792*c**46 + 8984070856*c**45 + 11500901864*c**44 + 13910043524*c**43 + 15941684776*c**42 + 17357937708*c**41 + 17999433372*c**40 + 17813777994*c**39 + 16859410792*c**38 + 15286065700*c**37 + 13299362332*c**36 + 11120136162*c**35 + 8948546308*c**34 + 6939692682*c**33 + 5193067630*c**32 + 3754272037*c**31 + 2625062128*c**30 + 1777171560*c**29 + 1166067016*c**28 + 742179284*c**27 + 458591432*c**26 + 275276716*c**25 + 160617860*c**24 + 91143114*c**23 + 50323496*c**22 + 27049196*c**21 + 14162220*c**20 + 7228014*c**19 + 3598964*c**18 + 1749654*c**17 + 831014*c**16 + 385741*c**15 + 175048*c**14 + 77684*c**13 + 33708*c**12 + 14290*c**11 + 5916*c**10 + 2398*c**9 + 950*c**8 + 365*c**7 + 132*c**6 + 42*c**5 + 14*c**4 + 5*c**3 + 2*c**2 + c + 1
