
=== P_4 ===
 factor time 0.001s: const 1, numfactors 1
  factor deg 6 mult 1
   disc time 0.014s: 58673
   bits 16, sign +

=== P_5 ===
 factor time 0.002s: const 1, numfactors 1
  factor deg 15 mult 1
   disc time 0.002s: 319210993681318817
   bits 59, sign +

=== P_6 ===
 factor time 0.006s: const 1, numfactors 1
  factor deg 27 mult 1
   disc time 0.004s: -1041479942838787424502668691138595310951
   bits 130, sign -

=== P_7 ===
 factor time 0.028s: const 1, numfactors 1
  factor deg 63 mult 1
   disc time 0.011s: -153520438551539200635009419307199073882244641478128015821165293535598058722242376398611282776948544829749027404671
   bits 376, sign -

=== P7 disc already? check ===

=== GCD coprimality ===
 gcd(P_4,P_1) = 1 deg 0 (expect 1)
 gcd(P_4,P_2) = 1 deg 0 (expect 1)
 gcd(P_5,P_1) = 1 deg 0 (expect 1)
 gcd(P_6,P_1) = 1 deg 0 (expect 1)
 gcd(P_6,P_2) = 1 deg 0 (expect 1)
 gcd(P_6,P_3) = 1 deg 0 (expect 1)
 gcd(P_7,P_1) = 1 deg 0 (expect 1)
 P_4(0)=1, P_4(-1)=1, P_4(-2)=1
 P_5(0)=1, P_5(-1)=1, P_5(-2)=-1
 P_6(0)=1, P_6(-1)=1, P_6(-2)=-1
 P_7(0)=1, P_7(-1)=1, P_7(-2)=-1

=== sign changes ===
 P_4 I0: P(a) sign 1, P(b) sign -1, product -1 OK
 P_4 I1: P(a) sign -1, P(b) sign 1, product -1 OK
 P_5 I0: P(a) sign -1, P(b) sign 1, product -1 OK
 P_5 I1: P(a) sign 1, P(b) sign -1, product -1 OK
 P_5 I2: P(a) sign -1, P(b) sign 1, product -1 OK
 P_6 I0: P(a) sign -1, P(b) sign 1, product -1 OK
 P_6 I1: P(a) sign 1, P(b) sign -1, product -1 OK
 P_6 I2: P(a) sign -1, P(b) sign 1, product -1 OK
 P_6 I3: P(a) sign 1, P(b) sign -1, product -1 OK
 P_6 I4: P(a) sign -1, P(b) sign 1, product -1 OK
 P_7 I0: P(a) sign -1, P(b) sign 1, product -1 OK
 P_7 I1: P(a) sign 1, P(b) sign -1, product -1 OK
 P_7 I2: P(a) sign -1, P(b) sign 1, product -1 OK
 P_7 I3: P(a) sign 1, P(b) sign -1, product -1 OK
 P_7 I4: P(a) sign -1, P(b) sign 1, product -1 OK
 P_7 I5: P(a) sign 1, P(b) sign -1, product -1 OK
 P_7 I6: P(a) sign -1, P(b) sign 1, product -1 OK
 P_7 I7: P(a) sign 1, P(b) sign -1, product -1 OK
 P_7 I8: P(a) sign -1, P(b) sign 1, product -1 OK
