INDEPENDENT VERIFIER lane-61
stdlib-only, exact Fraction arithmetic, no sympy
TOL_RES=1e-6, WIDTH=1e-10, MIN_SEP=0.01

--- n=4 expect 2 intervals, got 2 ---
 widths/disjointness OK (max w=5.82e-11)
 I0: signchange OK, |Fn(mid)|=1.35e-11, |Pn(mid)|=7.37e-12, word=-++, min|x|=1.393 OK
 I1: signchange OK, |Fn(mid)|=2.12e-11, |Pn(mid)|=5.20e-11, word=-+-, min|x|=0.407 OK

--- n=5 expect 3 intervals, got 3 ---
 widths/disjointness OK (max w=5.82e-11)
 I0: signchange OK, |Fn(mid)|=1.78e-09, |Pn(mid)|=8.99e-10, word=-+++, min|x|=1.409 OK
 I1: signchange OK, |Fn(mid)|=2.39e-10, |Pn(mid)|=1.29e-10, word=-++-, min|x|=0.705 OK
 I2: signchange OK, |Fn(mid)|=2.52e-12, |Pn(mid)|=1.55e-12, word=-+--, min|x|=0.592 OK

--- n=6 expect 5 intervals, got 5 ---
 widths/disjointness OK (max w=5.82e-11)
 I0: signchange OK, |Fn(mid)|=1.10e-08, |Pn(mid)|=5.63e-09, word=-++++, min|x|=1.413 OK
 I1: signchange OK, |Fn(mid)|=2.16e-09, |Pn(mid)|=1.35e-09, word=-+++-, min|x|=0.751 OK
 I2: signchange OK, |Fn(mid)|=1.07e-09, |Pn(mid)|=1.09e-09, word=-++--, min|x|=0.725 OK
 I3: signchange OK, |Fn(mid)|=5.67e-11, |Pn(mid)|=7.01e-10, word=-++-+, min|x|=0.105 OK
 I4: signchange OK, |Fn(mid)|=1.35e-10, |Pn(mid)|=2.89e-10, word=-+---, min|x|=0.511 OK

--- n=7 expect 9 intervals, got 9 ---
 widths/disjointness OK (max w=5.82e-11)
 I0: signchange OK, |Fn(mid)|=1.79e-08, |Pn(mid)|=8.96e-09, word=-+++++, min|x|=1.414 OK
 I1: signchange OK, |Fn(mid)|=8.89e-09, |Pn(mid)|=4.46e-09, word=-++++-, min|x|=0.762 OK
 I2: signchange OK, |Fn(mid)|=8.83e-09, |Pn(mid)|=4.47e-09, word=-+++--, min|x|=0.756 OK
 I3: signchange OK, |Fn(mid)|=3.69e-09, |Pn(mid)|=1.89e-09, word=-+++-+, min|x|=0.351 OK
 I4: signchange OK, |Fn(mid)|=3.41e-09, |Pn(mid)|=1.77e-09, word=-++--+, min|x|=0.326 OK
 I5: signchange OK, |Fn(mid)|=7.27e-10, |Pn(mid)|=3.86e-10, word=-++---, min|x|=0.715 OK
 I6: signchange OK, |Fn(mid)|=1.71e-09, |Pn(mid)|=9.32e-10, word=-++-+-, min|x|=0.494 OK
 I7: signchange OK, |Fn(mid)|=9.04e-10, |Pn(mid)|=5.40e-10, word=-+--+-, min|x|=0.401 OK
 I8: signchange OK, |Fn(mid)|=4.32e-10, |Pn(mid)|=2.74e-10, word=-+----, min|x|=0.566 OK

--- witness (period 7, I8) ---
 witness midpoint -1.574889139767038 orbit replay OK, residual 4.32e-10
 witness kneading -+---- matches census: True
 witness minpoly deg 63 monic const1 OK
 witness discriminant -153520438551539200635009419307199073882244641478128015821165293535598058722242376398611282776948544829749027404671 (376-bit, negative)

ALL CHECKS PASSED
