A1 s1*s1i=id: True  s1i*s1=id: True
A2 s2*s2i=id: True  s2i*s2=id: True
A3 braid s1s2s1=s2s1s2 in Aut(F3): True
B1 closure permutation: (1, 2, 0) knot(3-cycle): True
B2 r0=x0x2X0X2x1x2x0X2X0X0 len=10
B2 r1=x0x2X0X1 len=4
B2 r2=X2X1x2x0X2x1 len=6
B3 writhe= 0 (<=4 crossings => crossing number <=4)
C1 check r1==x0 x2 X0 X1: True
C1 subst: x1= x0x2X0  X1= x0X2X0
C1 r1 with subst: 1
C1 r1-subst empty: True
C2 s0= x0x2X0X2x0x2X0x2x0X2X0X0 len= 12
C3 s2= X2x0X2X0x2x0X2x0x2X0 len= 10
C4 expsum rows: (-1, 1) (1, -1)
D1 d(s0)/dx0 = 1t^0+-3t^1+1t^2
D2 d(s2)/dx0 = -1t^-2+3t^-1+-1t^0
D3 gcd (monic) = ['1', '-3', '1'] degree 2
D4 equals t^2-3t+1: True
E1 abelian relation matrix: [[-1, 1, 0], [0, -1, 1], [1, 0, -1]]
E2 H1(complement): rank=1 inv=[1, 1] => Z
E3 H1(+1 filling): free=0 inv=[1, 1, 1] => 0 INTEGRAL HOMOLOGY SPHERE
CERTIFICATE COMPLETE
