======================================================================
P4-simplex verts= [(1, 0, 0), (0, 1, 0), (0, 0, 1), (-1, -1, -1)]
 facet ds: [1, 1, 1, 1] reflexive: True npts: 5 interior: [(0, 0, 0)]
 vol(origin-fan)= 4 vol(vertex-fan)= 4
 dual verts: [(1, 1, 1), (1, 1, -3), (1, -3, 1), (-3, 1, 1)]
 dual vol(origin)= 64 dual vol(vertex)= 64 dual refl: True
 Mahler (normalized) = 256
======================================================================
P6-bipyr-tri verts= [(1, 0, 0), (0, 1, 0), (-1, -1, 0), (0, 0, 1), (0, 0, -1)]
 facet ds: [1, 1, 1, 1, 1, 1] reflexive: True npts: 6 interior: [(0, 0, 0)]
 vol(origin-fan)= 6 vol(vertex-fan)= 6
 dual verts: [(1, 1, 1), (1, 1, -1), (1, -2, 1), (1, -2, -1), (-2, 1, 1), (-2, 1, -1)]
 dual vol(origin)= 54 dual vol(vertex)= 54 dual refl: True
 Mahler (normalized) = 324
======================================================================
P8-bipyr-dia verts= [(1, 0, 0), (0, 1, 0), (-1, 0, 0), (0, -1, 0), (0, 0, 1), (0, 0, -1)]
 facet ds: [1, 1, 1, 1, 1, 1, 1, 1] reflexive: True npts: 7 interior: [(0, 0, 0)]
 vol(origin-fan)= 8 vol(vertex-fan)= 8
 dual verts: [(1, 1, 1), (1, 1, -1), (1, -1, 1), (1, -1, -1), (-1, 1, 1), (-1, 1, -1), (-1, -1, 1), (-1, -1, -1)]
 dual vol(origin)= 48 dual vol(vertex)= 48 dual refl: True
 Mahler (normalized) = 384
======================================================================
P10-bipyr-pent verts= [(1, 0, 0), (0, 1, 0), (-1, 0, 0), (-1, -1, 0), (0, -1, 0), (0, 0, 1), (0, 0, -1)]
 facet ds: [1, 1, 1, 1, 1, 1, 1, 1, 1, 1] reflexive: True npts: 8 interior: [(0, 0, 0)]
 vol(origin-fan)= 10 vol(vertex-fan)= 10
 dual verts: [(1, 1, 1), (1, 1, -1), (1, -1, 1), (1, -1, -1), (-1, 1, 1), (-1, 1, -1), (-1, 0, 1), (-1, 0, -1), (0, -1, 1), (0, -1, -1)]
 dual vol(origin)= 42 dual vol(vertex)= 42 dual refl: True
 Mahler (normalized) = 420
======================================================================
P12-bipyr-hex verts= [(1, 0, 0), (1, 1, 0), (0, 1, 0), (-1, 0, 0), (-1, -1, 0), (0, -1, 0), (0, 0, 1), (0, 0, -1)]
 facet ds: [1, 1, 1, 1, 1, 1, 1, 1, 1, 1, 1, 1] reflexive: True npts: 9 interior: [(0, 0, 0)]
 vol(origin-fan)= 12 vol(vertex-fan)= 12
 dual verts: [(1, 0, 1), (1, 0, -1), (1, -1, 1), (1, -1, -1), (0, 1, 1), (0, 1, -1), (-1, 1, 1), (-1, 1, -1), (-1, 0, 1), (-1, 0, -1), (0, -1, 1), (0, -1, -1)]
 dual vol(origin)= 36 dual vol(vertex)= 36 dual refl: True
 Mahler (normalized) = 432
