PASS D1 == 30207 == 3*10069 = 30207
PASS D1 cubefree = {3: 1, 10069: 1}
PASS factor D1 = {3:1, 10069:1} = {3: 1, 10069: 1}
PASS l prime = 10069
PASS l % 9 == 7 = 7
PASS k == -394183950768 = -394183950768
PASS |k| factors 2^4*3^5*10069^2 = {2: 4, 3: 5, 10069: 2}
PASS discriminant < 0 (u=1 in BK (2.5)) = -67124586402605828645203968
PASS 432*N^2 not a rational cube (E(Q)[3]=0) = 394183950768
PASS w(D1) == +1 = n mod 9 = 3, w3 = -1, no p|n with p%3==2 except none
PASS 3 non-residue mod l (Euler) = 5363
PASS pi0 | l in Z[zeta] = -92+15r
PASS (3/l)_3 != 1  [Eisenstein] = zeta2
PASS (zeta/pi)_3 == zeta^2 [Lem 7 input] = zeta2
PASS (pi/pi')_3 == 1 [Evans trick input] = 1
PASS t == (12l)^2 = 14599405584
PASS container dim <= 4 (JMSh Thm 3.15/4.14) = <zeta^2, 9, pi^2, 9l^2> over F3
PASS 9l^2-bar IN Selmer (Cassels: image of (0,12l)) = (0,120828)
PASS zeta^2-bar OUT at pi (JMSh 4.6(b), l%9==7) = v_pi(4*144 l^2) not 0 mod 6
PASS 13-subgroup elimination -> dim S_phi(E_t/K) <= 2 [(2.12)] = (3/pi)_3 = zeta2 != 1 drives all 13 exclusions
PASS parity: dim S_phi odd (w=+1, 3-parity, Lemma 2.1) = odd and <= 2
PASS dim S_phi == 1  =>  S_3(E/Q) == 0 [(2.11), R even, torsion quotient dim 1] = S_3 = 0
PASS rank E(Q) == 0 [(1.6)] => D1 not a sum of two rational cubes = rank 0
SEL_BOUND=0
VERIFY_OK
