RS n=2 exactTotalD=2
  hash sound: 2 groups == exact D; equality checked
  exact per-length LB=1
  EXACT opt=1 witness=[0] cover=OK nodes=1 proved=True
RS n=4 exactTotalD=7
  hash sound: 7 groups == exact D; equality checked
  exact per-length LB=2
  EXACT opt=2 witness=[2, 3] cover=OK nodes=1 proved=True
RS n=8 exactTotalD=23
  hash sound: 23 groups == exact D; equality checked
  exact per-length LB=2
  EXACT opt=2 witness=[0, 3] cover=OK nodes=1 proved=True
RS n=16 exactTotalD=101
  hash sound: 101 groups == exact D; equality checked
  exact per-length LB=3
  EXACT opt=4 witness=[3, 7, 11, 13] cover=OK nodes=11 proved=True
RS n=32 exactTotalD=418
  hash sound: 418 groups == exact D; equality checked
  exact per-length LB=4
  EXACT opt=5 witness=[4, 10, 15, 21, 25] cover=OK nodes=22 proved=True
RS n=64 exactTotalD=1730
  hash sound: 1730 groups == exact D; equality checked
  exact per-length LB=6
  EXACT opt=8 witness=[16, 24, 28, 35, 41, 47, 51, 55] cover=OK nodes=940 proved=True
RS n=128 exactTotalD=7008
  hash sound: 7008 groups == exact D; equality checked
  exact per-length LB=8
  BOUND UB=12 set cover=OK disjLB=7
RS n=256 exactTotalD=28128
  hash sound: 28128 groups == exact D; equality checked
  exact per-length LB=8
  BOUND UB=13 set cover=OK disjLB=7
RS n=512 exactTotalD=112608
  hash sound: 112608 groups == exact D; equality checked
  exact per-length LB=8
  BOUND UB=15 set cover=OK disjLB=7
RS n=1024 exactTotalD=450528
  hash sound: 450528 groups == exact D; equality checked
  exact per-length LB=8
  BOUND UB=16 set cover=OK disjLB=9
PF n=2 exactTotalD=2
  hash sound: 2 groups == exact D; equality checked
  exact per-length LB=1
  EXACT opt=1 witness=[0] cover=OK nodes=1 proved=True
PF n=4 exactTotalD=8
  hash sound: 8 groups == exact D; equality checked
  exact per-length LB=2
  EXACT opt=2 witness=[1, 2] cover=OK nodes=1 proved=True
PF n=8 exactTotalD=26
  hash sound: 26 groups == exact D; equality checked
  exact per-length LB=2
  EXACT opt=2 witness=[3, 5] cover=OK nodes=1 proved=True
PF n=16 exactTotalD=100
  hash sound: 100 groups == exact D; equality checked
  exact per-length LB=3
  EXACT opt=3 witness=[2, 7, 11] cover=OK nodes=1 proved=True
PF n=32 exactTotalD=407
  hash sound: 407 groups == exact D; equality checked
  exact per-length LB=4
  EXACT opt=4 witness=[7, 11, 17, 23] cover=OK nodes=55 proved=True
PF n=64 exactTotalD=1631
  hash sound: 1631 groups == exact D; equality checked
  exact per-length LB=4
  EXACT opt=5 witness=[15, 23, 35, 43, 49] cover=OK nodes=489 proved=True
PF n=128 exactTotalD=6479
  hash sound: 6479 groups == exact D; equality checked
  exact per-length LB=4
  BOUND UB=7 set cover=OK disjLB=4
PF n=256 exactTotalD=25775
  hash sound: 25775 groups == exact D; equality checked
  exact per-length LB=4
  BOUND UB=8 set cover=OK disjLB=4
PF n=512 exactTotalD=102767
  hash sound: 102767 groups == exact D; equality checked
  exact per-length LB=4
  BOUND UB=10 set cover=OK disjLB=4
PF n=1024 exactTotalD=410351
  hash sound: 410351 groups == exact D; equality checked
  exact per-length LB=4
  BOUND UB=9 set cover=OK disjLB=4
