== lane-67 replay: monotone-triangle ASM census ==
n=1: backtrack=1 dp=1 mrr=1 bareiss=1 gauss=1 dodgson=1 expected=1 sha256=4355a46b19d348dc... wall=0.00s [OK]
n=2: backtrack=2 dp=2 mrr=2 bareiss=2 gauss=2 dodgson=2 expected=2 sha256=59e2852b84e5da0d... wall=0.00s [OK]
n=3: backtrack=7 dp=7 mrr=7 bareiss=7 gauss=7 dodgson=7 expected=7 sha256=859ee71940497e67... wall=0.00s [OK]
n=4: backtrack=42 dp=42 mrr=42 bareiss=42 gauss=42 dodgson=42 expected=42 sha256=d621d43431b7d0a2... wall=0.00s [OK]
n=5: backtrack=429 dp=429 mrr=429 bareiss=429 gauss=429 dodgson=429 expected=429 sha256=1b9e482b9074a46c... wall=0.00s [OK]
n=6: backtrack=7436 dp=7436 mrr=7436 bareiss=7436 gauss=7436 dodgson=7436 expected=7436 sha256=95f2d3731ba7db1d... wall=0.03s [OK]
n=7: backtrack=218348 dp=218348 mrr=218348 bareiss=218348 gauss=218348 dodgson=218348 expected=218348 sha256=72c68def5a757434... wall=0.90s [OK]
== MT->ASM bijection ==
n=1: triangles=1 bad=0 distinct_asms=1 [OK]
n=2: triangles=2 bad=0 distinct_asms=2 [OK]
n=3: triangles=7 bad=0 distinct_asms=7 [OK]
n=4: triangles=42 bad=0 distinct_asms=42 [OK]
n=5: triangles=429 bad=0 distinct_asms=429 [OK]
n=6: triangles=7436 bad=0 distinct_asms=7436 [OK]
n=7: triangles=218348 bad=0 distinct_asms=218348 [OK]
== height distributions ==
n=1: min=1 max=1 distinct_heights=1 count=1 [OK]
  table: [(1, 1)]
n=2: min=4 max=5 distinct_heights=2 count=2 [OK]
  table: [(4, 1), (5, 1)]
n=3: min=10 max=14 distinct_heights=5 count=7 [OK]
  table: [(10, 1), (11, 2), (12, 1), (13, 2), (14, 1)]
n=4: min=20 max=30 distinct_heights=11 count=42 [OK]
  table: [(20, 1), (21, 3), (22, 3), (23, 5), (24, 6), (25, 6), (26, 6), (27, 5), (28, 3), (29, 3), (30, 1)]
n=5: min=35 max=55 distinct_heights=21 count=429 [OK]
  table: [(35, 1), (36, 4), (37, 6), (38, 10), (39, 16), (40, 20), (41, 27), (42, 34), (43, 37), (44, 40), (45, 39), (46, 40), (47, 37), (48, 34), (49, 27), (50, 20), (51, 16), (52, 10), (53, 6), (54, 4), (55, 1)]
n=6: min=56 max=91 distinct_heights=36 count=7436 [OK]
  table: [(56, 1), (57, 5), (58, 10), (59, 18), (60, 33), (61, 49), (62, 74), (63, 107), (64, 144), (65, 189), (66, 236), (67, 283), (68, 331), (69, 381), (70, 421), (71, 456), (72, 484), (73, 496), (74, 496), (75, 484), (76, 456), (77, 421), (78, 381), (79, 331), (80, 283), (81, 236), (82, 189), (83, 144), (84, 107), (85, 74), (86, 49), (87, 33), (88, 18), (89, 10), (90, 5), (91, 1)]
  max witness (H=91):
    [6]
    [5, 6]
    [4, 5, 6]
    [3, 4, 5, 6]
    [2, 3, 4, 5, 6]
    [1, 2, 3, 4, 5, 6]
  witness ASM valid: True; ASM rows:
    [1, 0, 0, 0, 0, 0]
    [0, 1, 0, 0, 0, 0]
    [0, 0, 1, 0, 0, 0]
    [0, 0, 0, 1, 0, 0]
    [0, 0, 0, 0, 1, 0]
    [0, 0, 0, 0, 0, 1]
n=7: min=84 max=140 distinct_heights=57 count=218348 [OK]
  table: [(84, 1), (85, 6), (86, 15), (87, 30), (88, 60), (89, 102), (90, 167), (91, 266), (92, 399), (93, 580), (94, 819), (95, 1116), (96, 1485), (97, 1920), (98, 2427), (99, 3008), (100, 3667), (101, 4382), (102, 5143), (103, 5946), (104, 6753), (105, 7550), (106, 8306), (107, 8980), (108, 9572), (109, 10058), (110, 10418), (111, 10638), (112, 10720), (113, 10638), (114, 10418), (115, 10058), (116, 9572), (117, 8980), (118, 8306), (119, 7550), (120, 6753), (121, 5946), (122, 5143), (123, 4382), (124, 3667), (125, 3008), (126, 2427), (127, 1920), (128, 1485), (129, 1116), (130, 819), (131, 580), (132, 399), (133, 266), (134, 167), (135, 102), (136, 60), (137, 30), (138, 15), (139, 6), (140, 1)]
  max witness (H=140):
    [7]
    [6, 7]
    [5, 6, 7]
    [4, 5, 6, 7]
    [3, 4, 5, 6, 7]
    [2, 3, 4, 5, 6, 7]
    [1, 2, 3, 4, 5, 6, 7]
  witness ASM valid: True; ASM rows:
    [1, 0, 0, 0, 0, 0, 0]
    [0, 1, 0, 0, 0, 0, 0]
    [0, 0, 1, 0, 0, 0, 0]
    [0, 0, 0, 1, 0, 0, 0]
    [0, 0, 0, 0, 1, 0, 0]
    [0, 0, 0, 0, 0, 1, 0]
    [0, 0, 0, 0, 0, 0, 1]
== total wall 6.1s: ALL CHECKS PASSED ==
