base primes: count=223 max=1409 sqrtN=1414
base primes list: [2, 3, 5, 7, 11, 13, 17, 19, 23, 29, 31, 37, 41, 43, 47, 53, 59, 61, 67, 71, 73, 79, 83, 89, 97, 101, 103, 107, 109, 113, 127, 131, 137, 139, 149, 151, 157, 163, 167, 173, 179, 181, 191, 193, 197, 199, 211, 223, 227, 229, 233, 239, 241, 251, 257, 263, 269, 271, 277, 281, 283, 293, 307, 311, 313, 317, 331, 337, 347, 349, 353, 359, 367, 373, 379, 383, 389, 397, 401, 409, 419, 421, 431, 433, 439, 443, 449, 457, 461, 463, 467, 479, 487, 491, 499, 503, 509, 521, 523, 541, 547, 557, 563, 569, 571, 577, 587, 593, 599, 601, 607, 613, 617, 619, 631, 641, 643, 647, 653, 659, 661, 673, 677, 683, 691, 701, 709, 719, 727, 733, 739, 743, 751, 757, 761, 769, 773, 787, 797, 809, 811, 821, 823, 827, 829, 839, 853, 857, 859, 863, 877, 881, 883, 887, 907, 911, 919, 929, 937, 941, 947, 953, 967, 971, 977, 983, 991, 997, 1009, 1013, 1019, 1021, 1031, 1033, 1039, 1049, 1051, 1061, 1063, 1069, 1087, 1091, 1093, 1097, 1103, 1109, 1117, 1123, 1129, 1151, 1153, 1163, 1171, 1181, 1187, 1193, 1201, 1213, 1217, 1223, 1229, 1231, 1237, 1249, 1259, 1277, 1279, 1283, 1289, 1291, 1297, 1301, 1303, 1307, 1319, 1321, 1327, 1361, 1367, 1373, 1381, 1399, 1409]
segment 1: [2,32769] done
segment 2: [32770,65537] done
segment 3: [65538,98305] done
segment 4: [98306,131073] done
segment 5: [131074,163841] done
segment 6: [163842,196609] done
segment 7: [196610,229377] done
segment 8: [229378,262145] done
segment 9: [262146,294913] done
segment 10: [294914,327681] done
segment 11: [327682,360449] done
segment 12: [360450,393217] done
segment 13: [393218,425985] done
segment 14: [425986,458753] done
segment 15: [458754,491521] done
segment 16: [491522,524289] done
segment 17: [524290,557057] done
segment 18: [557058,589825] done
segment 19: [589826,622593] done
segment 20: [622594,655361] done
segment 21: [655362,688129] done
segment 22: [688130,720897] done
segment 23: [720898,753665] done
segment 24: [753666,786433] done
segment 25: [786434,819201] done
segment 26: [819202,851969] done
segment 27: [851970,884737] done
segment 28: [884738,917505] done
segment 29: [917506,950273] done
segment 30: [950274,983041] done
segment 31: [983042,1015809] done
segment 32: [1015810,1048577] done
segment 33: [1048578,1081345] done
segment 34: [1081346,1114113] done
segment 35: [1114114,1146881] done
segment 36: [1146882,1179649] done
segment 37: [1179650,1212417] done
segment 38: [1212418,1245185] done
segment 39: [1245186,1277953] done
segment 40: [1277954,1310721] done
segment 41: [1310722,1343489] done
segment 42: [1343490,1376257] done
segment 43: [1376258,1409025] done
segment 44: [1409026,1441793] done
segment 45: [1441794,1474561] done
segment 46: [1474562,1507329] done
segment 47: [1507330,1540097] done
segment 48: [1540098,1572865] done
segment 49: [1572866,1605633] done
segment 50: [1605634,1638401] done
segment 51: [1638402,1671169] done
segment 52: [1671170,1703937] done
segment 53: [1703938,1736705] done
segment 54: [1736706,1769473] done
segment 55: [1769474,1802241] done
segment 56: [1802242,1835009] done
segment 57: [1835010,1867777] done
segment 58: [1867778,1900545] done
segment 59: [1900546,1933313] done
segment 60: [1933314,1966081] done
segment 61: [1966082,1998849] done
segment 62: [1998850,2000000] done
total segments: 62
pi(2M)=148933 expected 148933
B01 (0,100000]: n=9592 gmax=72 first=(31397,31469) merit=6.953520 nach=1
B02 (100000,200000]: n=8392 gmax=86 first=(155921,156007) merit=7.192377 nach=1
B03 (200000,300000]: n=8013 gmax=82 first=(265621,265703) merit=6.565344 nach=1
B04 (300000,400000]: n=7863 gmax=112 first=(370261,370373) merit=8.735012 nach=1
B05 (400000,500000]: n=7678 gmax=114 first=(492113,492227) merit=8.697998 nach=1
B06 (500000,600000]: n=7560 gmax=90 first=(576791,576881) merit=6.784652 nach=1
B07 (600000,700000]: n=7445 gmax=98 first=(604073,604171) merit=7.362083 nach=1
B08 (700000,800000]: n=7408 gmax=78 first=(736279,736357) merit=5.773773 nach=3
B09 (800000,900000]: n=7323 gmax=100 first=(838249,838349) merit=7.331878 nach=1
B10 (900000,1000000]: n=7224 gmax=92 first=(927869,927961) merit=6.695464 nach=1
B11 (1000000,1100000]: n=7216 gmax=106 first=(1098847,1098953) merit=7.620542 nach=1
B12 (1100000,1200000]: n=7224 gmax=98 first=(1139993,1140091) merit=7.026836 nach=1
B13 (1200000,1300000]: n=7083 gmax=96 first=(1242643,1242739) merit=6.841139 nach=1
B14 (1300000,1400000]: n=7105 gmax=132 first=(1357201,1357333) merit=9.347823 nach=1
B15 (1400000,1500000]: n=7029 gmax=110 first=(1468277,1468387) merit=7.746697 nach=1
B16 (1500000,1600000]: n=6972 gmax=132 first=(1561919,1562051) merit=9.255737 nach=1
B17 (1600000,1700000]: n=7014 gmax=126 first=(1671781,1671907) merit=8.793111 nach=1
B18 (1700000,1800000]: n=6931 gmax=102 first=(1761187,1761289) merit=7.092446 nach=2
B19 (1800000,1900000]: n=6957 gmax=126 first=(1889831,1889957) merit=8.718518 nach=1
B20 (1900000,2000000]: n=6904 gmax=96 first=(1904311,1904407) merit=6.639174 nach=1
distinct gap values: 61 max gap overall: 132
firstocc gap 1: (2,3) merit=1.442695
firstocc gap 2: (3,5) merit=1.820478
firstocc gap 4: (7,11) merit=2.055593
firstocc gap 6: (23,29) merit=1.913574
firstocc gap 8: (89,97) merit=1.782278
firstocc gap 10: (139,149) merit=2.026558
firstocc gap 12: (199,211) merit=2.267015
firstocc gap 14: (113,127) merit=2.961466
firstocc gap 16: (1831,1847) merit=2.129750
firstocc gap 18: (523,541) merit=2.875592
firstocc gap 20: (887,907) merit=2.946443
firstocc gap 22: (1129,1151) merit=3.129851
firstocc gap 24: (1669,1693) merit=3.234510
firstocc gap 26: (2477,2503) merit=3.327019
firstocc gap 28: (2971,2999) merit=3.501465
firstocc gap 30: (4297,4327) merit=3.586084
firstocc gap 32: (5591,5623) merit=3.708462
firstocc gap 34: (1327,1361) merit=4.728345
firstocc gap 36: (9551,9587) merit=3.928244
firstocc gap 38: (30593,30631) merit=3.679131
firstocc gap 40: (19333,19373) merit=4.052862
firstocc gap 42: (16141,16183) merit=4.334760
firstocc gap 44: (15683,15727) merit=4.554709
firstocc gap 46: (81463,81509) merit=4.067951
firstocc gap 48: (28229,28277) merit=4.683793
firstocc gap 50: (31907,31957) merit=4.821331
firstocc gap 52: (19609,19661) merit=5.261164
firstocc gap 54: (35617,35671) merit=5.152387
firstocc gap 56: (82073,82129) merit=4.949023
firstocc gap 58: (44293,44351) merit=5.421279
firstocc gap 60: (43331,43391) merit=5.619754
firstocc gap 62: (34061,34123) merit=5.941026
firstocc gap 64: (89689,89753) merit=5.612015
firstocc gap 66: (162143,162209) merit=5.501727
firstocc gap 68: (134513,134581) merit=5.758117
firstocc gap 70: (173359,173429) merit=5.802811
firstocc gap 72: (31397,31469) merit=6.953520
firstocc gap 74: (404597,404671) merit=5.731704
firstocc gap 76: (212701,212777) merit=6.195159
firstocc gap 78: (188029,188107) merit=6.422739
firstocc gap 80: (542603,542683) merit=6.058709
firstocc gap 82: (265621,265703) merit=6.565344
firstocc gap 84: (461717,461801) merit=6.440381
firstocc gap 86: (155921,156007) merit=7.192377
firstocc gap 88: (544279,544367) merit=6.663024
firstocc gap 90: (404851,404941) merit=6.970652
firstocc gap 92: (927869,927961) merit=6.695464
firstocc gap 94: (1100977,1101071) merit=6.756898
firstocc gap 96: (360653,360749) merit=7.502537
firstocc gap 98: (604073,604171) merit=7.362083
firstocc gap 100: (396733,396833) merit=7.757339
firstocc gap 102: (1444309,1444411) merit=7.191637
firstocc gap 104: (1388483,1388587) merit=7.353086
firstocc gap 106: (1098847,1098953) merit=7.620542
firstocc gap 110: (1468277,1468387) merit=7.746697
firstocc gap 112: (370261,370373) merit=8.735012
firstocc gap 114: (492113,492227) merit=8.697998
firstocc gap 118: (1349533,1349651) merit=8.359741
firstocc gap 120: (1895359,1895479) merit=8.301672
firstocc gap 126: (1671781,1671907) merit=8.793111
firstocc gap 132: (1357201,1357333) merit=9.347823
global max gap <=2M: 132
MR(2,7,61) certified all 148933 primes in 0.4s
first quadruplet: (5, 7, 11, 13)
window [2,33]: 2*,3*,4,5*,6,7*,8,9,10,11*,12,13*,14,15,16,17*,18,19*,20,21,22,23*,24,25,26,27,28,29*,30,31*,32,33
first sextuplet pat=(0, 4, 6, 10, 12, 16): (7, 11, 13, 17, 19, 23)
first sextuplet pat=(0, 4, 6, 10, 12, 16): (7, 11, 13, 17, 19, 23)
SHA256 gaps.csv: 087446f3feb49ec42bdfdf9436c5e07af7209b647340179d81d13fe07e9dc721
SHA256 block_maxima.csv: e43d17eba27450b7c0d84918815a15ba4e9636dfbc3cbb03f5546574c4e58214
SHA256 first_occurrences.csv: 2a90969ad9bc4a03d7d2c826ca9efade1aeb85ad8395b2d6733fadc6fe9bafa3
SHA256 mr_certificates.json: 108f95b8f7f4c404635e5040bf5879420aef5caafe0ebba2bdf29a5c34718b44
SHA256 constellation.json: 89c259da50e7ae714e92903ceed96659092d255ef057f7c7f22c5d56d2c9ec10
SHA256 sieve.log: 87edc4af7c4ee11bea284d6e1f65655fd28e7f4aff9411554cc2a475d8683490
SHA256 block_achievers.json: ec393e02b7cc5095b6857814cdd171e50104a4eb26f8baca676000b1eb6957d8
total time 0.9s
