Table10 stems: [2, 3, 6, 8, 9, 10, 11, 15, 16, 17, 18, 20, 21, 23, 30, 32, 33, 36, 39, 45, 57, 62, 63, 64, 66, 68, 69, 70, 71, 72, 75, 77, 79, 80, 82, 83, 84, 85, 86, 87, 88, 89, 91, 92, 93, 94, 95]
Table10 gap 45->57, 55 present? False
Table11 stems: [16, 23, 30, 35, 46, 59, 60, 63, 67, 81, 84] 55 present? False
Table3 stems (tight): [0, 1, 2, 3, 6, 7, 8, 9, 11, 14, 15, 16, 17, 18, 19, 20, 22, 23, 24, 25, 26, 27, 29, 30, 31, 32, 33, 34, 35, 36, 37, 38, 41, 46, 54, 66, 82, 86, 91, 93] 55 present? False
--- stem-55 E2/diff/hidden rows (grep '(55') ---
4496: (55, 12, 33)   h71 h5 e0        h1 dg 2
4680: (55, 7, 30)    B6                                      Cτ
4681: (55, 11, 32)   gm            h0 e20 g                  Cτ
4682: (55, 17, 29)   P 2 ∆h1 d0
4683: (55, 23, 28)   P 4i          P 5 h0 d0                 Cτ
5065: (55, 11, 30)   τ 2 gm             ∆h21 d20                    d4 (τ 3 gm)
5066: (55, 20, 29)   τ P 3 d0 e0        P 4 c0 d0                   h1
5067: (55, 7, 30)    B6                 τ h2 gn                     Cτ
5223: (55, 11, 29)       τ 3 gm                         P ∆c0 d0 + τ d20 j          tmf
5224: (55, 20, 28)       τ 2 P 3 d0 e0                  P 5 d0                      tmf
5547: (55, 7, 30)    B6                   h2 gn
5644: (55, 12, 33)   h71 h5 e0                       τ h1 e20 g
5645: (55, 13, 31)   τ 2 h1 e20 g                    ∆h20 d0 e0
5822: (55, 25, 28)   P 4 h20 i            P 6 c0                Cτ
--- Table 1 stem-55 group row ---
426:     55   ·                3           16·3·5·29            b14 ·3
